[2026-08-18 22:28:32] [ROAMLINK] /usrdata/network.ini not found, use default policy 4
[2026-08-18 22:28:32] [ROAMLINK] RBMaster not found at /usrdata/roamlink/RBMaster → NO_PACKAGE
[2026-08-18 22:28:32] [ROAMLINK] probe NO_PACKAGE: RBMaster missing, force SIM
[2026-08-18 22:28:32] [ROAMLINK] RBMaster process not found in /proc
##### PRO type 
[2026-08-18 22:28:32] [LED] state -1 -> 1, send
begin dial 
[2026-08-18 22:28:32] [STATE] (start) -> none
[2026-08-18 22:28:32] [STATE] none -> init
[2026-08-18 22:28:32] [MODEM] Model:   (unknown)
[2026-08-18 22:28:32] [MODEM] FW:      EG25GGBR07A08M2G_OCPU_30.200.30.200
[2026-08-18 22:28:32] [MODEM] SubEd:   (unknown)
[2026-08-18 22:28:32] [MODEM] CFUN:    1 (full)
[2026-08-18 22:28:32] [MODEM] Temp:    40,35,35
[2026-08-18 22:28:32] [STATE] init -> sim_init
[2026-08-18 22:28:32] [STATE] sim_init -> sim_check
[2026-08-18 22:28:32] [STATE] sim_check -> sim_op
[2026-08-18 22:28:32] [INIT] ICCID: (empty)
[2026-08-18 22:28:32] [INIT] IMSI:  (empty)
[2026-08-18 22:28:32] [INIT] IMEI:  867929069681908
[2026-08-18 22:28:32] [INIT] PDP:   +CGDCONT: 1,"IP","internet","0.0.0.0",0,0,0,0
[2026-08-18 22:28:32] [INIT] FW:    EG25GGBR07A08M2G_OCPU_30.200.30.200
[2026-08-18 22:28:32] [INIT] policy=4
[2026-08-18 22:28:32] [INIT] COPS: +COPS: 0,2,"46000",7 (mode=0 auto) | CEREG: +CEREG: 0,1
[2026-08-18 22:28:32] [STATE] sim_op -> reg_check
[2026-08-18 22:28:32] [STATE] reg_check -> cereg_check
[2026-08-18 22:28:32] [CELL] Init: +QENG: "servingcell","NOCONN","LTE","FDD",460,00,D17C148,496,1850,3,5,5,272D,-101,-6,-75,23,18
[2026-08-18 22:28:32] [STATE] cereg_check -> precondition_check
[2026-08-18 22:28:32] [STATE] precondition_check -> pre_start_call
[2026-08-18 22:28:32] [APN] selected: apn="(empty=网络默认)" profile=1 is_oper_select=0 (iccid-match="(none/default)")
[2026-08-18 22:30:12] [HEARTBEAT] CH:SIM | SIM:1 | REG:1 | SRV:2 RAT:LTE DENY:0 | RSRP:-115 RSRQ:-19 SNR:-20 RSSI:-100 | CSQ:3 | Temp:40,35,35 | DownTime:0s | ConsecFail:1
[2026-08-18 22:30:12] [STATE] pre_start_call -> start_call
[2026-08-18 22:30:12] [STATE] start_call -> wait_for_connect
Resetting module...
[2026-08-18 22:31:52] [HEARTBEAT] CH:SIM | SIM:1 | REG:1 | SRV:2 RAT:LTE DENY:0 | RSRP:-115 RSRQ:-19 SNR:-20 RSSI:-100 | CSQ:3 | Temp:40,35,35 | DownTime:0s | ConsecFail:2
[2026-08-18 22:31:52] [OPER] !is_oper_select dial timeout: AT+COPS=0 (back to auto)
[2026-08-18 22:31:52] [STATE] wait_for_connect -> reg_check
[2026-08-18 22:31:52] [STATE] reg_check -> cereg_check
[2026-08-18 22:31:52] [CELL] Init: +QENG: "servingcell","NOCONN","LTE","FDD",460,00,D17C148,496,1850,3,5,5,272D,-101,-6,-75,23,18
[2026-08-18 22:31:52] [STATE] cereg_check -> precondition_check
[2026-08-18 22:31:52] [STATE] precondition_check -> pre_start_call
[2026-08-18 22:31:52] [APN] selected: apn="(empty=网络默认)" profile=1 is_oper_select=0 (iccid-match="(none/default)")
[2026-08-18 22:31:52] [STATE] pre_start_call -> start_call
[2026-08-18 22:31:52] [STATE] start_call -> wait_for_connect
[2026-08-18 22:33:32] [HEARTBEAT] Ping failed 3 consecutive times, fault timer started
[2026-08-18 22:33:32] [HEARTBEAT] CH:SIM | SIM:1 | REG:1 | SRV:2 RAT:LTE DENY:0 | RSRP:-115 RSRQ:-19 SNR:-20 RSSI:-100 | CSQ:3 | Temp:40,35,35 | DownTime:0s | ConsecFail:3
[2026-08-18 22:33:32] [DIAG] RSRP:-101 RSRQ:-6 | Cell:D17C148 | +CGPADDR: 1,"10.1.2.3" | +QTEMP: 40,35,35 | +CEER: 0,-1 | +CGACT: 1,1
[2026-08-18 22:33:32] [OPER] !is_oper_select dial timeout: AT+COPS=0 (back to auto)
[2026-08-18 22:33:32] [STATE] wait_for_connect -> reg_check
[2026-08-18 22:33:32] [STATE] reg_check -> cereg_check
[2026-08-18 22:33:32] [CELL] Init: +QENG: "servingcell","NOCONN","LTE","FDD",460,00,D17C148,496,1850,3,5,5,272D,-101,-6,-75,23,18
[2026-08-18 22:33:32] [STATE] cereg_check -> precondition_check
[2026-08-18 22:33:32] [STATE] precondition_check -> pre_start_call
[2026-08-18 22:33:32] [APN] selected: apn="(empty=网络默认)" profile=1 is_oper_select=0 (iccid-match="(none/default)")
[2026-08-18 22:33:32] [STATE] pre_start_call -> start_call
[2026-08-18 22:35:12] [HEARTBEAT] CH:SIM | SIM:1 | REG:1 | SRV:2 RAT:LTE DENY:0 | RSRP:-115 RSRQ:-19 SNR:-20 RSSI:-100 | CSQ:3 | Temp:40,35,35 | DownTime:100s | ConsecFail:4
[2026-08-18 22:35:12] [STATE] start_call -> wait_for_connect
Resetting module...
[2026-08-18 22:36:52] [HEARTBEAT] CH:SIM | SIM:1 | REG:1 | SRV:2 RAT:LTE DENY:0 | RSRP:-115 RSRQ:-19 SNR:-20 RSSI:-100 | CSQ:3 | Temp:40,35,35 | DownTime:200s | ConsecFail:5
[2026-08-18 22:36:52] [OPER] !is_oper_select dial timeout: AT+COPS=0 (back to auto)
[2026-08-18 22:36:52] [STATE] wait_for_connect -> reg_check
[2026-08-18 22:36:52] [STATE] reg_check -> cereg_check
[2026-08-18 22:36:52] [CELL] Init: +QENG: "servingcell","NOCONN","LTE","FDD",460,00,D17C148,496,1850,3,5,5,272D,-101,-6,-75,23,18
[2026-08-18 22:36:52] [STATE] cereg_check -> precondition_check
[2026-08-18 22:36:52] [STATE] precondition_check -> pre_start_call
[2026-08-18 22:36:52] [APN] selected: apn="(empty=网络默认)" profile=1 is_oper_select=0 (iccid-match="(none/default)")
[2026-08-18 22:36:52] [STATE] pre_start_call -> start_call
[2026-08-18 22:36:52] [STATE] start_call -> wait_for_connect
[2026-08-18 22:38:32] [HEARTBEAT] CH:SIM | SIM:1 | REG:1 | SRV:2 RAT:LTE DENY:0 | RSRP:-115 RSRQ:-19 SNR:-20 RSSI:-100 | CSQ:3 | Temp:40,35,35 | DownTime:300s | ConsecFail:6
[2026-08-18 22:38:32] [OPER] !is_oper_select dial timeout: AT+COPS=0 (back to auto)
[2026-08-18 22:38:32] [STATE] wait_for_connect -> reg_check
[2026-08-18 22:38:32] [STATE] reg_check -> cereg_check
[2026-08-18 22:38:32] [CELL] Init: +QENG: "servingcell","NOCONN","LTE","FDD",460,00,D17C148,496,1850,3,5,5,272D,-101,-6,-75,23,18
[2026-08-18 22:38:32] [STATE] cereg_check -> precondition_check
[2026-08-18 22:38:32] [STATE] precondition_check -> pre_start_call
[2026-08-18 22:38:32] [APN] selected: apn="(empty=网络默认)" profile=1 is_oper_select=0 (iccid-match="(none/default)")
[2026-08-18 22:38:32] [STATE] pre_start_call -> start_call
[2026-08-18 22:38:32] [STATE] start_call -> wait_for_connect
[2026-08-18 22:40:12] [HEARTBEAT] CH:SIM | SIM:1 | REG:1 | SRV:2 RAT:LTE DENY:0 | RSRP:-115 RSRQ:-19 SNR:-20 RSSI:-100 | CSQ:3 | Temp:40,35,35 | DownTime:400s | ConsecFail:7
Resetting module...
[2026-08-18 22:40:12] [OPER] !is_oper_select dial timeout: AT+COPS=0 (back to auto)
[2026-08-18 22:40:12] [STATE] wait_for_connect -> reg_check
[2026-08-18 22:40:12] [STATE] reg_check -> cereg_check
[2026-08-18 22:40:12] [CELL] Init: +QENG: "servingcell","NOCONN","LTE","FDD",460,00,D17C148,496,1850,3,5,5,272D,-101,-6,-75,23,18
[2026-08-18 22:40:12] [STATE] cereg_check -> precondition_check
[2026-08-18 22:40:12] [STATE] precondition_check -> pre_start_call
[2026-08-18 22:40:12] [APN] selected: apn="(empty=网络默认)" profile=1 is_oper_select=0 (iccid-match="(none/default)")
[2026-08-18 22:40:12] [STATE] pre_start_call -> start_call
[2026-08-18 22:41:52] [HEARTBEAT] CH:SIM | SIM:1 | REG:1 | SRV:2 RAT:LTE DENY:0 | RSRP:-115 RSRQ:-19 SNR:-20 RSSI:-100 | CSQ:3 | Temp:40,35,35 | DownTime:500s | ConsecFail:8
[2026-08-18 22:41:52] [STATE] start_call -> wait_for_connect
[2026-08-18 22:43:32] [HEARTBEAT] CH:SIM | SIM:1 | REG:1 | SRV:2 RAT:LTE DENY:0 | RSRP:-115 RSRQ:-19 SNR:-20 RSSI:-100 | CSQ:3 | Temp:40,35,35 | DownTime:600s | ConsecFail:9
[2026-08-18 22:43:32] [OPER] !is_oper_select dial timeout: AT+COPS=0 (back to auto)
[2026-08-18 22:43:32] [STATE] wait_for_connect -> reg_check
[2026-08-18 22:43:32] [STATE] reg_check -> cereg_check
[2026-08-18 22:43:32] [CELL] Init: +QENG: "servingcell","NOCONN","LTE","FDD",460,00,D17C148,496,1850,3,5,5,272D,-101,-6,-75,23,18
[2026-08-18 22:43:32] [STATE] cereg_check -> precondition_check
[2026-08-18 22:43:32] [STATE] precondition_check -> pre_start_call
[2026-08-18 22:43:32] [APN] selected: apn="(empty=网络默认)" profile=1 is_oper_select=0 (iccid-match="(none/default)")
[2026-08-18 22:43:32] [STATE] pre_start_call -> start_call
[2026-08-18 22:43:32] [STATE] start_call -> wait_for_connect
