[2026-08-18 22:28:16] [ROAMLINK] /usrdata/network.ini not found, use default policy 4
[2026-08-18 22:28:16] [ROAMLINK] RBMaster not found at /usrdata/roamlink/RBMaster → NO_PACKAGE
[2026-08-18 22:28:16] [ROAMLINK] probe NO_PACKAGE: RBMaster missing, force SIM
[2026-08-18 22:28:16] [ROAMLINK] RBMaster process not found in /proc
##### PRO type 
[2026-08-18 22:28:16] [LED] state -1 -> 1, send
[2026-08-18 22:28:16] [LED] state 1 -> 2, send
network has connected 
network has connected 
network has connected 
network has connected 
network has connected 
network has connected 
network has connected 
network has connected 
network has connected 
network has connected 
network has connected 
network has connected 
network has connected 
network has connected 
network has connected 
network has connected 
begin dial 
[2026-08-18 22:40:46] [LED] state 2 -> 1, send
[2026-08-18 22:40:46] [CELL CHANGE] init -> D17C148 | +QENG: "servingcell","NOCONN","LTE","FDD",460,00,D17C148,496,1850,3,5,5,272D,-101,-6,-75,23,18
[2026-08-18 22:40:46] [HEARTBEAT] CH:SIM | SIM:0 | REG:0 | SRV:N/A RAT:N/A DENY:N/A | RSRP:N/A RSRQ:N/A SNR:N/A RSSI:N/A | CSQ:18 | Temp:40,35,35 | DownTime:0s | ConsecFail:1 | OPER:N/A | cereg=1 | cellid=D17C148 pci=496 tac=272D rsrp=-101dBm rsrq=-6dB | ifname=(none) | ip=0.0.0.0 | rx_packets=0
[2026-08-18 22:40:46] [STATE] (start) -> none
[2026-08-18 22:40:46] [STATE] none -> init
[2026-08-18 22:40:46] [MODEM] Model:   (unknown)
[2026-08-18 22:40:46] [MODEM] FW:      EG25GGBR07A08M2G_OCPU_30.200.30.200
[2026-08-18 22:40:46] [MODEM] SubEd:   (unknown)
[2026-08-18 22:40:46] [MODEM] CFUN:    1 (full)
[2026-08-18 22:40:46] [MODEM] Temp:    40,35,35
[2026-08-18 22:40:46] [STATE] init -> sim_init
[2026-08-18 22:40:46] [STATE] sim_init -> sim_check
[2026-08-18 22:40:46] [STATE] sim_check -> sim_op
[2026-08-18 22:40:46] [INIT] ICCID: (empty)
[2026-08-18 22:40:46] [INIT] IMSI:  (empty)
[2026-08-18 22:40:46] [INIT] IMEI:  867929069681908
[2026-08-18 22:40:46] [INIT] PDP:   +CGDCONT: 1,"IP","internet","0.0.0.0",0,0,0,0
[2026-08-18 22:40:46] [INIT] FW:    EG25GGBR07A08M2G_OCPU_30.200.30.200
[2026-08-18 22:40:46] [INIT] policy=4
[2026-08-18 22:40:46] [INIT] COPS: +COPS: 0,2,"46000",7 (mode=0 auto) | CEREG: +CEREG: 0,1
[2026-08-18 22:40:46] [STATE] sim_op -> reg_check
[2026-08-18 22:40:46] [STATE] reg_check -> cereg_check
[2026-08-18 22:40:46] [CELL] Init: +QENG: "servingcell","NOCONN","LTE","FDD",460,00,D17C148,496,1850,3,5,5,272D,-101,-6,-75,23,18
[2026-08-18 22:40:46] [STATE] cereg_check -> precondition_check
[2026-08-18 22:40:46] [STATE] precondition_check -> pre_start_call
[2026-08-18 22:40:46] [APN] selected: apn="(empty=网络默认)" profile=1 is_oper_select=0 (iccid-match="(none/default)")
[2026-08-18 22:40:46] [STATE] pre_start_call -> start_call
[2026-08-18 22:40:46] [STATE] start_call -> wait_for_connect
Resetting module...
[2026-08-18 22:43:16] [HEARTBEAT] CH:SIM | SIM:1 | REG:1 | SRV:2 RAT:LTE DENY:0 | RSRP:-88 RSRQ:-10 SNR:180 RSSI:-65 | CSQ:18 | Temp:40,35,35 | DownTime:0s | ConsecFail:2
[2026-08-18 22:43:16] [OPER] !is_oper_select dial timeout: AT+COPS=0 (back to auto)
[2026-08-18 22:43:16] [STATE] wait_for_connect -> reg_check
[2026-08-18 22:43:16] [STATE] reg_check -> cereg_check
[2026-08-18 22:43:16] [CELL] Init: +QENG: "servingcell","NOCONN","LTE","FDD",460,00,D17C148,496,1850,3,5,5,272D,-101,-6,-75,23,18
[2026-08-18 22:43:16] [STATE] cereg_check -> precondition_check
[2026-08-18 22:43:16] [STATE] precondition_check -> pre_start_call
[2026-08-18 22:43:16] [APN] selected: apn="(empty=网络默认)" profile=1 is_oper_select=0 (iccid-match="(none/default)")
[2026-08-18 22:43:16] [STATE] pre_start_call -> start_call
[2026-08-18 22:43:16] [STATE] start_call -> wait_for_connect
[2026-08-18 22:45:46] [HEARTBEAT] Ping failed 3 consecutive times, fault timer started
[2026-08-18 22:45:46] [HEARTBEAT] CH:SIM | SIM:1 | REG:1 | SRV:2 RAT:LTE DENY:0 | RSRP:-88 RSRQ:-10 SNR:180 RSSI:-65 | CSQ:18 | Temp:40,35,35 | DownTime:0s | ConsecFail:3 | OPER:SIMNET 46000 | cereg=1 | cellid=D17C148 pci=496 tac=272D rsrp=-101dBm rsrq=-6dB | ifname=(none) | ip=0.0.0.0 | rx_packets=0
[2026-08-18 22:45:46] [DIAG] RSRP:-101 RSRQ:-6 | Cell:D17C148 | +CGPADDR: 1,"10.1.2.3" | +QTEMP: 40,35,35 | +CEER: 0,-1 | +CGACT: 1,1
Resetting module...
[2026-08-18 22:45:46] [OPER] !is_oper_select dial timeout: AT+COPS=0 (back to auto)
[2026-08-18 22:45:46] [STATE] wait_for_connect -> reg_check
[2026-08-18 22:45:46] [STATE] reg_check -> cereg_check
[2026-08-18 22:45:46] [CELL] Init: +QENG: "servingcell","NOCONN","LTE","FDD",460,00,D17C148,496,1850,3,5,5,272D,-101,-6,-75,23,18
[2026-08-18 22:45:46] [STATE] cereg_check -> precondition_check
[2026-08-18 22:45:46] [STATE] precondition_check -> pre_start_call
[2026-08-18 22:45:46] [APN] selected: apn="(empty=网络默认)" profile=1 is_oper_select=0 (iccid-match="(none/default)")
[2026-08-18 22:45:46] [STATE] pre_start_call -> start_call
[2026-08-18 22:45:46] [STATE] start_call -> wait_for_connect
[2026-08-18 22:48:16] [HEARTBEAT] CH:SIM | SIM:1 | REG:1 | SRV:2 RAT:LTE DENY:0 | RSRP:-88 RSRQ:-10 SNR:180 RSSI:-65 | CSQ:18 | Temp:40,35,35 | DownTime:150s | ConsecFail:4
[2026-08-18 22:48:16] [RECOVERY L1] LastErr: +CEER: 0,-1 | PDP: +CGACT: 1,1
[2026-08-18 22:48:16] [RECOVERY L1] REG live, soft redial: stop, hand off to state machine (downtime=150s)
[2026-08-18 22:48:16] [RECOVERY L1] stopped, waiting state machine to redial
[2026-08-18 22:48:16] [OPER] !is_oper_select dial timeout: AT+COPS=0 (back to auto)
[2026-08-18 22:48:16] [STATE] wait_for_connect -> reg_check
[2026-08-18 22:48:16] [STATE] reg_check -> cereg_check
[2026-08-18 22:48:16] [CELL] Init: +QENG: "servingcell","NOCONN","LTE","FDD",460,00,D17C148,496,1850,3,5,5,272D,-101,-6,-75,23,18
[2026-08-18 22:48:16] [STATE] cereg_check -> precondition_check
[2026-08-18 22:48:16] [STATE] precondition_check -> pre_start_call
[2026-08-18 22:48:16] [APN] selected: apn="(empty=网络默认)" profile=1 is_oper_select=0 (iccid-match="(none/default)")
[2026-08-18 22:48:16] [STATE] pre_start_call -> start_call
[2026-08-18 22:48:16] [STATE] start_call -> wait_for_connect
[2026-08-18 22:50:46] [HEARTBEAT] CH:SIM | SIM:1 | REG:1 | SRV:2 RAT:LTE DENY:0 | RSRP:-88 RSRQ:-10 SNR:180 RSSI:-65 | CSQ:18 | Temp:40,35,35 | DownTime:300s | ConsecFail:5 | OPER:SIMNET 46000 | cereg=1 | cellid=D17C148 pci=496 tac=272D rsrp=-101dBm rsrq=-6dB | ifname=(none) | ip=0.0.0.0 | rx_packets=0
[2026-08-18 22:50:46] [RECOVERY L2] LastErr: +CEER: 0,-1 | PDP: +CGACT: 1,1
[2026-08-18 22:50:46] [RECOVERY L2] AT+CFUN=0 rsp: 
OK

[2026-08-18 22:50:46] [RECOVERY L2] AT+CFUN=1 rsp: 
OK

Resetting module...
[2026-08-18 22:50:46] [OPER] !is_oper_select dial timeout: AT+COPS=0 (back to auto)
[2026-08-18 22:50:46] [STATE] wait_for_connect -> reg_check
[2026-08-18 22:50:46] [STATE] reg_check -> cereg_check
[2026-08-18 22:50:46] [CELL] Init: +QENG: "servingcell","NOCONN","LTE","FDD",460,00,D17C148,496,1850,3,5,5,272D,-101,-6,-75,23,18
[2026-08-18 22:50:46] [STATE] cereg_check -> precondition_check
[2026-08-18 22:50:46] [STATE] precondition_check -> pre_start_call
[2026-08-18 22:50:46] [APN] selected: apn="(empty=网络默认)" profile=1 is_oper_select=0 (iccid-match="(none/default)")
[2026-08-18 22:50:46] [STATE] pre_start_call -> start_call
[2026-08-18 22:50:46] [STATE] start_call -> wait_for_connect
[2026-08-18 22:53:16] [HEARTBEAT] CH:SIM | SIM:1 | REG:1 | SRV:2 RAT:LTE DENY:0 | RSRP:-88 RSRQ:-10 SNR:180 RSSI:-65 | CSQ:18 | Temp:40,35,35 | DownTime:450s | ConsecFail:6
[2026-08-18 22:53:16] [OPER] !is_oper_select dial timeout: AT+COPS=0 (back to auto)
[2026-08-18 22:53:16] [STATE] wait_for_connect -> reg_check
[2026-08-18 22:53:16] [STATE] reg_check -> cereg_check
[2026-08-18 22:53:16] [CELL] Init: +QENG: "servingcell","NOCONN","LTE","FDD",460,00,D17C148,496,1850,3,5,5,272D,-101,-6,-75,23,18
[2026-08-18 22:53:16] [STATE] cereg_check -> precondition_check
[2026-08-18 22:53:16] [STATE] precondition_check -> pre_start_call
[2026-08-18 22:53:16] [APN] selected: apn="(empty=网络默认)" profile=1 is_oper_select=0 (iccid-match="(none/default)")
[2026-08-18 22:53:16] [STATE] pre_start_call -> start_call
[2026-08-18 22:53:16] [STATE] start_call -> wait_for_connect
[2026-08-18 22:55:46] [HEARTBEAT] CH:SIM | SIM:1 | REG:1 | SRV:2 RAT:LTE DENY:0 | RSRP:-88 RSRQ:-10 SNR:180 RSSI:-65 | CSQ:18 | Temp:40,35,35 | DownTime:600s | ConsecFail:7 | OPER:SIMNET 46000 | cereg=1 | cellid=D17C148 pci=496 tac=272D rsrp=-101dBm rsrq=-6dB | ifname=(none) | ip=0.0.0.0 | rx_packets=0
[2026-08-18 22:55:46] [RECOVERY L2] LastErr: +CEER: 0,-1 | PDP: +CGACT: 1,1
[2026-08-18 22:55:46] [RECOVERY L2] AT+CFUN=0 rsp: 
OK

[2026-08-18 22:55:46] [RECOVERY L2] AT+CFUN=1 rsp: 
OK

Resetting module...
[2026-08-18 22:55:46] [OPER] !is_oper_select dial timeout: AT+COPS=0 (back to auto)
[2026-08-18 22:55:46] [STATE] wait_for_connect -> reg_check
[2026-08-18 22:55:46] [STATE] reg_check -> cereg_check
[2026-08-18 22:55:46] [CELL] Init: +QENG: "servingcell","NOCONN","LTE","FDD",460,00,D17C148,496,1850,3,5,5,272D,-101,-6,-75,23,18
[2026-08-18 22:55:46] [STATE] cereg_check -> precondition_check
[2026-08-18 22:55:46] [STATE] precondition_check -> pre_start_call
[2026-08-18 22:55:46] [APN] selected: apn="(empty=网络默认)" profile=1 is_oper_select=0 (iccid-match="(none/default)")
[2026-08-18 22:55:46] [STATE] pre_start_call -> start_call
[2026-08-18 22:55:46] [STATE] start_call -> wait_for_connect
[2026-08-18 22:58:16] [HEARTBEAT] CH:SIM | SIM:1 | REG:1 | SRV:2 RAT:LTE DENY:0 | RSRP:-88 RSRQ:-10 SNR:180 RSSI:-65 | CSQ:18 | Temp:40,35,35 | DownTime:750s | ConsecFail:8
[2026-08-18 22:58:16] [OPER] !is_oper_select dial timeout: AT+COPS=0 (back to auto)
[2026-08-18 22:58:16] [STATE] wait_for_connect -> reg_check
[2026-08-18 22:58:16] [STATE] reg_check -> cereg_check
[2026-08-18 22:58:16] [CELL] Init: +QENG: "servingcell","NOCONN","LTE","FDD",460,00,D17C148,496,1850,3,5,5,272D,-101,-6,-75,23,18
[2026-08-18 22:58:16] [STATE] cereg_check -> precondition_check
[2026-08-18 22:58:16] [STATE] precondition_check -> pre_start_call
[2026-08-18 22:58:16] [APN] selected: apn="(empty=网络默认)" profile=1 is_oper_select=0 (iccid-match="(none/default)")
[2026-08-18 22:58:16] [STATE] pre_start_call -> start_call
[2026-08-18 22:58:16] [STATE] start_call -> wait_for_connect
[2026-08-18 23:00:46] [HEARTBEAT] CH:SIM | SIM:1 | REG:1 | SRV:2 RAT:LTE DENY:0 | RSRP:-88 RSRQ:-10 SNR:180 RSSI:-65 | CSQ:18 | Temp:40,35,35 | DownTime:900s | ConsecFail:9 | OPER:SIMNET 46000 | cereg=1 | cellid=D17C148 pci=496 tac=272D rsrp=-101dBm rsrq=-6dB | ifname=(none) | ip=0.0.0.0 | rx_packets=0
[2026-08-18 23:00:46] [RECOVERY L2] LastErr: +CEER: 0,-1 | PDP: +CGACT: 1,1
[2026-08-18 23:00:46] [RECOVERY L2] AT+CFUN=0 rsp: 
OK

[2026-08-18 23:00:46] [RECOVERY L2] AT+CFUN=1 rsp: 
OK

Resetting module...
[2026-08-18 23:00:46] [OPER] !is_oper_select dial timeout: AT+COPS=0 (back to auto)
[2026-08-18 23:00:46] [STATE] wait_for_connect -> reg_check
[2026-08-18 23:00:46] [STATE] reg_check -> cereg_check
[2026-08-18 23:00:46] [CELL] Init: +QENG: "servingcell","NOCONN","LTE","FDD",460,00,D17C148,496,1850,3,5,5,272D,-101,-6,-75,23,18
[2026-08-18 23:00:46] [STATE] cereg_check -> precondition_check
[2026-08-18 23:00:46] [STATE] precondition_check -> pre_start_call
[2026-08-18 23:00:46] [APN] selected: apn="(empty=网络默认)" profile=1 is_oper_select=0 (iccid-match="(none/default)")
[2026-08-18 23:00:46] [STATE] pre_start_call -> start_call
[2026-08-18 23:00:46] [STATE] start_call -> wait_for_connect
[2026-08-18 23:03:16] [HEARTBEAT] CH:SIM | SIM:1 | REG:1 | SRV:2 RAT:LTE DENY:0 | RSRP:-88 RSRQ:-10 SNR:180 RSSI:-65 | CSQ:18 | Temp:40,35,35 | DownTime:1050s | ConsecFail:10
[2026-08-18 23:03:16] [OPER] !is_oper_select dial timeout: AT+COPS=0 (back to auto)
[2026-08-18 23:03:16] [STATE] wait_for_connect -> reg_check
[2026-08-18 23:03:16] [STATE] reg_check -> cereg_check
[2026-08-18 23:03:16] [CELL] Init: +QENG: "servingcell","NOCONN","LTE","FDD",460,00,D17C148,496,1850,3,5,5,272D,-101,-6,-75,23,18
[2026-08-18 23:03:16] [STATE] cereg_check -> precondition_check
[2026-08-18 23:03:16] [STATE] precondition_check -> pre_start_call
[2026-08-18 23:03:16] [APN] selected: apn="(empty=网络默认)" profile=1 is_oper_select=0 (iccid-match="(none/default)")
[2026-08-18 23:03:16] [STATE] pre_start_call -> start_call
[2026-08-18 23:03:16] [STATE] start_call -> wait_for_connect
[2026-08-18 23:05:46] [HEARTBEAT] CH:SIM | SIM:1 | REG:1 | SRV:2 RAT:LTE DENY:0 | RSRP:-88 RSRQ:-10 SNR:180 RSSI:-65 | CSQ:18 | Temp:40,35,35 | DownTime:1200s | ConsecFail:11 | OPER:SIMNET 46000 | cereg=1 | cellid=D17C148 pci=496 tac=272D rsrp=-101dBm rsrq=-6dB | ifname=(none) | ip=0.0.0.0 | rx_packets=0
[2026-08-18 23:05:46] [RECOVERY L2] LastErr: +CEER: 0,-1 | PDP: +CGACT: 1,1
[2026-08-18 23:05:46] [RECOVERY L2] AT+CFUN=0 rsp: 
OK

[2026-08-18 23:05:46] [RECOVERY L2] AT+CFUN=1 rsp: 
OK

Resetting module...
[2026-08-18 23:05:46] [OPER] !is_oper_select dial timeout: AT+COPS=0 (back to auto)
[2026-08-18 23:05:46] [STATE] wait_for_connect -> reg_check
[2026-08-18 23:05:46] [STATE] reg_check -> cereg_check
[2026-08-18 23:05:46] [CELL] Init: +QENG: "servingcell","NOCONN","LTE","FDD",460,00,D17C148,496,1850,3,5,5,272D,-101,-6,-75,23,18
[2026-08-18 23:05:46] [STATE] cereg_check -> precondition_check
[2026-08-18 23:05:46] [STATE] precondition_check -> pre_start_call
[2026-08-18 23:05:46] [APN] selected: apn="(empty=网络默认)" profile=1 is_oper_select=0 (iccid-match="(none/default)")
[2026-08-18 23:05:46] [STATE] pre_start_call -> start_call
[2026-08-18 23:05:46] [STATE] start_call -> wait_for_connect
[2026-08-18 23:08:16] [HEARTBEAT] CH:SIM | SIM:1 | REG:1 | SRV:2 RAT:LTE DENY:0 | RSRP:-88 RSRQ:-10 SNR:180 RSSI:-65 | CSQ:18 | Temp:40,35,35 | DownTime:1350s | ConsecFail:12
[2026-08-18 23:08:16] [OPER] !is_oper_select dial timeout: AT+COPS=0 (back to auto)
[2026-08-18 23:08:16] [STATE] wait_for_connect -> reg_check
[2026-08-18 23:08:16] [STATE] reg_check -> cereg_check
[2026-08-18 23:08:16] [CELL] Init: +QENG: "servingcell","NOCONN","LTE","FDD",460,00,D17C148,496,1850,3,5,5,272D,-101,-6,-75,23,18
[2026-08-18 23:08:16] [STATE] cereg_check -> precondition_check
[2026-08-18 23:08:16] [STATE] precondition_check -> pre_start_call
[2026-08-18 23:08:16] [APN] selected: apn="(empty=网络默认)" profile=1 is_oper_select=0 (iccid-match="(none/default)")
[2026-08-18 23:08:16] [STATE] pre_start_call -> start_call
[2026-08-18 23:08:16] [STATE] start_call -> wait_for_connect
