[2026-08-18 22:56:51] [INIT] Fast Retry Limit Reached. Entering persistent loop mode.
[2026-08-18 22:56:51] [INIT] Starting dial initialization...
[2026-08-18 22:56:51] [INIT] Waiting for ql_data_call_init...
[2026-08-18 22:56:51] [INIT] data_call_init OK.
[2026-08-18 22:56:51] [INIT] NW service init OK.
ql_sim_init ok
[2026-08-18 22:56:51] [SIM] sim_init OK
[2026-08-18 22:56:51] [INIT] ICCID: (empty)
[2026-08-18 22:56:51] [INIT] SIM state: READY
[2026-08-18 22:56:51] [APN] load from apn.json (path=/usr/dial/apn.json, count=0)
[2026-08-18 22:56:51] [INIT] APN set success
[2026-08-18 22:56:51] [INIT] set_reconnect_mode(NORMAL): OK
[2026-08-18 22:56:51] [INIT] ql_data_call_config: OK
[2026-08-18 22:56:51] [INIT] Starting Data Call...
[2026-08-18 22:56:51] [INIT] IMEI:    865965086914080
[2026-08-18 22:56:51] [INIT] FW:      (unknown)
[2026-08-18 22:56:51] [INIT] SUB:     (unknown)
[2026-08-18 22:56:51] [INIT] AP_FW:   (unknown)
[2026-08-18 22:56:51] [INIT] CP_FW:   (unknown)
[2026-08-18 22:56:51] [INIT] IMSI:    460089087110299
[2026-08-18 22:56:51] [INIT] Operator:+COPS: 0,2,"46000",7
[2026-08-18 22:56:51] [INIT] CEREG:  +CEREG: 0,1 (REG=1)
[2026-08-18 22:56:51] [INIT] CFUN:    +CFUN: 1
[2026-08-18 22:56:51] [INIT] PDP cfg: +CGDCONT: 1,"IP","internet","0.0.0.0",0,0,0,0
##### PRO type 
[2026-08-18 22:56:51] [LED] startup, send blink
[2026-08-18 22:56:51] [HEARTBEAT] SIM_AT:READY | SIM_CB:READY | REG:1 | SRV:2 RAT:LTE DENY:0 | CSQ:22 | RSRP:-88 RSRQ:-10 SNR:180 RSSI:-65 | TEMP:-1 | DownTime:0s
[2026-08-18 22:57:51] [INIT] Dial success. Retry count cleared.
[2026-08-18 22:57:51] [PING] Ping 8.8.8.8 OK
[2026-08-18 22:57:51] [TZ] date -R response: Tue, 18 Aug 2026 22:56:52 +0800
[EC200ADialer] Extracted timezone string: +0800
[EC200ADialer] Parsed timezone (15-min units): 32
[2026-08-18 22:57:51] [TZ] Parsed timezone: tz=32 (saved to /usr/dial/tz.ini)
[2026-08-18 22:57:51] [EVENT] Network Connected. Notification sent.
[2026-08-18 22:57:51] [LED] state 1 -> 2, send
[2026-08-18 22:57:51] [HEARTBEAT] SIM_AT:READY | SIM_CB:READY | REG:1 | SRV:2 RAT:LTE DENY:0 | CSQ:22 | RSRP:-88 RSRQ:-10 SNR:180 RSSI:-65 | TEMP:-1 | DownTime:0s
[2026-08-18 22:57:51] [HEARTBEAT] OPER:SIMNET 46000
[2026-08-18 22:58:51] [HEARTBEAT] SIM_AT:READY | SIM_CB:READY | REG:1 | SRV:2 RAT:LTE DENY:0 | CSQ:22 | RSRP:-88 RSRQ:-10 SNR:180 RSSI:-65 | TEMP:-1 | DownTime:0s
[2026-08-18 22:58:51] [HEARTBEAT] SIM_AT:READY | SIM_CB:READY | REG:1 | SRV:2 RAT:LTE DENY:0 | CSQ:22 | RSRP:-88 RSRQ:-10 SNR:180 RSSI:-65 | TEMP:-1 | DownTime:0s
[2026-08-18 22:59:51] [HEARTBEAT] SIM_AT:READY | SIM_CB:READY | REG:1 | SRV:2 RAT:LTE DENY:0 | CSQ:22 | RSRP:-88 RSRQ:-10 SNR:180 RSSI:-65 | TEMP:-1 | DownTime:0s
[2026-08-18 22:59:51] [HEARTBEAT] SIM_AT:READY | SIM_CB:READY | REG:1 | SRV:2 RAT:LTE DENY:0 | CSQ:22 | RSRP:-88 RSRQ:-10 SNR:180 RSSI:-65 | TEMP:-1 | DownTime:0s
[2026-08-18 23:00:51] [HEARTBEAT] SIM_AT:READY | SIM_CB:READY | REG:1 | SRV:2 RAT:LTE DENY:0 | CSQ:22 | RSRP:-88 RSRQ:-10 SNR:180 RSSI:-65 | TEMP:-1 | DownTime:0s
[2026-08-18 23:00:51] [HEARTBEAT] SIM_AT:READY | SIM_CB:READY | REG:1 | SRV:2 RAT:LTE DENY:0 | CSQ:22 | RSRP:-88 RSRQ:-10 SNR:180 RSSI:-65 | TEMP:-1 | DownTime:0s
[2026-08-18 23:01:51] [HEARTBEAT] SIM_AT:READY | SIM_CB:READY | REG:1 | SRV:2 RAT:LTE DENY:0 | CSQ:22 | RSRP:-88 RSRQ:-10 SNR:180 RSSI:-65 | TEMP:-1 | DownTime:0s
[2026-08-18 23:01:51] [HEARTBEAT] SIM_AT:READY | SIM_CB:READY | REG:1 | SRV:2 RAT:LTE DENY:0 | CSQ:22 | RSRP:-88 RSRQ:-10 SNR:180 RSSI:-65 | TEMP:-1 | DownTime:0s
[2026-08-18 23:02:51] [HEARTBEAT] SIM_AT:READY | SIM_CB:READY | REG:1 | SRV:2 RAT:LTE DENY:0 | CSQ:22 | RSRP:-88 RSRQ:-10 SNR:180 RSSI:-65 | TEMP:-1 | DownTime:0s
[2026-08-18 23:03:51] [HEARTBEAT] OPER:SIMNET 46000
[2026-08-18 23:03:51] [HEARTBEAT] SIM_AT:READY | SIM_CB:READY | REG:1 | SRV:2 RAT:LTE DENY:0 | CSQ:22 | RSRP:-88 RSRQ:-10 SNR:180 RSSI:-65 | TEMP:-1 | DownTime:0s
[2026-08-18 23:03:51] [HEARTBEAT] SIM_AT:READY | SIM_CB:READY | REG:1 | SRV:2 RAT:LTE DENY:0 | CSQ:22 | RSRP:-88 RSRQ:-10 SNR:180 RSSI:-65 | TEMP:-1 | DownTime:0s
[2026-08-18 23:04:51] [HEARTBEAT] SIM_AT:READY | SIM_CB:READY | REG:1 | SRV:2 RAT:LTE DENY:0 | CSQ:22 | RSRP:-88 RSRQ:-10 SNR:180 RSSI:-65 | TEMP:-1 | DownTime:0s
[2026-08-18 23:06:51] [HEARTBEAT] SIM_AT:READY | SIM_CB:READY | REG:1 | SRV:2 RAT:LTE DENY:0 | CSQ:22 | RSRP:-88 RSRQ:-10 SNR:180 RSSI:-65 | TEMP:-1 | DownTime:0s
[2026-08-18 23:06:51] [HEARTBEAT] SIM_AT:READY | SIM_CB:READY | REG:1 | SRV:2 RAT:LTE DENY:0 | CSQ:22 | RSRP:-88 RSRQ:-10 SNR:180 RSSI:-65 | TEMP:-1 | DownTime:0s
[2026-08-18 23:06:51] [HEARTBEAT] SIM_AT:READY | SIM_CB:READY | REG:1 | SRV:2 RAT:LTE DENY:0 | CSQ:22 | RSRP:-88 RSRQ:-10 SNR:180 RSSI:-65 | TEMP:-1 | DownTime:0s
[2026-08-18 23:07:51] [HEARTBEAT] SIM_AT:READY | SIM_CB:READY | REG:1 | SRV:2 RAT:LTE DENY:0 | CSQ:22 | RSRP:-88 RSRQ:-10 SNR:180 RSSI:-65 | TEMP:-1 | DownTime:0s
[2026-08-18 23:07:51] [HEARTBEAT] OPER:SIMNET 46000
[2026-08-18 23:07:51] [HEARTBEAT] SIM_AT:READY | SIM_CB:READY | REG:1 | SRV:2 RAT:LTE DENY:0 | CSQ:22 | RSRP:-88 RSRQ:-10 SNR:180 RSSI:-65 | TEMP:-1 | DownTime:0s
[2026-08-18 23:08:51] [HEARTBEAT] SIM_AT:READY | SIM_CB:READY | REG:1 | SRV:2 RAT:LTE DENY:0 | CSQ:22 | RSRP:-88 RSRQ:-10 SNR:180 RSSI:-65 | TEMP:-1 | DownTime:0s
[2026-08-18 23:08:51] [HEARTBEAT] SIM_AT:READY | SIM_CB:READY | REG:1 | SRV:2 RAT:LTE DENY:0 | CSQ:22 | RSRP:-88 RSRQ:-10 SNR:180 RSSI:-65 | TEMP:-1 | DownTime:0s
[2026-08-18 23:09:51] [HEARTBEAT] SIM_AT:READY | SIM_CB:READY | REG:1 | SRV:2 RAT:LTE DENY:0 | CSQ:22 | RSRP:-88 RSRQ:-10 SNR:180 RSSI:-65 | TEMP:-1 | DownTime:0s
[2026-08-18 23:09:51] [HEARTBEAT] SIM_AT:READY | SIM_CB:READY | REG:1 | SRV:2 RAT:LTE DENY:0 | CSQ:22 | RSRP:-88 RSRQ:-10 SNR:180 RSSI:-65 | TEMP:-1 | DownTime:0s
[2026-08-18 23:10:51] [HEARTBEAT] SIM_AT:READY | SIM_CB:READY | REG:1 | SRV:2 RAT:LTE DENY:0 | CSQ:22 | RSRP:-88 RSRQ:-10 SNR:180 RSSI:-65 | TEMP:-1 | DownTime:0s
[2026-08-18 23:11:51] [HEARTBEAT] SIM_AT:READY | SIM_CB:READY | REG:1 | SRV:2 RAT:LTE DENY:0 | CSQ:22 | RSRP:-88 RSRQ:-10 SNR:180 RSSI:-65 | TEMP:-1 | DownTime:0s
[2026-08-18 23:11:51] [EVENT] Exit requested. Turning LED off and leaving dial_loop.
