[2026-07-17 17:07:20] [INIT] Fast Retry Limit Reached. Entering persistent loop mode.
[2026-07-17 17:07:20] [INIT] Starting dial initialization...
[2026-07-17 17:07:20] [INIT] Waiting for ql_data_call_init...
[2026-07-17 17:07:20] [INIT] data_call_init OK.
ql_sim_init ok
[2026-07-17 17:07:20] [SIM] sim_init OK
[2026-07-17 17:07:20] [SLOT] config: no /usr/dial/dualsim.json, seed write failed, use built-in defaults
[2026-07-17 17:07:20] [OPER] overseas operator-select (dualsim.json oper_select): 0
[2026-07-17 17:07:20] [SLOT] init: enable=1 primary_phy=1(eSIM) switch_after=600s denied_after=0s(0=follow) cooldown=120s budget=3 fast_boot=1 last_good_ttl=86400s data_dead_settle=120s weak_csq=6 probe_back=0s(0=off)
[2026-07-17 17:07:20] [SLOT] fast-boot: no valid last-good, fall back to cold select
[2026-07-17 17:07:20] [SLOT] cold select: probing both physical slots (data-verified)
[2026-07-17 17:07:20] [SLOT] switch to Phy
[2026-07-17 17:07:20] [SLOT] active now eSIM (card READY)
[2026-07-17 17:07:20] [SLOT] cur ICCID: (empty) (eSIM)
[2026-07-17 17:07:20] [APN] load from apn.json (path=/usr/dial/apn.json, count=0)
[2026-07-17 17:07:20] [SLOT] data start OK
[2026-07-17 17:07:20] [SLOT] probe RAT=0 (+0)
[2026-07-17 17:07:20] [SLOT] probe score: REG=1 CSQ=18 -> score=6018
[2026-07-17 17:07:20] [SLOT] cold probe Phy: score=6018
[2026-07-17 17:07:20] [SLOT] switch to eSIM
[2026-07-17 17:07:20] [SLOT] active now eSIM (card READY)
[2026-07-17 17:07:20] [SLOT] cur ICCID: (empty) (eSIM)
[2026-07-17 17:07:20] [APN] load from apn.json (path=/usr/dial/apn.json, count=0)
[2026-07-17 17:07:20] [SLOT] data start OK
[2026-07-17 17:07:20] [SLOT] probe RAT=0 (+0)
[2026-07-17 17:07:20] [SLOT] probe score: REG=1 CSQ=18 -> score=6018
[2026-07-17 17:07:20] [SLOT] cold probe eSIM: score=6018
[2026-07-17 17:07:20] [SLOT] cold select result: best=Phy (score=6018) -> drive Phy
[2026-07-17 17:07:20] [SLOT] switch to Phy
[2026-07-17 17:07:20] [SLOT] active now eSIM (card READY)
[2026-07-17 17:07:20] [SLOT] slot select done, Fast-Fail timer rebased.
[2026-07-17 17:07:20] [INIT] ICCID: (empty)
[2026-07-17 17:07:20] [INIT] SIM state: READY
[2026-07-17 17:07:20] [APN] load from apn.json (path=/usr/dial/apn.json, count=0)
[2026-07-17 17:07:20] [INIT] APN set success
[2026-07-17 17:07:20] [INIT] set_reconnect_mode(NORMAL): OK
[2026-07-17 17:07:20] [INIT] ql_data_call_config: OK
[2026-07-17 17:07:20] [INIT] Starting Data Call...
[2026-07-17 17:07:20] [INIT] IMEI:    865965086914080
[2026-07-17 17:07:20] [INIT] FW:      (unknown)
[2026-07-17 17:07:20] [INIT] SUB:     (unknown)
[2026-07-17 17:07:20] [INIT] AP_FW:   (unknown)
[2026-07-17 17:07:20] [INIT] CP_FW:   (unknown)
[2026-07-17 17:07:20] [INIT] IMSI:    460089087110299
[2026-07-17 17:07:20] [INIT] Operator:+COPS: 0,2,"46000",7
[2026-07-17 17:07:20] [INIT] CFUN:    +CFUN: 1
[2026-07-17 17:07:20] [INIT] PDP cfg: +CGDCONT: 1,"IP","internet","0.0.0.0",0,0,0,0
##### PRO type 
[2026-07-17 17:07:20] [LED] startup, send blink
[2026-07-17 17:07:20] [HEARTBEAT] SIM_AT:READY | SIM_CB:READY | REG:1 | CSQ:18 | TEMP:-1 | DownTime:0s | SLOT:eSIM
[2026-07-17 17:07:20] [INIT] Dial success. Retry count cleared.
[2026-07-17 17:07:20] [PING] Ping 8.8.8.8 OK
[2026-07-17 17:07:20] [TZ] date -R response: Fri, 17 Jul 2026 17:07:20 +0800
[EC200ADialer] Extracted timezone string: +0800
[EC200ADialer] Parsed timezone (15-min units): 32
[2026-07-17 17:07:20] [TZ] Parsed timezone: tz=32 (saved to /usr/dial/tz.ini)
[2026-07-17 17:07:20] [EVENT] Network Connected. Notification sent.
[2026-07-17 17:07:20] [SLOT] mark last-good eSIM FAILED: No such file or directory (next boots fall back to cold select)
[2026-07-17 17:07:20] [LED] state 1 -> 2, send
[2026-07-17 17:07:20] [HEARTBEAT] SIM_AT:READY | SIM_CB:READY | REG:1 | CSQ:18 | TEMP:-1 | DownTime:0s | SLOT:eSIM
[2026-07-17 17:09:50] [HEARTBEAT] SIM_AT:READY | SIM_CB:READY | REG:1 | CSQ:18 | TEMP:-1 | DownTime:0s | SLOT:eSIM
[2026-07-17 17:09:50] [HEARTBEAT] SIM_AT:READY | SIM_CB:READY | REG:1 | CSQ:18 | TEMP:-1 | DownTime:0s | SLOT:eSIM
[2026-07-17 17:09:50] [HEARTBEAT] SIM_AT:READY | SIM_CB:READY | REG:1 | CSQ:18 | TEMP:-1 | DownTime:0s | SLOT:eSIM
[2026-07-17 17:09:50] [HEARTBEAT] SIM_AT:READY | SIM_CB:READY | REG:1 | CSQ:18 | TEMP:-1 | DownTime:0s | SLOT:eSIM
[2026-07-17 17:09:50] [HEARTBEAT] SIM_AT:READY | SIM_CB:READY | REG:1 | CSQ:18 | TEMP:-1 | DownTime:0s | SLOT:eSIM
[2026-07-17 17:12:20] [HEARTBEAT] SIM_AT:READY | SIM_CB:READY | REG:1 | CSQ:18 | TEMP:-1 | DownTime:0s | SLOT:eSIM
[2026-07-17 17:12:20] [HEARTBEAT] SIM_AT:READY | SIM_CB:READY | REG:1 | CSQ:18 | TEMP:-1 | DownTime:0s | SLOT:eSIM
[2026-07-17 17:12:20] [HEARTBEAT] SIM_AT:READY | SIM_CB:READY | REG:1 | CSQ:18 | TEMP:-1 | DownTime:0s | SLOT:eSIM
[2026-07-17 17:12:20] [HEARTBEAT] SIM_AT:READY | SIM_CB:READY | REG:1 | CSQ:18 | TEMP:-1 | DownTime:0s | SLOT:eSIM
[2026-07-17 17:12:20] [HEARTBEAT] SIM_AT:READY | SIM_CB:READY | REG:1 | CSQ:18 | TEMP:-1 | DownTime:0s | SLOT:eSIM
[2026-07-17 17:14:50] [HEARTBEAT] SIM_AT:READY | SIM_CB:READY | REG:1 | CSQ:18 | TEMP:-1 | DownTime:0s | SLOT:eSIM
[2026-07-17 17:14:50] [HEARTBEAT] SIM_AT:READY | SIM_CB:READY | REG:1 | CSQ:18 | TEMP:-1 | DownTime:0s | SLOT:eSIM
[2026-07-17 17:14:50] [HEARTBEAT] SIM_AT:READY | SIM_CB:READY | REG:1 | CSQ:18 | TEMP:-1 | DownTime:0s | SLOT:eSIM
[2026-07-17 17:14:50] [HEARTBEAT] SIM_AT:READY | SIM_CB:READY | REG:1 | CSQ:18 | TEMP:-1 | DownTime:0s | SLOT:eSIM
[2026-07-17 17:14:50] [HEARTBEAT] SIM_AT:READY | SIM_CB:READY | REG:1 | CSQ:18 | TEMP:-1 | DownTime:0s | SLOT:eSIM
[2026-07-17 17:17:20] [INFO] SDK auto-reconnect phase started (interval=25s). L1 at 300s, L2 at 600s, L3 at 2100s.
[2026-07-17 17:17:20] [DIAG] IP:10.1.2.3 | CEER:0,-1 | PDP:+CGACT: 1,1
[2026-07-17 17:17:20] [LED] state 2 -> 1, send
[2026-07-17 17:17:20] [HEARTBEAT] SIM_AT:READY | SIM_CB:READY | REG:1 | CSQ:18 | TEMP:-1 | DownTime:13s | SLOT:eSIM
[2026-07-17 17:17:20] [HEARTBEAT] SIM_AT:READY | SIM_CB:READY | REG:1 | CSQ:18 | TEMP:-1 | DownTime:43s | SLOT:eSIM
[2026-07-17 17:17:20] [HEARTBEAT] SIM_AT:READY | SIM_CB:READY | REG:1 | CSQ:18 | TEMP:-1 | DownTime:80s | SLOT:eSIM
[2026-07-17 17:17:20] [HEARTBEAT] SIM_AT:READY | SIM_CB:READY | REG:1 | CSQ:18 | TEMP:-1 | DownTime:110s | SLOT:eSIM
[2026-07-17 17:19:50] [HEARTBEAT] SIM_AT:READY | SIM_CB:READY | REG:1 | CSQ:18 | TEMP:-1 | DownTime:140s | SLOT:eSIM
[2026-07-17 17:19:50] [HEARTBEAT] SIM_AT:READY | SIM_CB:READY | REG:1 | CSQ:18 | TEMP:-1 | DownTime:171s | SLOT:eSIM
[2026-07-17 17:19:50] [HEARTBEAT] SIM_AT:READY | SIM_CB:READY | REG:1 | CSQ:18 | TEMP:-1 | DownTime:201s | SLOT:eSIM
[2026-07-17 17:19:50] [HEARTBEAT] SIM_AT:READY | SIM_CB:READY | REG:1 | CSQ:18 | TEMP:-1 | DownTime:232s | SLOT:eSIM
[2026-07-17 17:19:50] [HEARTBEAT] SIM_AT:READY | SIM_CB:READY | REG:1 | CSQ:18 | TEMP:-1 | DownTime:263s | SLOT:eSIM
[2026-07-17 17:22:20] [HEARTBEAT] SIM_AT:READY | SIM_CB:READY | REG:1 | CSQ:18 | TEMP:-1 | DownTime:293s | SLOT:eSIM
[2026-07-17 17:22:20] [ALARM] Net Fail Duration: 304 sec. Trigger Level 1 recovery.
[2026-07-17 17:22:20] [RECOVERY] LastErr: +CEER: 0,-1
[2026-07-17 17:22:20] [RECOVERY] PDP state: +CGACT: 1,1
[2026-07-17 17:22:20] [RECOVERY L1] Stopping Data Call... REG=1
[2026-07-17 17:22:20] [RECOVERY L1] Restarting Data Call...
[2026-07-17 17:22:20] [RECOVERY L1] Start OK. Waiting for reconnect.
[2026-07-17 17:22:20] [HEARTBEAT] SIM_AT:READY | SIM_CB:READY | REG:1 | CSQ:18 | TEMP:-1 | DownTime:324s | SLOT:eSIM
[2026-07-17 17:22:20] [HEARTBEAT] SIM_
OK

OK
AT:READY | SIM_CB:READY | REG:1 | CSQ:18 | TEMP:-1 | DownTime:355s | SLOT:eSIM
[2026-07-17 17:22:20] [ALARM] Net Fail Duration: 369 sec. Trigger Level 1 recovery.
[2026-07-17 17:22:20] [RECOVERY] LastErr: +CEER: 0,-1
[2026-07-17 17:22:20] [RECOVERY] PDP state: +CGACT: 1,1
[2026-07-17 17:22:20] [RECOVERY L1] Stopping Data Call... REG=1
[2026-07-17 17:22:20] [RECOVERY L1] Restarting Data Call...
[2026-07-17 17:22:20] [RECOVERY L1] Start OK. Waiting for reconnect.
[2026-07-17 17:22:20] [HEARTBEAT] SIM_AT:READY | SIM_CB:READY | REG:1 | CSQ:18 | TEMP:-1 | DownTime:385s | SLOT:eSIM
[2026-07-17 17:22:20] [HEARTBEAT] SIM_AT:READY | SIM_CB:READY | REG:1 | CSQ:18 | TEMP:-1 | DownTime:416s | SLOT:eSIM
[2026-07-17 17:22:20] [ALARM] Net Fail Duration: 433 sec. Trigger Level 1 recovery.
[2026-07-17 17:24:50] [RECOVERY] LastErr: +CEER: 0,-1
[2026-07-17 17:24:50] [RECOVERY] PDP state: +CGACT: 1,1
[2026-07-17 17:24:50] [RECOVERY L1] Stopping Data Call... REG=1
[2026-07-17 17:24:50] [RECOVERY L1] Restarting Data Call...
[2026-07-17 17:24:50] [RECOVERY L1] Start OK. Waiting for reconnect.
[2026-07-17 17:24:50] [HEARTBEAT] SIM_AT:READY | SIM_CB:READY | REG:1 | CSQ:18 | TEMP:-1 | DownTime:448s | SLOT:eSIM
[2026-07-17 17:24:50] [HEARTBEAT] SIM_AT:READY | SIM_CB:READY | REG:1 | CSQ:18 | TEMP:-1 | DownTime:480s | SLOT:eSIM
[2026-07-17 17:24:50] [ALARM] Net Fail Duration: 497 sec. Trigger Level 1 recovery.
[2026-07-17 17:24:50] [RECOVERY] LastErr: +CEER: 0,-1
[2026-07-17 17:24:50] [RECOVERY] PDP state: +CGACT: 1,1
[2026-07-17 17:24:50] [RECOVERY L1] Stopping Data Call... REG=1
[2026-07-17 17:24:50] [RECOVERY L1] Restarting Data Call...
[2026-07-17 17:24:50] [RECOVERY L1] Start OK. Waiting for reconnect.
[2026-07-17 17:24:50] [HEARTBEAT] SIM_AT:READY | SIM_CB:READY | REG:1 | CSQ:18 | TEMP:-1 | DownTime:511s | SLOT:eSIM
[2026-07-17 17:24:50] [HEARTBEAT] SIM_AT:READY | SIM_CB:READY | REG:1 | CSQ:18 | TEMP:-1 | DownTime:541s | SLOT:eSIM
[2026-07-17 17:24:50] [ALARM] Net Fail Duration: 561 sec. Trigger Level 1 recovery.
[2026-07-17 17:24:50] [RECOVERY] LastErr: +CEER: 0,-1
[2026-07-17 17:24:50] [RECOVERY] PDP state: +CGACT: 1,1
[2026-07-17 17:24:50] [RECOVERY L1] Stopping Data Call... REG=1
[2026-07-17 17:24:50] [RECOVERY L1] Restarting Data Call...
[2026-07-17 17:24:50] [RECOVERY L1] Start OK. Waiting for reconnect.
[2026-07-17 17:24:50] [HEARTBEAT] SIM_AT:READY | SIM_CB:READY | REG:1 | CSQ:18 | TEMP:-1 | DownTime:571s | SLOT:eSIM
[2026-07-17 17:27:20] [HEARTBEAT] SIM_AT:READY | SIM_CB:READY | REG:1 | CSQ:18 | TEMP:-1 | DownTime:609s | SLOT:eSIM
[2026-07-17 17:27:20] [ALARM] Net Fail Duration: 609 sec. Trigger Level 2 recovery.
[2026-07-17 17:27:20] [RECOVERY] LastErr: +CEER: 0,-1
[2026-07-17 17:27:20] [RECOVERY] PDP state: +CGACT: 1,1
[2026-07-17 17:27:20] [RECOVERY L2] Toggling RF (Airplane Mode)... REG=1
EXEC: serial_atcmd AT+CFUN=0
EXEC: serial_atcmd AT+CFUN=1
[2026-07-17 17:27:20] [RECOVERY L2] RF ON. Waiting 10s for registration...
[2026-07-17 17:27:20] [RECOVERY L2] Restarting Data Call...
[2026-07-17 17:27:20] [RECOVERY L2] Start OK. Waiting for reconnect.
[2026-07-17 17:27:20] [HEARTBEAT] SIM_AT:READY | SIM_CB:READY | REG:1 | CSQ:18 | TEMP:-1 | DownTime:642s | SLOT:eSIM
[2026-07-17 17:27:20] [HEARTBEAT] SIM_AT:READY | SIM_CB:READY | REG:1 | CSQ:18 | TEMP:-1 | DownTime:674s | SLOT:eSIM
[2026-07-17 17:27:20] [HEARTBEAT] SIM_AT:READY | SIM_CB:READY | REG:1 | CSQ:18 | TEMP:-1 | DownTime:704s | SLOT:eSIM
[2026-07-17 17:29:50] [HEARTBEAT] SIM_AT:READY | SIM_CB:READY | REG:1 | CSQ:18 | TEMP:-1 | DownTime:734s | SLOT:eSIM
[2026-07-17 17:29:50] [SLOT] trigger(B-data-dead): down 747s REG=1 CSQ=18 count=0/3 -> switch card
[2026-07-17 17:29:50] [SLOT] switching to role=SECONDARY (Phy)
[2026-07-17 17:29:50] [SLOT] switch to Phy
[2026-07-17 17:29:50] [SLOT] active now eSIM (card READY)
[2026-07-17 17:29:50] [SLOT] cur ICCID: (empty) (eSIM)
[2026-07-17 17:29:50] [APN] load from apn.json (path=/usr/dial/apn.json, count=0)
[2026-07-17 17:29:50] [SLOT] data start OK
[2026-07-17 17:29:50] [HEARTBEAT] SIM_AT:READY | SIM_CB:READY | REG:1 | CSQ:18 | TEMP:-1 | Do
OK

OK
wnTime:766s | SLOT:eSIM
[2026-07-17 17:29:50] [HEARTBEAT] SIM_AT:READY | SIM_CB:READY | REG:1 | CSQ:18 | TEMP:-1 | DownTime:797s | SLOT:eSIM
[2026-07-17 17:29:50] [HEARTBEAT] SIM_AT:READY | SIM_CB:READY | REG:1 | CSQ:18 | TEMP:-1 | DownTime:827s | SLOT:eSIM
[2026-07-17 17:29:50] [HEARTBEAT] SIM_AT:READY | SIM_CB:READY | REG:1 | CSQ:18 | TEMP:-1 | DownTime:857s | SLOT:eSIM
[2026-07-17 17:32:20] [HEARTBEAT] SIM_AT:READY | SIM_CB:READY | REG:1 | CSQ:18 | TEMP:-1 | DownTime:891s | SLOT:eSIM
[2026-07-17 17:32:20] [HEARTBEAT] SIM_AT:READY | SIM_CB:READY | REG:1 | CSQ:18 | TEMP:-1 | DownTime:923s | SLOT:eSIM
[2026-07-17 17:32:20] [HEARTBEAT] SIM_AT:READY | SIM_CB:READY | REG:1 | CSQ:18 | TEMP:-1 | DownTime:956s | SLOT:eSIM
[2026-07-17 17:32:20] [HEARTBEAT] SIM_AT:READY | SIM_CB:READY | REG:1 | CSQ:18 | TEMP:-1 | DownTime:987s | SLOT:eSIM
[2026-07-17 17:32:20] [SLOT] trigger(B-data-dead): down 987s REG=1 CSQ=18 count=1/3 -> switch card
[2026-07-17 17:32:20] [SLOT] switching to role=SECONDARY (Phy)
[2026-07-17 17:32:20] [SLOT] switch to Phy
[2026-07-17 17:32:20] [SLOT] active now eSIM (card READY)
[2026-07-17 17:32:20] [SLOT] cur ICCID: (empty) (eSIM)
[2026-07-17 17:32:20] [APN] load from apn.json (path=/usr/dial/apn.json, count=0)
[2026-07-17 17:32:20] [SLOT] data start OK
[2026-07-17 17:32:20] [HEARTBEAT] SIM_AT:READY | SIM_CB:READY | REG:1 | CSQ:18 | TEMP:-1 | DownTime:1017s | SLOT:eSIM
[2026-07-17 17:34:50] [HEARTBEAT] SIM_AT:READY | SIM_CB:READY | REG:1 | CSQ:18 | TEMP:-1 | DownTime:1050s | SLOT:eSIM
[2026-07-17 17:34:50] [HEARTBEAT] SIM_AT:READY | SIM_CB:READY | REG:1 | CSQ:18 | TEMP:-1 | DownTime:1081s | SLOT:eSIM
[2026-07-17 17:34:50] [HEARTBEAT] SIM_AT:READY | SIM_CB:READY | REG:1 | CSQ:18 | TEMP:-1 | DownTime:1112s | SLOT:eSIM
[2026-07-17 17:34:50] [HEARTBEAT] SIM_AT:READY | SIM_CB:READY | REG:1 | CSQ:18 | TEMP:-1 | DownTime:1144s | SLOT:eSIM
[2026-07-17 17:34:50] [HEARTBEAT] SIM_AT:READY | SIM_CB:READY | REG:1 | CSQ:18 | TEMP:-1 | DownTime:1174s | SLOT:eSIM
[2026-07-17 17:37:20] [HEARTBEAT] SIM_AT:READY | SIM_CB:READY | REG:1 | CSQ:18 | TEMP:-1 | DownTime:1207s | SLOT:eSIM
[2026-07-17 17:37:20] [SLOT] trigger(B-data-dead): down 1228s REG=1 CSQ=18 count=2/3 -> switch card
[2026-07-17 17:37:20] [SLOT] switching to role=SECONDARY (Phy)
[2026-07-17 17:37:20] [SLOT] switch to Phy
[2026-07-17 17:37:20] [SLOT] active now eSIM (card READY)
[2026-07-17 17:37:20] [SLOT] cur ICCID: (empty) (eSIM)
[2026-07-17 17:37:20] [APN] load from apn.json (path=/usr/dial/apn.json, count=0)
[2026-07-17 17:37:20] [SLOT] data start OK
[2026-07-17 17:37:20] [HEARTBEAT] SIM_AT:READY | SIM_CB:READY | REG:1 | CSQ:18 | TEMP:-1 | DownTime:1245s | SLOT:eSIM
[2026-07-17 17:37:20] [HEARTBEAT] SIM_AT:READY | SIM_CB:READY | REG:1 | CSQ:18 | TEMP:-1 | DownTime:1277s | SLOT:eSIM
[2026-07-17 17:37:20] [HEARTBEAT] SIM_AT:READY | SIM_CB:READY | REG:1 | CSQ:18 | TEMP:-1 | DownTime:1308s | SLOT:eSIM
[2026-07-17 17:39:50] [HEARTBEAT] SIM_AT:READY | SIM_CB:READY | REG:1 | CSQ:18 | TEMP:-1 | DownTime:1338s | SLOT:eSIM
[2026-07-17 17:39:50] [HEARTBEAT] SIM_AT:READY | SIM_CB:READY | REG:1 | CSQ:18 | TEMP:-1 | DownTime:1370s | SLOT:eSIM
[2026-07-17 17:39:50] [HEARTBEAT] SIM_AT:READY | SIM_CB:READY | REG:1 | CSQ:18 | TEMP:-1 | DownTime:1400s | SLOT:eSIM
[2026-07-17 17:39:50] [HEARTBEAT] SIM_AT:READY | SIM_CB:READY | REG:1 | CSQ:18 | TEMP:-1 | DownTime:1431s | SLOT:eSIM
[2026-07-17 17:39:50] [HEARTBEAT] SIM_AT:READY | SIM_CB:READY | REG:1 | CSQ:18 | TEMP:-1 | DownTime:1461s | SLOT:eSIM
[2026-07-17 17:42:20] [HEARTBEAT] SIM_AT:READY | SIM_CB:READY | REG:1 | CSQ:18 | TEMP:-1 | DownTime:1492s | SLOT:eSIM
[2026-07-17 17:42:20] [HEARTBEAT] SIM_AT:READY | SIM_CB:READY | REG:1 | CSQ:18 | TEMP:-1 | DownTime:1522s | SLOT:eSIM
[2026-07-17 17:42:20] [ALARM] Net Fail Duration: 1530 sec. Trigger Level 2 recovery.
[2026-07-17 17:42:20] [RECOVERY] LastErr: +CEER: 0,-1
[2026-07-17 17:42:20] [RECOVERY] PDP state: +CGACT: 1,1
[2026-07-17 17:42:20] [RECOVERY L2] Toggling RF (Airplane Mode)... REG=1
EXEC: serial_atcmd AT+CFUN=0
EXEC: serial_atcmd AT+CFUN=1
[2026-07-17 17:42:20] [RECOVERY L2
OK

OK
] RF ON. Waiting 10s for registration...
[2026-07-17 17:42:20] [RECOVERY L2] Restarting Data Call...
[2026-07-17 17:42:20] [RECOVERY L2] Start OK. Waiting for reconnect.
[2026-07-17 17:42:20] [HEARTBEAT] SIM_AT:READY | SIM_CB:READY | REG:1 | CSQ:18 | TEMP:-1 | DownTime:1555s | SLOT:eSIM
[2026-07-17 17:42:20] [HEARTBEAT] SIM_AT:READY | SIM_CB:READY | REG:1 | CSQ:18 | TEMP:-1 | DownTime:1587s | SLOT:eSIM
[2026-07-17 17:42:20] [HEARTBEAT] SIM_AT:READY | SIM_CB:READY | REG:1 | CSQ:18 | TEMP:-1 | DownTime:1618s | SLOT:eSIM
[2026-07-17 17:44:50] [HEARTBEAT] SIM_AT:READY | SIM_CB:READY | REG:1 | CSQ:18 | TEMP:-1 | DownTime:1648s | SLOT:eSIM
[2026-07-17 17:44:50] [HEARTBEAT] SIM_AT:READY | SIM_CB:READY | REG:1 | CSQ:18 | TEMP:-1 | DownTime:1680s | SLOT:eSIM
[2026-07-17 17:44:50] [HEARTBEAT] SIM_AT:READY | SIM_CB:READY | REG:1 | CSQ:18 | TEMP:-1 | DownTime:1712s | SLOT:eSIM
[2026-07-17 17:44:50] [HEARTBEAT] SIM_AT:READY | SIM_CB:READY | REG:1 | CSQ:18 | TEMP:-1 | DownTime:1742s | SLOT:eSIM
[2026-07-17 17:44:50] [HEARTBEAT] SIM_AT:READY | SIM_CB:READY | REG:1 | CSQ:18 | TEMP:-1 | DownTime:1772s | SLOT:eSIM
[2026-07-17 17:47:20] [HEARTBEAT] SIM_AT:READY | SIM_CB:READY | REG:1 | CSQ:18 | TEMP:-1 | DownTime:1804s | SLOT:eSIM
[2026-07-17 17:47:20] [HEARTBEAT] SIM_AT:READY | SIM_CB:READY | REG:1 | CSQ:18 | TEMP:-1 | DownTime:1835s | SLOT:eSIM
[2026-07-17 17:47:20] [ALARM] Net Fail Duration: 1841 sec. Trigger Level 2 recovery.
[2026-07-17 17:47:20] [RECOVERY] LastErr: +CEER: 0,-1
[2026-07-17 17:47:20] [RECOVERY] PDP state: +CGACT: 1,1
[2026-07-17 17:47:20] [RECOVERY L2] Toggling RF (Airplane Mode)... REG=1
EXEC: serial_atcmd AT+CFUN=0
EXEC: serial_atcmd AT+CFUN=1
[2026-07-17 17:47:20] [RECOVERY L2] RF ON. Waiting 10s for registration...
[2026-07-17 17:47:20] [RECOVERY L2] Restarting Data Call...
[2026-07-17 17:47:20] [RECOVERY L2] Start OK. Waiting for reconnect.
[2026-07-17 17:47:20] [HEARTBEAT] SIM_AT:READY | SIM_CB:READY | REG:1 | CSQ:18 | TEMP:-1 | DownTime:1865s | SLOT:eSIM
[2026-07-17 17:47:20] [HEARTBEAT] SIM_AT:READY | SIM_CB:READY | REG:1 | CSQ:18 | TEMP:-1 | DownTime:1898s | SLOT:eSIM
[2026-07-17 17:47:20] [HEARTBEAT] SIM_AT:READY | SIM_CB:READY | REG:1 | CSQ:18 | TEMP:-1 | DownTime:1928s | SLOT:eSIM
[2026-07-17 17:49:50] [HEARTBEAT] SIM_AT:READY | SIM_CB:READY | REG:1 | CSQ:18 | TEMP:-1 | DownTime:1958s | SLOT:eSIM
[2026-07-17 17:49:50] [HEARTBEAT] SIM_AT:READY | SIM_CB:READY | REG:1 | CSQ:18 | TEMP:-1 | DownTime:1988s | SLOT:eSIM
[2026-07-17 17:49:50] [HEARTBEAT] SIM_AT:READY | SIM_CB:READY | REG:1 | CSQ:18 | TEMP:-1 | DownTime:2020s | SLOT:eSIM
[2026-07-17 17:49:50] [HEARTBEAT] SIM_AT:READY | SIM_CB:READY | REG:1 | CSQ:18 | TEMP:-1 | DownTime:2050s | SLOT:eSIM
[2026-07-17 17:49:50] [HEARTBEAT] SIM_AT:READY | SIM_CB:READY | REG:1 | CSQ:18 | TEMP:-1 | DownTime:2080s | SLOT:eSIM
[2026-07-17 17:52:20] [ALARM] Net Fail Duration: 2102 sec. Trigger Level 3 recovery.
[2026-07-17 17:52:20] [RECOVERY] LastErr: +CEER: 0,-1
[2026-07-17 17:52:20] [RECOVERY] PDP state: +CGACT: 1,1
[2026-07-17 17:52:20] [RECOVERY L3] FATAL: Network down 35mins. Exiting for watchdog/init to reinitialize.
[2026-07-17 17:52:20] [LED] state 1 -> 0, send (L3 exit)
