[2026-07-17 17:07:47] [INIT] Fast Retry Limit Reached. Entering persistent loop mode.
[2026-07-17 17:07:47] [INIT] Starting dial initialization...
[2026-07-17 17:07:47] [INIT] Waiting for ql_data_call_init...
[2026-07-17 17:07:47] [INIT] data_call_init OK.
ql_sim_init ok
[2026-07-17 17:07:47] [SIM] sim_init OK
[2026-07-17 17:07:47] [SLOT] config: no /usr/dial/dualsim.json, seed write failed, use built-in defaults
[2026-07-17 17:07:47] [OPER] overseas operator-select (dualsim.json oper_select): 0
[2026-07-17 17:07:47] [SLOT] init: enable=1 primary_phy=1(eSIM) switch_after=600s denied_after=0s(0=follow) cooldown=120s budget=3 fast_boot=1 last_good_ttl=86400s data_dead_settle=120s weak_csq=6 probe_back=0s(0=off)
[2026-07-17 17:07:47] [SLOT] fast-boot: no valid last-good, fall back to cold select
[2026-07-17 17:07:47] [SLOT] cold select: probing both physical slots (data-verified)
[2026-07-17 17:07:47] [SLOT] switch to Phy
[2026-07-17 17:07:47] [SLOT] active now eSIM (card READY)
[2026-07-17 17:07:47] [SLOT] cur ICCID: (empty) (eSIM)
[2026-07-17 17:07:47] [APN] load from apn.json (path=/usr/dial/apn.json, count=0)
[2026-07-17 17:07:47] [SLOT] data start OK
[2026-07-17 17:07:47] [SLOT] probe RAT=0 (+0)
[2026-07-17 17:07:47] [SLOT] probe score: REG=0 CSQ=15 -> score=2015
[2026-07-17 17:07:47] [SLOT] cold probe Phy: score=2015
[2026-07-17 17:07:47] [SLOT] switch to eSIM
[2026-07-17 17:07:47] [SLOT] active now eSIM (card READY)
[2026-07-17 17:09:27] [SLOT] cur ICCID: (empty) (eSIM)
[2026-07-17 17:09:27] [APN] load from apn.json (path=/usr/dial/apn.json, count=0)
[2026-07-17 17:09:27] [SLOT] data start OK
[2026-07-17 17:09:27] [SLOT] probe RAT=0 (+0)
[2026-07-17 17:09:27] [SLOT] probe score: REG=0 CSQ=15 -> score=2015
[2026-07-17 17:09:27] [SLOT] cold probe eSIM: score=2015
[2026-07-17 17:09:27] [SLOT] cold select result: best=Phy (score=2015) -> drive Phy
[2026-07-17 17:09:27] [SLOT] switch to Phy
[2026-07-17 17:09:27] [SLOT] active now eSIM (card READY)
[2026-07-17 17:09:27] [SLOT] slot select done, Fast-Fail timer rebased.
[2026-07-17 17:09:27] [INIT] ICCID: (empty)
[2026-07-17 17:09:27] [INIT] SIM state: READY
[2026-07-17 17:09:27] [APN] load from apn.json (path=/usr/dial/apn.json, count=0)
[2026-07-17 17:09:27] [INIT] APN set success
[2026-07-17 17:09:27] [INIT] set_reconnect_mode(NORMAL): OK
[2026-07-17 17:09:27] [INIT] ql_data_call_config: OK
[2026-07-17 17:09:27] [INIT] Starting Data Call...
[2026-07-17 17:09:27] [INIT] IMEI:    865965086914080
[2026-07-17 17:09:27] [INIT] FW:      (unknown)
[2026-07-17 17:09:27] [INIT] SUB:     (unknown)
[2026-07-17 17:09:27] [INIT] AP_FW:   (unknown)
[2026-07-17 17:09:27] [INIT] CP_FW:   (unknown)
[2026-07-17 17:09:27] [INIT] IMSI:    460089087110299
[2026-07-17 17:09:27] [INIT] Operator:+COPS: 0,2,"46000",7
[2026-07-17 17:09:27] [INIT] CFUN:    +CFUN: 1
[2026-07-17 17:09:27] [INIT] PDP cfg: +CGDCONT: 1,"IP","internet","0.0.0.0",0,0,0,0
##### PRO type 
[2026-07-17 17:09:27] [LED] startup, send blink
[2026-07-17 17:09:27] [HEARTBEAT] SIM_AT:READY | SIM_CB:READY | REG:0 | CSQ:15 | TEMP:-1 | DownTime:0s | SLOT:eSIM
[2026-07-17 17:09:27] [INFO] SDK auto-reconnect phase started (interval=25s). L1 at 300s, L2 at 600s, L3 at 2100s.
[2026-07-17 17:09:27] [DIAG] IP:10.1.2.3 | CEER:0,-1 | PDP:+CGACT: 1,1
[2026-07-17 17:09:27] [HEARTBEAT] SIM_AT:READY | SIM_CB:READY | REG:0 | CSQ:15 | TEMP:-1 | DownTime:19s | SLOT:eSIM
[2026-07-17 17:11:07] [HEARTBEAT] SIM_AT:READY | SIM_CB:READY | REG:0 | CSQ:15 | TEMP:-1 | DownTime:49s | SLOT:eSIM
[2026-07-17 17:11:07] [HEARTBEAT] SIM_AT:READY | SIM_CB:READY | REG:0 | CSQ:15 | TEMP:-1 | DownTime:80s | SLOT:eSIM
[2026-07-17 17:11:07] [HEARTBEAT] SIM_AT:READY | SIM_CB:READY | REG:0 | CSQ:15 | TEMP:-1 | DownTime:110s | SLOT:eSIM
[2026-07-17 17:11:07] [HEARTBEAT] SIM_AT:READY | SIM_CB:READY | REG:0 | CSQ:15 | TEMP:-1 | DownTime:140s | SLOT:eSIM
[2026-07-17 17:12:47] [HEARTBEAT] SIM_AT:READY | SIM_CB:READY | REG:0 | CSQ:15 | TEMP:-1 | DownTime:171s | SLOT:eSIM
[2026-07-17 17:12:47] [HEARTBEAT] SIM_AT:READY | SIM_CB:READY | REG:0 | CSQ:15 | TEMP:-1 | DownTime:201s | SLOT:eSIM
[2026-07-17 17:12:47] [HEARTBEAT] SIM_AT:READY | SIM_CB:READY | REG:0 | CSQ:15 | TEMP:-1 | DownTime:231s | SLOT:eSIM
[2026-07-17 17:14:27] [HEARTBEAT] SIM_AT:READY | SIM_CB:READY | REG:0 | CSQ:15 | TEMP:-1 | DownTime:261s | SLOT:eSIM
[2026-07-17 17:14:27] [HEARTBEAT] SIM_AT:READY | SIM_CB:READY | REG:0 | CSQ:15 | TEMP:-1 | DownTime:292s | SLOT:eSIM
[2026-07-17 17:14:27] [HEARTBEAT] SIM_AT:READY | SIM_CB:READY | REG:0 | CSQ:15 | TEMP:-1 | DownTime:322s | SLOT:eSIM
[2026-07-17 17:16:07] [HEARTBEAT] SIM_AT:READY | SIM_CB:READY | REG:0 | CSQ:15 | TEMP:-1 | DownTime:353s | SLOT:eSIM
[2026-07-17 17:16:07] [HEARTBEAT] SIM_AT:READY | SIM_CB:READY | REG:0 | CSQ:15 | TEMP:-1 | DownTime:384s | SLOT:eSIM
[2026-07-17 17:16:07] [HEARTBEAT] SIM_AT:READY | SIM_CB:READY | REG:0 | CSQ:15 | TEMP:-1 | DownTime:415s | SLOT:eSIM
[2026-07-17 17:17:47] [HEARTBEAT] SIM_AT:READY | SIM_CB:READY | REG:0 | CSQ:15 | TEMP:-1 | DownTime:455s | SLOT:eSIM
[2026-07-17 17:17:47] [HEARTBEAT] SIM_AT:READY | SIM_CB:READY | REG:0 | CSQ:15 | TEMP:-1 | DownTime:485s | SLOT:eSIM
[2026-07-17 17:19:27] [HEARTBEAT] SIM_AT:READY | SIM_CB:READY | REG:0 | CSQ:15 | TEMP:-1 | DownTime:525s | SLOT:eSIM
[2026-07-17 17:21:07] [HEARTBEAT] SIM_AT:READY | SIM_CB:READY | REG:0 | CSQ:15 | TEMP:-1 | DownTime:560s | SLOT:eSIM
[2026-07-17 17:21:07] [HEARTBEAT] SIM_AT:READY | SIM_CB:READY | REG:0 | CSQ:15 | TEMP:-1 | DownTime:659s | SLOT:eSIM
[2026-07-17 17:21:07] [HEARTBEAT] SIM_AT:READY | SIM_CB:READY | REG:0 | CSQ:15 | TEMP:-1 | DownTime:690s | SLOT:eSIM
[2026-07-17 17:21:07] [SLOT] trigger(A-no-net): down 690s REG=0 CSQ=15 count=0/3 -> switch card
[2026-07-17 17:21:07] [SLOT] switching to role=SECONDARY (Phy)
[2026-07-17 17:21:07] [SLOT] switch to Phy
[2026-07-17 17:21:07] [SLOT] active now eSIM (card READY)
[2026-07-17 17:21:07] [SLOT] cur ICCID: (empty) (eSIM)
[2026-07-17 17:21:07] [APN] load from apn.json (path=/usr/dial/apn.json, count=0)
[2026-07-17 17:21:07] [SLOT] data start OK
[2026-07-17 17:21:07] [HEARTBEAT] SIM_AT:READY | SIM_CB:READY | REG:0 | CSQ:15 | TEMP:-1 | DownTime:734s | SLOT:eSIM
[2026-07-17 17:21:07] [INFO] never-connected, policy recovery (L1/L2/L3) gated. Downtime 740s, REG=0, data service OK but no data -- suspected SIM/account issue (e.g. suspended / no data plan).
[2026-07-17 17:22:47] [HEARTBEAT] SIM_AT:READY | SIM_CB:READY | REG:0 | CSQ:15 | TEMP:-1 | DownTime:764s | SLOT:eSIM
[2026-07-17 17:22:47] [EVENT] Exit requested. Turning LED off and leaving dial_loop.
