[2026-07-17 15:39:01] [INIT] Fast Retry Limit Reached. Entering persistent loop mode.
[2026-07-17 15:39:01] [INIT] Starting dial initialization...
[2026-07-17 15:39:01] [INIT] Waiting for ql_data_call_init...
[2026-07-17 15:39:01] [INIT] data_call_init OK.
ql_sim_init ok
[2026-07-17 15:39:01] [SIM] sim_init OK
[2026-07-17 15:39:01] [INIT] ICCID: (empty)
[2026-07-17 15:39:01] [INIT] SIM state: READY
[2026-07-17 15:39:01] [APN] load from apn.json (path=/usr/dial/apn.json, count=0)
[2026-07-17 15:39:01] [INIT] APN set success
[2026-07-17 15:39:01] [INIT] set_reconnect_mode(NORMAL): OK
[2026-07-17 15:39:01] [INIT] ql_data_call_config: OK
[2026-07-17 15:39:01] [INIT] Starting Data Call...
[2026-07-17 15:39:01] [INIT] IMEI:    865965086914080
[2026-07-17 15:39:01] [INIT] FW:      (unknown)
[2026-07-17 15:39:01] [INIT] SUB:     (unknown)
[2026-07-17 15:39:01] [INIT] AP_FW:   (unknown)
[2026-07-17 15:39:01] [INIT] CP_FW:   (unknown)
[2026-07-17 15:39:01] [INIT] IMSI:    460089087110299
[2026-07-17 15:39:01] [INIT] Operator:+COPS: 0,2,"46000",7
[2026-07-17 15:39:01] [INIT] CFUN:    +CFUN: 1
[2026-07-17 15:39:01] [INIT] PDP cfg: +CGDCONT: 1,"IP","internet","0.0.0.0",0,0,0,0
##### PRO type 
[2026-07-17 15:39:01] [LED] startup, send blink
[2026-07-17 15:39:01] [HEARTBEAT] SIM_AT:READY | SIM_CB:READY | REG:1 | CSQ:3 | TEMP:-1 | DownTime:0s
[2026-07-17 15:39:01] [INFO] SDK auto-reconnect phase started (interval=25s). L1 at 300s, L2 at 600s, L3 at 2100s.
[2026-07-17 15:39:01] [DIAG] IP:10.1.2.3 | CEER:0,-1 | PDP:+CGACT: 1,1
[2026-07-17 15:39:01] [HEARTBEAT] SIM_AT:READY | SIM_CB:READY | REG:1 | CSQ:3 | TEMP:-1 | DownTime:19s
[2026-07-17 15:39:01] [HEARTBEAT] SIM_AT:READY | SIM_CB:READY | REG:1 | CSQ:3 | TEMP:-1 | DownTime:50s
[2026-07-17 15:40:41] [HEARTBEAT] SIM_AT:READY | SIM_CB:READY | REG:1 | CSQ:3 | TEMP:-1 | DownTime:82s
[2026-07-17 15:40:41] [HEARTBEAT] SIM_AT:READY | SIM_CB:READY | REG:1 | CSQ:3 | TEMP:-1 | DownTime:112s
[2026-07-17 15:40:41] [HEARTBEAT] SIM_AT:READY | SIM_CB:READY | REG:1 | CSQ:3 | TEMP:-1 | DownTime:142s
[2026-07-17 15:42:21] [HEARTBEAT] SIM_AT:READY | SIM_CB:READY | REG:1 | CSQ:3 | TEMP:-1 | DownTime:174s
[2026-07-17 15:42:21] [HEARTBEAT] SIM_AT:READY | SIM_CB:READY | REG:1 | CSQ:3 | TEMP:-1 | DownTime:205s
[2026-07-17 15:42:21] [HEARTBEAT] SIM_AT:READY | SIM_CB:READY | REG:1 | CSQ:3 | TEMP:-1 | DownTime:236s
[2026-07-17 15:42:21] [HEARTBEAT] SIM_AT:READY | SIM_CB:READY | REG:1 | CSQ:3 | TEMP:-1 | DownTime:266s
[2026-07-17 15:44:01] [HEARTBEAT] SIM_AT:READY | SIM_CB:READY | REG:1 | CSQ:3 | TEMP:-1 | DownTime:296s
[2026-07-17 15:44:01] [HEARTBEAT] SIM_AT:READY | SIM_CB:READY | REG:1 | CSQ:3 | TEMP:-1 | DownTime:326s
[2026-07-17 15:44:01] [HEARTBEAT] SIM_AT:READY | SIM_CB:READY | REG:1 | CSQ:3 | TEMP:-1 | DownTime:356s
[2026-07-17 15:45:41] [HEARTBEAT] SIM_AT:READY | SIM_CB:READY | REG:1 | CSQ:3 | TEMP:-1 | DownTime:386s
[2026-07-17 15:45:41] [HEARTBEAT] SIM_AT:READY | SIM_CB:READY | REG:1 | CSQ:3 | TEMP:-1 | DownTime:416s
[2026-07-17 15:45:41] [HEARTBEAT] SIM_AT:READY | SIM_CB:READY | REG:1 | CSQ:3 | TEMP:-1 | DownTime:446s
[2026-07-17 15:47:21] [HEARTBEAT] SIM_AT:READY | SIM_CB:READY | REG:1 | CSQ:3 | TEMP:-1 | DownTime:476s
[2026-07-17 15:47:21] [HEARTBEAT] SIM_AT:READY | SIM_CB:READY | REG:1 | CSQ:3 | TEMP:-1 | DownTime:506s
[2026-07-17 15:47:21] [HEARTBEAT] SIM_AT:READY | SIM_CB:READY | REG:1 | CSQ:3 | TEMP:-1 | DownTime:537s
[2026-07-17 15:47:21] [HEARTBEAT] SIM_AT:READY | SIM_CB:READY | REG:1 | CSQ:3 | TEMP:-1 | DownTime:567s
[2026-07-17 15:49:01] [HEARTBEAT] SIM_AT:READY | SIM_CB:READY | REG:1 | CSQ:3 | TEMP:-1 | DownTime:597s
[2026-07-17 15:49:01] [INFO] never-connected, policy recovery (L1/L2/L3) gated. Downtime 601s, REG=1, data service OK but no data -- suspected SIM/account issue (e.g. suspended / no data plan).
[2026-07-17 15:49:01] [HEARTBEAT] SIM_AT:READY | SIM_CB:READY | REG:1 | CSQ:3 | TEMP:-1 | DownTime:627s
[2026-07-17 15:49:01] [HEARTBEAT] SIM_AT:READY | SIM_CB:READY | REG:1 | CSQ:3 | TEMP:-1 | DownTime:658s
[2026-07-17 15:50:41] [HEARTBEAT] SIM_AT:READY | SIM_CB:READY | REG:1 | CSQ:3 | TEMP:-1 | DownTime:688s
[2026-07-17 15:50:41] [HEARTBEAT] SIM_AT:READY | SIM_CB:READY | REG:1 | CSQ:3 | TEMP:-1 | DownTime:719s
[2026-07-17 15:50:41] [HEARTBEAT] SIM_AT:READY | SIM_CB:READY | REG:1 | CSQ:3 | TEMP:-1 | DownTime:749s
[2026-07-17 15:52:21] [HEARTBEAT] SIM_AT:READY | SIM_CB:READY | REG:1 | CSQ:3 | TEMP:-1 | DownTime:779s
[2026-07-17 15:52:21] [HEARTBEAT] SIM_AT:READY | SIM_CB:READY | REG:1 | CSQ:3 | TEMP:-1 | DownTime:809s
[2026-07-17 15:52:21] [HEARTBEAT] SIM_AT:READY | SIM_CB:READY | REG:1 | CSQ:3 | TEMP:-1 | DownTime:839s
[2026-07-17 15:54:01] [HEARTBEAT] SIM_AT:READY | SIM_CB:READY | REG:1 | CSQ:3 | TEMP:-1 | DownTime:869s
[2026-07-17 15:54:01] [EVENT] Exit requested. Turning LED off and leaving dial_loop.
