=== Dial Log Opened [2026-08-18 17:58:06] daykey=2026-08-18 ===
[2026-08-18 17:58:06] [CPDUMP] Bind mounted /media/sdcard -> /sdcard for CP dump capture.
[2026-08-18 17:58:06] [CPDUMP] No existing CP dumps.
[2026-08-18 17:58:06] [NetCheck] Waiting for network interface 'ccinet0' (Wait max 30s)...
[2026-08-18 17:58:06] [NetCheck] Interface 'ccinet0' is ready!
[2026-08-18 17:58:06] ccinet0 interface is ready. Program continuing...
[2026-08-18 17:58:06] Program started. Version: 1.32.0
[2026-08-18 17:58:06] [NANOMSG] REQ/REP handler started, url=tcp://127.0.0.1:38001 sock=0
[2026-08-18 17:58:07] [INIT] Fast Retry Mode: Attempt 1/3
[2026-08-18 17:58:07] [INIT] Starting dial initialization...
[2026-08-18 17:58:07] [INIT] Waiting for ql_data_call_init...
[2026-08-18 17:58:07] [INIT] data_call_init OK.
[2026-08-18 17:58:07] [INIT] NW service init OK.
[2026-08-18 17:58:07] [SIM] sim_init OK
[2026-08-18 17:58:07] [SLOT] config: loaded /usr/dial/dualsim.json
[2026-08-18 17:58:07] [OPER] overseas operator-select (dualsim.json oper_select): 0
[2026-08-18 17:58:07] [SLOT] init: enable=1 primary_phy=1(eSIM) switch_after=600s denied_after=0s(0=follow) cooldown=120s budget=3 fast_boot=1 last_good_ttl=86400s data_dead_settle=120s weak_csq=6 probe_back=0s(0=off)
[2026-08-18 17:58:07] [EVENT] DataCall[1/auto_network]: dial status none -> dial created
[2026-08-18 17:58:07] [SLOT] fast-boot: try last-good eSIM
[2026-08-18 17:58:07] [SLOT] switch to eSIM
[2026-08-18 17:58:14] [SLOT] active now eSIM (card READY)
[2026-08-18 17:58:17] [SLOT] cur ICCID: 89464283216143542365 (eSIM)
[2026-08-18 17:58:17] [APN] load from apn.json (path=/usr/dial/apn.json, count=0)
[2026-08-18 17:58:17] [EVENT] DataCall[1/auto_network]: dial created -> dial idle
[2026-08-18 17:58:17] [EVENT] DataCall[1/auto_network]: dial idle -> dial connecting
[2026-08-18 17:58:17] [SLOT] data start OK
[2026-08-18 17:58:17] [EVENT] DataCall[1/auto_network]: dial connecting -> dial connected
[2026-08-18 17:58:17] [EVENT] PDP IPv4: IF=ccinet1 IP=10.79.115.135 GW=10.79.115.136 DNS=8.8.8.8/8.8.4.4
[2026-08-18 17:58:18] [EVENT] DataCall[1/auto_network]: dial connected -> dial idle
[2026-08-18 17:58:18] [EVENT] PDP Idle (was connected): IF=ccinet1
[2026-08-18 17:58:21] [SLOT] fast-boot: HIT eSIM (ping ok), skip other slot
[2026-08-18 17:58:21] [SLOT] slot select done, Fast-Fail timer rebased.
[2026-08-18 17:58:21] [INIT] ICCID: 89464283216143542365
[2026-08-18 17:58:21] [INIT] SIM state: READY
[2026-08-18 17:58:21] [APN] load from apn.json (path=/usr/dial/apn.json, count=0)
[2026-08-18 17:58:21] [INIT] APN set success
[2026-08-18 17:58:21] [INIT] set_reconnect_mode(NORMAL): OK
[2026-08-18 17:58:21] [INIT] ql_data_call_config: OK
[2026-08-18 17:58:21] [INIT] Starting Data Call...
[2026-08-18 17:58:21] [EVENT] DataCall[1/auto_network]: dial idle -> dial connecting
[2026-08-18 17:58:21] [INIT] IMEI:    866785070731723
[2026-08-18 17:58:21] [EVENT] DataCall[1/auto_network]: dial connecting -> dial connected
[2026-08-18 17:58:21] [INIT] FW:      AG35EUTDAR01A12M4G_OCPU_M08_01.001.01.001
[2026-08-18 17:58:21] [EVENT] PDP IPv4: IF=ccinet1 IP=10.79.115.135 GW=10.79.115.136 DNS=8.8.8.8/8.8.4.4
[2026-08-18 17:58:21] [INIT] SUB:      V01
[2026-08-18 17:58:21] [INIT] AP_FW:   OW24.10_asr1806p301_rls1383_1.057.081_20260211_15_02_bld66_SDK
[2026-08-18 17:58:21] [INIT] CP_FW:   FALCON_CP_SDK1.057.081_Q_car_OfficialX_Linux::FALCON_LWG_M13_A0_MSA_1.057.088.#139696.CQ00155947.yihuohuang.CQ00160316.junluxu::FalconT_AG35_EUT_DA_20240123_RFAPI_v5.53d_FEM_v5.45_RC18_RFVersion
[2026-08-18 17:58:21] [INIT] IMSI:    240422614354236
[2026-08-18 17:58:21] [INIT] Operator:+COPS: 0,2,"46001",7
[2026-08-18 17:58:22] [INIT] CFUN:    +CFUN: 1
[2026-08-18 17:58:22] [INIT] PDP cfg: +CGDCONT: 2,"IP","","10.79.115.135",0,0,,,,
[2026-08-18 17:58:22] [LED] startup, send blink
[2026-08-18 17:58:23] [INIT] PDP connected, start Ping window (10000ms).
[2026-08-18 17:58:23] [HEARTBEAT] SIM_AT:READY | SIM_CB:READY | REG:5 | SRV:2 RAT:LTE DENY:0 | CSQ:31 | RSRP:-75 RSRQ:-8 SNR:350 RSSI:-48 | TEMP:37 | DownTime:0s | SLOT:eSIM
[2026-08-18 17:58:25] [INIT] Dial success. Retry count cleared.
[2026-08-18 17:58:25] [PING] Ping 8.8.8.8 OK
[2026-08-18 17:58:25] [TZ] date -R response: Tue, 18 Aug 2026 17:58:25 +0800
[2026-08-18 17:58:25] [TZ] Parsed timezone: tz=32 (saved to /usr/dial/tz.ini)
[2026-08-18 17:58:25] [EVENT] Network Connected. Notification sent.
[2026-08-18 17:58:25] [SLOT] mark last-good eSIM
[2026-08-18 17:58:25] [LED] state 1 -> 2, send
[2026-08-18 17:58:26] [HEARTBEAT] OPER:Telenor CXN 46001 | CID:0099d991 | IP:10.79.115.135
[2026-08-18 17:58:54] [HEARTBEAT] SIM_AT:READY | SIM_CB:READY | REG:5 | SRV:2 RAT:LTE DENY:0 | CSQ:31 | RSRP:-75 RSRQ:-8 SNR:350 RSSI:-48 | TEMP:36 | DownTime:0s | SLOT:eSIM
[2026-08-18 17:59:24] [HEARTBEAT] SIM_AT:READY | SIM_CB:READY | REG:5 | SRV:2 RAT:LTE DENY:0 | CSQ:31 | RSRP:-75 RSRQ:-8 SNR:350 RSSI:-48 | TEMP:36 | DownTime:0s | SLOT:eSIM
[2026-08-18 17:59:54] [HEARTBEAT] SIM_AT:READY | SIM_CB:READY | REG:5 | SRV:2 RAT:LTE DENY:0 | CSQ:31 | RSRP:-75 RSRQ:-8 SNR:350 RSSI:-48 | TEMP:36 | DownTime:0s | SLOT:eSIM
[2026-08-18 18:00:24] [HEARTBEAT] SIM_AT:READY | SIM_CB:READY | REG:5 | SRV:2 RAT:LTE DENY:0 | CSQ:31 | RSRP:-75 RSRQ:-8 SNR:350 RSSI:-48 | TEMP:36 | DownTime:0s | SLOT:eSIM
[2026-08-18 18:00:54] [HEARTBEAT] SIM_AT:READY | SIM_CB:READY | REG:5 | SRV:2 RAT:LTE DENY:0 | CSQ:31 | RSRP:-75 RSRQ:-8 SNR:350 RSSI:-48 | TEMP:36 | DownTime:0s | SLOT:eSIM
[2026-08-18 18:01:24] [HEARTBEAT] SIM_AT:READY | SIM_CB:READY | REG:5 | SRV:2 RAT:LTE DENY:0 | CSQ:31 | RSRP:-75 RSRQ:-8 SNR:350 RSSI:-48 | TEMP:36 | DownTime:0s | SLOT:eSIM
[2026-08-18 18:01:54] [HEARTBEAT] SIM_AT:READY | SIM_CB:READY | REG:5 | SRV:2 RAT:LTE DENY:0 | CSQ:31 | RSRP:-75 RSRQ:-8 SNR:350 RSSI:-48 | TEMP:36 | DownTime:0s | SLOT:eSIM
[2026-08-18 18:02:24] [HEARTBEAT] SIM_AT:READY | SIM_CB:READY | REG:5 | SRV:2 RAT:LTE DENY:0 | CSQ:31 | RSRP:-75 RSRQ:-8 SNR:350 RSSI:-48 | TEMP:36 | DownTime:0s | SLOT:eSIM
[2026-08-18 18:02:54] [HEARTBEAT] SIM_AT:READY | SIM_CB:READY | REG:5 | SRV:2 RAT:LTE DENY:0 | CSQ:31 | RSRP:-73 RSRQ:-9 SNR:350 RSSI:-48 | TEMP:36 | DownTime:0s | SLOT:eSIM
[2026-08-18 18:03:24] [HEARTBEAT] SIM_AT:READY | SIM_CB:READY | REG:5 | SRV:2 RAT:LTE DENY:0 | CSQ:31 | RSRP:-75 RSRQ:-8 SNR:350 RSSI:-48 | TEMP:36 | DownTime:0s | SLOT:eSIM
[2026-08-18 18:03:27] [HEARTBEAT] OPER:Telenor CXN 46001 | CID:0099d991 | IP:10.79.115.135
[2026-08-18 18:03:54] [HEARTBEAT] SIM_AT:READY | SIM_CB:READY | REG:5 | SRV:2 RAT:LTE DENY:0 | CSQ:31 | RSRP:-75 RSRQ:-8 SNR:350 RSSI:-48 | TEMP:37 | DownTime:0s | SLOT:eSIM
[2026-08-18 18:04:24] [HEARTBEAT] SIM_AT:READY | SIM_CB:READY | REG:5 | SRV:2 RAT:LTE DENY:0 | CSQ:31 | RSRP:-71 RSRQ:-10 SNR:350 RSSI:-48 | TEMP:36 | DownTime:0s | SLOT:eSIM
[2026-08-18 18:04:54] [HEARTBEAT] SIM_AT:READY | SIM_CB:READY | REG:5 | SRV:2 RAT:LTE DENY:0 | CSQ:31 | RSRP:-72 RSRQ:-9 SNR:350 RSSI:-48 | TEMP:36 | DownTime:0s | SLOT:eSIM
[2026-08-18 18:05:24] [HEARTBEAT] SIM_AT:READY | SIM_CB:READY | REG:5 | SRV:2 RAT:LTE DENY:0 | CSQ:31 | RSRP:-73 RSRQ:-8 SNR:350 RSSI:-48 | TEMP:36 | DownTime:0s | SLOT:eSIM
[2026-08-18 18:05:54] [HEARTBEAT] SIM_AT:READY | SIM_CB:READY | REG:5 | SRV:2 RAT:LTE DENY:0 | CSQ:31 | RSRP:-73 RSRQ:-8 SNR:350 RSSI:-48 | TEMP:36 | DownTime:0s | SLOT:eSIM
[2026-08-18 18:06:24] [HEARTBEAT] SIM_AT:READY | SIM_CB:READY | REG:5 | SRV:2 RAT:LTE DENY:0 | CSQ:31 | RSRP:-73 RSRQ:-8 SNR:350 RSSI:-48 | TEMP:36 | DownTime:0s | SLOT:eSIM
[2026-08-18 18:06:55] [HEARTBEAT] SIM_AT:READY | SIM_CB:READY | REG:5 | SRV:2 RAT:LTE DENY:0 | CSQ:31 | RSRP:-73 RSRQ:-8 SNR:350 RSSI:-48 | TEMP:36 | DownTime:0s | SLOT:eSIM
[2026-08-18 18:07:25] [HEARTBEAT] SIM_AT:READY | SIM_CB:READY | REG:5 | SRV:2 RAT:LTE DENY:0 | CSQ:31 | RSRP:-73 RSRQ:-8 SNR:350 RSSI:-48 | TEMP:37 | DownTime:0s | SLOT:eSIM
[2026-08-18 18:07:55] [HEARTBEAT] SIM_AT:READY | SIM_CB:READY | REG:5 | SRV:2 RAT:LTE DENY:0 | CSQ:31 | RSRP:-71 RSRQ:-9 SNR:350 RSSI:-48 | TEMP:37 | DownTime:0s | SLOT:eSIM
[2026-08-18 18:08:25] [HEARTBEAT] SIM_AT:READY | SIM_CB:READY | REG:5 | SRV:2 RAT:LTE DENY:0 | CSQ:31 | RSRP:-74 RSRQ:-8 SNR:350 RSSI:-48 | TEMP:37 | DownTime:0s | SLOT:eSIM
[2026-08-18 18:08:27] [HEARTBEAT] OPER:Telenor CXN 46001 | CID:0099d991 | IP:10.79.115.135
[2026-08-18 18:08:55] [HEARTBEAT] SIM_AT:READY | SIM_CB:READY | REG:5 | SRV:2 RAT:LTE DENY:0 | CSQ:31 | RSRP:-71 RSRQ:-8 SNR:350 RSSI:-48 | TEMP:37 | DownTime:0s | SLOT:eSIM
[2026-08-18 18:09:25] [HEARTBEAT] SIM_AT:READY | SIM_CB:READY | REG:5 | SRV:2 RAT:LTE DENY:0 | CSQ:31 | RSRP:-71 RSRQ:-8 SNR:350 RSSI:-48 | TEMP:37 | DownTime:0s | SLOT:eSIM
[2026-08-18 18:09:55] [HEARTBEAT] SIM_AT:READY | SIM_CB:READY | REG:5 | SRV:2 RAT:LTE DENY:0 | CSQ:31 | RSRP:-71 RSRQ:-8 SNR:350 RSSI:-48 | TEMP:36 | DownTime:0s | SLOT:eSIM
[2026-08-18 18:10:25] [HEARTBEAT] SIM_AT:READY | SIM_CB:READY | REG:5 | SRV:2 RAT:LTE DENY:0 | CSQ:31 | RSRP:-71 RSRQ:-8 SNR:350 RSSI:-48 | TEMP:36 | DownTime:0s | SLOT:eSIM
[2026-08-18 18:10:55] [HEARTBEAT] SIM_AT:READY | SIM_CB:READY | REG:5 | SRV:2 RAT:LTE DENY:0 | CSQ:31 | RSRP:-71 RSRQ:-8 SNR:350 RSSI:-48 | TEMP:37 | DownTime:0s | SLOT:eSIM
[2026-08-18 18:11:25] [HEARTBEAT] SIM_AT:READY | SIM_CB:READY | REG:5 | SRV:2 RAT:LTE DENY:0 | CSQ:31 | RSRP:-71 RSRQ:-8 SNR:350 RSSI:-48 | TEMP:37 | DownTime:0s | SLOT:eSIM
[2026-08-18 18:11:55] [HEARTBEAT] SIM_AT:READY | SIM_CB:READY | REG:5 | SRV:2 RAT:LTE DENY:0 | CSQ:31 | RSRP:-71 RSRQ:-8 SNR:350 RSSI:-48 | TEMP:37 | DownTime:0s | SLOT:eSIM
[2026-08-18 18:12:25] [HEARTBEAT] SIM_AT:READY | SIM_CB:READY | REG:5 | SRV:2 RAT:LTE DENY:0 | CSQ:31 | RSRP:-73 RSRQ:-8 SNR:350 RSSI:-48 | TEMP:36 | DownTime:0s | SLOT:eSIM
[2026-08-18 18:12:55] [HEARTBEAT] SIM_AT:READY | SIM_CB:READY | REG:5 | SRV:2 RAT:LTE DENY:0 | CSQ:31 | RSRP:-72 RSRQ:-9 SNR:350 RSSI:-48 | TEMP:37 | DownTime:0s | SLOT:eSIM
[2026-08-18 18:13:25] [HEARTBEAT] SIM_AT:READY | SIM_CB:READY | REG:5 | SRV:2 RAT:LTE DENY:0 | CSQ:31 | RSRP:-72 RSRQ:-9 SNR:350 RSSI:-48 | TEMP:36 | DownTime:0s | SLOT:eSIM
[2026-08-18 18:13:27] [HEARTBEAT] OPER:Telenor CXN 46001 | CID:0099d991 | IP:10.79.115.135
[2026-08-18 18:13:55] [HEARTBEAT] SIM_AT:READY | SIM_CB:READY | REG:5 | SRV:2 RAT:LTE DENY:0 | CSQ:31 | RSRP:-72 RSRQ:-9 SNR:350 RSSI:-48 | TEMP:37 | DownTime:0s | SLOT:eSIM
[2026-08-18 18:14:25] [HEARTBEAT] SIM_AT:READY | SIM_CB:READY | REG:5 | SRV:2 RAT:LTE DENY:0 | CSQ:31 | RSRP:-72 RSRQ:-9 SNR:350 RSSI:-48 | TEMP:37 | DownTime:0s | SLOT:eSIM
[2026-08-18 18:14:55] [HEARTBEAT] SIM_AT:READY | SIM_CB:READY | REG:5 | SRV:2 RAT:LTE DENY:0 | CSQ:31 | RSRP:-72 RSRQ:-9 SNR:350 RSSI:-48 | TEMP:36 | DownTime:0s | SLOT:eSIM
[2026-08-18 18:15:25] [HEARTBEAT] SIM_AT:READY | SIM_CB:READY | REG:5 | SRV:2 RAT:LTE DENY:0 | CSQ:31 | RSRP:-72 RSRQ:-9 SNR:350 RSSI:-48 | TEMP:36 | DownTime:0s | SLOT:eSIM
[2026-08-18 18:15:55] [HEARTBEAT] SIM_AT:READY | SIM_CB:READY | REG:5 | SRV:2 RAT:LTE DENY:0 | CSQ:31 | RSRP:-72 RSRQ:-9 SNR:350 RSSI:-48 | TEMP:36 | DownTime:0s | SLOT:eSIM
[2026-08-18 18:16:25] [HEARTBEAT] SIM_AT:READY | SIM_CB:READY | REG:5 | SRV:2 RAT:LTE DENY:0 | CSQ:31 | RSRP:-72 RSRQ:-9 SNR:350 RSSI:-48 | TEMP:36 | DownTime:0s | SLOT:eSIM
[2026-08-18 18:16:55] [HEARTBEAT] SIM_AT:READY | SIM_CB:READY | REG:5 | SRV:2 RAT:LTE DENY:0 | CSQ:31 | RSRP:-72 RSRQ:-9 SNR:350 RSSI:-48 | TEMP:36 | DownTime:0s | SLOT:eSIM
[2026-08-18 18:17:25] [HEARTBEAT] SIM_AT:READY | SIM_CB:READY | REG:5 | SRV:2 RAT:LTE DENY:0 | CSQ:31 | RSRP:-72 RSRQ:-9 SNR:350 RSSI:-48 | TEMP:36 | DownTime:0s | SLOT:eSIM
[2026-08-18 18:17:55] [HEARTBEAT] SIM_AT:READY | SIM_CB:READY | REG:5 | SRV:2 RAT:LTE DENY:0 | CSQ:31 | RSRP:-72 RSRQ:-9 SNR:350 RSSI:-48 | TEMP:36 | DownTime:0s | SLOT:eSIM
[2026-08-18 18:18:25] [HEARTBEAT] SIM_AT:READY | SIM_CB:READY | REG:5 | SRV:2 RAT:LTE DENY:0 | CSQ:31 | RSRP:-72 RSRQ:-9 SNR:350 RSSI:-48 | TEMP:36 | DownTime:0s | SLOT:eSIM
[2026-08-18 18:18:27] [HEARTBEAT] OPER:Telenor CXN 46001 | CID:0099d991 | IP:10.79.115.135
[2026-08-18 18:18:55] [HEARTBEAT] SIM_AT:READY | SIM_CB:READY | REG:5 | SRV:2 RAT:LTE DENY:0 | CSQ:31 | RSRP:-72 RSRQ:-9 SNR:350 RSSI:-48 | TEMP:36 | DownTime:0s | SLOT:eSIM
[2026-08-18 18:19:26] [HEARTBEAT] SIM_AT:READY | SIM_CB:READY | REG:5 | SRV:2 RAT:LTE DENY:0 | CSQ:31 | RSRP:-72 RSRQ:-9 SNR:350 RSSI:-48 | TEMP:37 | DownTime:0s | SLOT:eSIM
[2026-08-18 18:19:56] [HEARTBEAT] SIM_AT:READY | SIM_CB:READY | REG:5 | SRV:2 RAT:LTE DENY:0 | CSQ:31 | RSRP:-72 RSRQ:-9 SNR:350 RSSI:-48 | TEMP:36 | DownTime:0s | SLOT:eSIM
[2026-08-18 18:20:26] [HEARTBEAT] SIM_AT:READY | SIM_CB:READY | REG:5 | SRV:2 RAT:LTE DENY:0 | CSQ:31 | RSRP:-72 RSRQ:-9 SNR:350 RSSI:-48 | TEMP:36 | DownTime:0s | SLOT:eSIM
[2026-08-18 18:20:56] [HEARTBEAT] SIM_AT:READY | SIM_CB:READY | REG:5 | SRV:2 RAT:LTE DENY:0 | CSQ:31 | RSRP:-72 RSRQ:-9 SNR:350 RSSI:-48 | TEMP:36 | DownTime:0s | SLOT:eSIM
[2026-08-18 18:21:26] [HEARTBEAT] SIM_AT:READY | SIM_CB:READY | REG:5 | SRV:2 RAT:LTE DENY:0 | CSQ:31 | RSRP:-72 RSRQ:-9 SNR:350 RSSI:-48 | TEMP:36 | DownTime:0s | SLOT:eSIM
[2026-08-18 18:21:56] [HEARTBEAT] SIM_AT:READY | SIM_CB:READY | REG:5 | SRV:2 RAT:LTE DENY:0 | CSQ:31 | RSRP:-72 RSRQ:-9 SNR:350 RSSI:-48 | TEMP:36 | DownTime:0s | SLOT:eSIM
[2026-08-18 18:22:26] [HEARTBEAT] SIM_AT:READY | SIM_CB:READY | REG:5 | SRV:2 RAT:LTE DENY:0 | CSQ:31 | RSRP:-72 RSRQ:-9 SNR:350 RSSI:-48 | TEMP:36 | DownTime:0s | SLOT:eSIM
[2026-08-18 18:22:56] [HEARTBEAT] SIM_AT:READY | SIM_CB:READY | REG:5 | SRV:2 RAT:LTE DENY:0 | CSQ:31 | RSRP:-72 RSRQ:-8 SNR:350 RSSI:-48 | TEMP:36 | DownTime:0s | SLOT:eSIM
[2026-08-18 18:23:26] [HEARTBEAT] SIM_AT:READY | SIM_CB:READY | REG:5 | SRV:2 RAT:LTE DENY:0 | CSQ:31 | RSRP:-72 RSRQ:-8 SNR:350 RSSI:-48 | TEMP:37 | DownTime:0s | SLOT:eSIM
[2026-08-18 18:23:27] [HEARTBEAT] OPER:Telenor CXN 46001 | CID:0099d991 | IP:10.79.115.135
[2026-08-18 18:23:56] [HEARTBEAT] SIM_AT:READY | SIM_CB:READY | REG:5 | SRV:2 RAT:LTE DENY:0 | CSQ:31 | RSRP:-72 RSRQ:-8 SNR:350 RSSI:-48 | TEMP:36 | DownTime:0s | SLOT:eSIM
[2026-08-18 18:24:26] [HEARTBEAT] SIM_AT:READY | SIM_CB:READY | REG:5 | SRV:2 RAT:LTE DENY:0 | CSQ:31 | RSRP:-73 RSRQ:-7 SNR:350 RSSI:-48 | TEMP:36 | DownTime:0s | SLOT:eSIM
[2026-08-18 18:24:56] [HEARTBEAT] SIM_AT:READY | SIM_CB:READY | REG:5 | SRV:2 RAT:LTE DENY:0 | CSQ:31 | RSRP:-73 RSRQ:-7 SNR:350 RSSI:-48 | TEMP:36 | DownTime:0s | SLOT:eSIM
[2026-08-18 18:25:26] [HEARTBEAT] SIM_AT:READY | SIM_CB:READY | REG:5 | SRV:2 RAT:LTE DENY:0 | CSQ:31 | RSRP:-73 RSRQ:-7 SNR:350 RSSI:-48 | TEMP:36 | DownTime:0s | SLOT:eSIM
[2026-08-18 18:25:56] [HEARTBEAT] SIM_AT:READY | SIM_CB:READY | REG:5 | SRV:2 RAT:LTE DENY:0 | CSQ:31 | RSRP:-72 RSRQ:-9 SNR:350 RSSI:-48 | TEMP:36 | DownTime:0s | SLOT:eSIM
[2026-08-18 18:26:26] [HEARTBEAT] SIM_AT:READY | SIM_CB:READY | REG:5 | SRV:2 RAT:LTE DENY:0 | CSQ:31 | RSRP:-71 RSRQ:-9 SNR:350 RSSI:-48 | TEMP:36 | DownTime:0s | SLOT:eSIM
[2026-08-18 18:26:56] [HEARTBEAT] SIM_AT:READY | SIM_CB:READY | REG:5 | SRV:2 RAT:LTE DENY:0 | CSQ:31 | RSRP:-73 RSRQ:-7 SNR:350 RSSI:-48 | TEMP:36 | DownTime:0s | SLOT:eSIM
[2026-08-18 18:27:26] [HEARTBEAT] SIM_AT:READY | SIM_CB:READY | REG:5 | SRV:2 RAT:LTE DENY:0 | CSQ:31 | RSRP:-73 RSRQ:-9 SNR:350 RSSI:-48 | TEMP:37 | DownTime:0s | SLOT:eSIM
[2026-08-18 18:27:56] [HEARTBEAT] SIM_AT:READY | SIM_CB:READY | REG:5 | SRV:2 RAT:LTE DENY:0 | CSQ:31 | RSRP:-73 RSRQ:-9 SNR:350 RSSI:-48 | TEMP:36 | DownTime:0s | SLOT:eSIM
[2026-08-18 18:28:26] [HEARTBEAT] SIM_AT:READY | SIM_CB:READY | REG:5 | SRV:2 RAT:LTE DENY:0 | CSQ:31 | RSRP:-73 RSRQ:-9 SNR:350 RSSI:-48 | TEMP:36 | DownTime:0s | SLOT:eSIM
[2026-08-18 18:28:27] [HEARTBEAT] OPER:Telenor CXN 46001 | CID:0099d991 | IP:10.79.115.135
[2026-08-18 18:28:56] [HEARTBEAT] SIM_AT:READY | SIM_CB:READY | REG:5 | SRV:2 RAT:LTE DENY:0 | CSQ:31 | RSRP:-73 RSRQ:-9 SNR:350 RSSI:-48 | TEMP:36 | DownTime:0s | SLOT:eSIM
[2026-08-18 18:29:26] [HEARTBEAT] SIM_AT:READY | SIM_CB:READY | REG:5 | SRV:2 RAT:LTE DENY:0 | CSQ:31 | RSRP:-73 RSRQ:-9 SNR:350 RSSI:-48 | TEMP:36 | DownTime:0s | SLOT:eSIM
[2026-08-18 18:29:56] [HEARTBEAT] SIM_AT:READY | SIM_CB:READY | REG:5 | SRV:2 RAT:LTE DENY:0 | CSQ:31 | RSRP:-73 RSRQ:-9 SNR:350 RSSI:-48 | TEMP:36 | DownTime:0s | SLOT:eSIM
[2026-08-18 18:30:26] [HEARTBEAT] SIM_AT:READY | SIM_CB:READY | REG:5 | SRV:2 RAT:LTE DENY:0 | CSQ:31 | RSRP:-73 RSRQ:-9 SNR:350 RSSI:-48 | TEMP:36 | DownTime:0s | SLOT:eSIM
[2026-08-18 18:30:56] [HEARTBEAT] SIM_AT:READY | SIM_CB:READY | REG:5 | SRV:2 RAT:LTE DENY:0 | CSQ:31 | RSRP:-72 RSRQ:-7 SNR:350 RSSI:-48 | TEMP:36 | DownTime:0s | SLOT:eSIM
[2026-08-18 18:31:26] [HEARTBEAT] SIM_AT:READY | SIM_CB:READY | REG:5 | SRV:2 RAT:LTE DENY:0 | CSQ:31 | RSRP:-71 RSRQ:-8 SNR:350 RSSI:-48 | TEMP:36 | DownTime:0s | SLOT:eSIM
[2026-08-18 18:31:56] [HEARTBEAT] SIM_AT:READY | SIM_CB:READY | REG:5 | SRV:2 RAT:LTE DENY:0 | CSQ:31 | RSRP:-71 RSRQ:-8 SNR:350 RSSI:-48 | TEMP:36 | DownTime:0s | SLOT:eSIM
[2026-08-18 18:32:26] [HEARTBEAT] SIM_AT:READY | SIM_CB:READY | REG:5 | SRV:2 RAT:LTE DENY:0 | CSQ:31 | RSRP:-72 RSRQ:-8 SNR:350 RSSI:-48 | TEMP:36 | DownTime:0s | SLOT:eSIM
[2026-08-18 18:32:56] [HEARTBEAT] SIM_AT:READY | SIM_CB:READY | REG:5 | SRV:2 RAT:LTE DENY:0 | CSQ:31 | RSRP:-71 RSRQ:-9 SNR:350 RSSI:-48 | TEMP:36 | DownTime:0s | SLOT:eSIM
[2026-08-18 18:33:26] [HEARTBEAT] SIM_AT:READY | SIM_CB:READY | REG:5 | SRV:2 RAT:LTE DENY:0 | CSQ:31 | RSRP:-71 RSRQ:-9 SNR:350 RSSI:-48 | TEMP:36 | DownTime:0s | SLOT:eSIM
[2026-08-18 18:33:27] [HEARTBEAT] OPER:Telenor CXN 46001 | CID:0099d991 | IP:10.79.115.135
[2026-08-18 18:33:56] [HEARTBEAT] SIM_AT:READY | SIM_CB:READY | REG:5 | SRV:2 RAT:LTE DENY:0 | CSQ:31 | RSRP:-71 RSRQ:-9 SNR:350 RSSI:-48 | TEMP:36 | DownTime:0s | SLOT:eSIM
[2026-08-18 18:34:26] [HEARTBEAT] SIM_AT:READY | SIM_CB:READY | REG:5 | SRV:2 RAT:LTE DENY:0 | CSQ:31 | RSRP:-72 RSRQ:-7 SNR:350 RSSI:-48 | TEMP:36 | DownTime:0s | SLOT:eSIM
[2026-08-18 18:34:56] [HEARTBEAT] SIM_AT:READY | SIM_CB:READY | REG:5 | SRV:2 RAT:LTE DENY:0 | CSQ:31 | RSRP:-70 RSRQ:-8 SNR:350 RSSI:-48 | TEMP:36 | DownTime:0s | SLOT:eSIM
[2026-08-18 18:35:26] [HEARTBEAT] SIM_AT:READY | SIM_CB:READY | REG:5 | SRV:2 RAT:LTE DENY:0 | CSQ:31 | RSRP:-73 RSRQ:-8 SNR:350 RSSI:-48 | TEMP:36 | DownTime:0s | SLOT:eSIM
[2026-08-18 18:35:56] [HEARTBEAT] SIM_AT:READY | SIM_CB:READY | REG:5 | SRV:2 RAT:LTE DENY:0 | CSQ:31 | RSRP:-73 RSRQ:-8 SNR:350 RSSI:-48 | TEMP:36 | DownTime:0s | SLOT:eSIM
[2026-08-18 18:36:26] [HEARTBEAT] SIM_AT:READY | SIM_CB:READY | REG:5 | SRV:2 RAT:LTE DENY:0 | CSQ:31 | RSRP:-73 RSRQ:-8 SNR:350 RSSI:-48 | TEMP:36 | DownTime:0s | SLOT:eSIM
[2026-08-18 18:36:56] [HEARTBEAT] SIM_AT:READY | SIM_CB:READY | REG:5 | SRV:2 RAT:LTE DENY:0 | CSQ:31 | RSRP:-73 RSRQ:-8 SNR:350 RSSI:-48 | TEMP:36 | DownTime:0s | SLOT:eSIM
[2026-08-18 18:37:26] [HEARTBEAT] SIM_AT:READY | SIM_CB:READY | REG:5 | SRV:2 RAT:LTE DENY:0 | CSQ:31 | RSRP:-73 RSRQ:-8 SNR:350 RSSI:-48 | TEMP:36 | DownTime:0s | SLOT:eSIM
[2026-08-18 18:37:56] [HEARTBEAT] SIM_AT:READY | SIM_CB:READY | REG:5 | SRV:2 RAT:LTE DENY:0 | CSQ:31 | RSRP:-73 RSRQ:-8 SNR:350 RSSI:-48 | TEMP:36 | DownTime:0s | SLOT:eSIM
[2026-08-18 18:38:26] [HEARTBEAT] SIM_AT:READY | SIM_CB:READY | REG:5 | SRV:2 RAT:LTE DENY:0 | CSQ:31 | RSRP:-70 RSRQ:-8 SNR:350 RSSI:-48 | TEMP:36 | DownTime:0s | SLOT:eSIM
[2026-08-18 18:38:28] [HEARTBEAT] OPER:Telenor CXN 46001 | CID:0099d991 | IP:10.79.115.135
[2026-08-18 18:38:56] [HEARTBEAT] SIM_AT:READY | SIM_CB:READY | REG:5 | SRV:2 RAT:LTE DENY:0 | CSQ:31 | RSRP:-70 RSRQ:-8 SNR:350 RSSI:-48 | TEMP:36 | DownTime:0s | SLOT:eSIM
[2026-08-18 18:39:26] [HEARTBEAT] SIM_AT:READY | SIM_CB:READY | REG:5 | SRV:2 RAT:LTE DENY:0 | CSQ:31 | RSRP:-72 RSRQ:-8 SNR:350 RSSI:-48 | TEMP:36 | DownTime:0s | SLOT:eSIM
[2026-08-18 18:39:56] [HEARTBEAT] SIM_AT:READY | SIM_CB:READY | REG:5 | SRV:2 RAT:LTE DENY:0 | CSQ:31 | RSRP:-70 RSRQ:-9 SNR:350 RSSI:-48 | TEMP:36 | DownTime:0s | SLOT:eSIM
[2026-08-18 18:40:26] [HEARTBEAT] SIM_AT:READY | SIM_CB:READY | REG:5 | SRV:2 RAT:LTE DENY:0 | CSQ:31 | RSRP:-70 RSRQ:-9 SNR:350 RSSI:-48 | TEMP:35 | DownTime:0s | SLOT:eSIM
[2026-08-18 18:40:56] [HEARTBEAT] SIM_AT:READY | SIM_CB:READY | REG:5 | SRV:2 RAT:LTE DENY:0 | CSQ:31 | RSRP:-70 RSRQ:-9 SNR:350 RSSI:-48 | TEMP:36 | DownTime:0s | SLOT:eSIM
[2026-08-18 18:41:26] [HEARTBEAT] SIM_AT:READY | SIM_CB:READY | REG:5 | SRV:2 RAT:LTE DENY:0 | CSQ:31 | RSRP:-70 RSRQ:-9 SNR:350 RSSI:-48 | TEMP:36 | DownTime:0s | SLOT:eSIM
[2026-08-18 18:41:57] [HEARTBEAT] SIM_AT:READY | SIM_CB:READY | REG:5 | SRV:2 RAT:LTE DENY:0 | CSQ:31 | RSRP:-72 RSRQ:-8 SNR:350 RSSI:-48 | TEMP:36 | DownTime:0s | SLOT:eSIM
[2026-08-18 18:42:27] [HEARTBEAT] SIM_AT:READY | SIM_CB:READY | REG:5 | SRV:2 RAT:LTE DENY:0 | CSQ:31 | RSRP:-70 RSRQ:-8 SNR:350 RSSI:-48 | TEMP:35 | DownTime:0s | SLOT:eSIM
[2026-08-18 18:42:57] [HEARTBEAT] SIM_AT:READY | SIM_CB:READY | REG:5 | SRV:2 RAT:LTE DENY:0 | CSQ:31 | RSRP:-72 RSRQ:-7 SNR:350 RSSI:-48 | TEMP:36 | DownTime:0s | SLOT:eSIM
[2026-08-18 18:43:27] [HEARTBEAT] SIM_AT:READY | SIM_CB:READY | REG:5 | SRV:2 RAT:LTE DENY:0 | CSQ:31 | RSRP:-71 RSRQ:-8 SNR:350 RSSI:-48 | TEMP:36 | DownTime:0s | SLOT:eSIM
[2026-08-18 18:43:28] [HEARTBEAT] OPER:Telenor CXN 46001 | CID:0099d991 | IP:10.79.115.135
[2026-08-18 18:43:57] [HEARTBEAT] SIM_AT:READY | SIM_CB:READY | REG:5 | SRV:2 RAT:LTE DENY:0 | CSQ:31 | RSRP:-72 RSRQ:-8 SNR:350 RSSI:-48 | TEMP:36 | DownTime:0s | SLOT:eSIM
[2026-08-18 18:44:27] [HEARTBEAT] SIM_AT:READY | SIM_CB:READY | REG:5 | SRV:2 RAT:LTE DENY:0 | CSQ:31 | RSRP:-72 RSRQ:-8 SNR:350 RSSI:-48 | TEMP:36 | DownTime:0s | SLOT:eSIM
[2026-08-18 18:44:57] [HEARTBEAT] SIM_AT:READY | SIM_CB:READY | REG:5 | SRV:2 RAT:LTE DENY:0 | CSQ:31 | RSRP:-72 RSRQ:-8 SNR:350 RSSI:-48 | TEMP:36 | DownTime:0s | SLOT:eSIM
[2026-08-18 18:45:27] [HEARTBEAT] SIM_AT:READY | SIM_CB:READY | REG:5 | SRV:2 RAT:LTE DENY:0 | CSQ:31 | RSRP:-72 RSRQ:-8 SNR:350 RSSI:-48 | TEMP:36 | DownTime:0s | SLOT:eSIM
[2026-08-18 18:45:57] [HEARTBEAT] SIM_AT:READY | SIM_CB:READY | REG:5 | SRV:2 RAT:LTE DENY:0 | CSQ:31 | RSRP:-72 RSRQ:-7 SNR:350 RSSI:-48 | TEMP:36 | DownTime:0s | SLOT:eSIM
[2026-08-18 18:46:27] [HEARTBEAT] SIM_AT:READY | SIM_CB:READY | REG:5 | SRV:2 RAT:LTE DENY:0 | CSQ:31 | RSRP:-72 RSRQ:-7 SNR:350 RSSI:-48 | TEMP:36 | DownTime:0s | SLOT:eSIM
[2026-08-18 18:46:57] [HEARTBEAT] SIM_AT:READY | SIM_CB:READY | REG:5 | SRV:2 RAT:LTE DENY:0 | CSQ:31 | RSRP:-72 RSRQ:-7 SNR:350 RSSI:-48 | TEMP:36 | DownTime:0s | SLOT:eSIM
[2026-08-18 18:47:27] [HEARTBEAT] SIM_AT:READY | SIM_CB:READY | REG:5 | SRV:2 RAT:LTE DENY:0 | CSQ:31 | RSRP:-72 RSRQ:-7 SNR:350 RSSI:-48 | TEMP:36 | DownTime:0s | SLOT:eSIM
[2026-08-18 18:47:57] [HEARTBEAT] SIM_AT:READY | SIM_CB:READY | REG:5 | SRV:2 RAT:LTE DENY:0 | CSQ:31 | RSRP:-72 RSRQ:-7 SNR:350 RSSI:-48 | TEMP:35 | DownTime:0s | SLOT:eSIM
[2026-08-18 18:48:27] [HEARTBEAT] SIM_AT:READY | SIM_CB:READY | REG:5 | SRV:2 RAT:LTE DENY:0 | CSQ:31 | RSRP:-73 RSRQ:-7 SNR:350 RSSI:-48 | TEMP:36 | DownTime:0s | SLOT:eSIM
[2026-08-18 18:48:28] [HEARTBEAT] OPER:Telenor CXN 46001 | CID:0099d991 | IP:10.79.115.135
[2026-08-18 18:48:57] [HEARTBEAT] SIM_AT:READY | SIM_CB:READY | REG:5 | SRV:2 RAT:LTE DENY:0 | CSQ:31 | RSRP:-70 RSRQ:-9 SNR:350 RSSI:-48 | TEMP:36 | DownTime:0s | SLOT:eSIM
[2026-08-18 18:49:27] [HEARTBEAT] SIM_AT:READY | SIM_CB:READY | REG:5 | SRV:2 RAT:LTE DENY:0 | CSQ:31 | RSRP:-70 RSRQ:-9 SNR:350 RSSI:-48 | TEMP:36 | DownTime:0s | SLOT:eSIM
[2026-08-18 18:49:57] [HEARTBEAT] SIM_AT:READY | SIM_CB:READY | REG:5 | SRV:2 RAT:LTE DENY:0 | CSQ:31 | RSRP:-70 RSRQ:-9 SNR:350 RSSI:-48 | TEMP:36 | DownTime:0s | SLOT:eSIM
[2026-08-18 18:50:27] [HEARTBEAT] SIM_AT:READY | SIM_CB:READY | REG:5 | SRV:2 RAT:LTE DENY:0 | CSQ:31 | RSRP:-70 RSRQ:-9 SNR:350 RSSI:-48 | TEMP:36 | DownTime:0s | SLOT:eSIM
[2026-08-18 18:50:57] [HEARTBEAT] SIM_AT:READY | SIM_CB:READY | REG:5 | SRV:2 RAT:LTE DENY:0 | CSQ:31 | RSRP:-73 RSRQ:-8 SNR:350 RSSI:-48 | TEMP:36 | DownTime:0s | SLOT:eSIM
[2026-08-18 18:51:27] [HEARTBEAT] SIM_AT:READY | SIM_CB:READY | REG:5 | SRV:2 RAT:LTE DENY:0 | CSQ:31 | RSRP:-73 RSRQ:-8 SNR:350 RSSI:-48 | TEMP:36 | DownTime:0s | SLOT:eSIM
[2026-08-18 18:51:57] [HEARTBEAT] SIM_AT:READY | SIM_CB:READY | REG:5 | SRV:2 RAT:LTE DENY:0 | CSQ:31 | RSRP:-73 RSRQ:-8 SNR:350 RSSI:-48 | TEMP:35 | DownTime:0s | SLOT:eSIM
[2026-08-18 18:52:27] [HEARTBEAT] SIM_AT:READY | SIM_CB:READY | REG:5 | SRV:2 RAT:LTE DENY:0 | CSQ:31 | RSRP:-73 RSRQ:-8 SNR:350 RSSI:-48 | TEMP:36 | DownTime:0s | SLOT:eSIM
[2026-08-18 18:52:57] [HEARTBEAT] SIM_AT:READY | SIM_CB:READY | REG:5 | SRV:2 RAT:LTE DENY:0 | CSQ:31 | RSRP:-73 RSRQ:-8 SNR:350 RSSI:-48 | TEMP:35 | DownTime:0s | SLOT:eSIM
[2026-08-18 18:53:28] [HEARTBEAT] SIM_AT:READY | SIM_CB:READY | REG:5 | SRV:2 RAT:LTE DENY:0 | CSQ:31 | RSRP:-73 RSRQ:-8 SNR:350 RSSI:-48 | TEMP:36 | DownTime:0s | SLOT:eSIM
[2026-08-18 18:53:28] [HEARTBEAT] OPER:Telenor CXN 46001 | CID:0099d991 | IP:10.79.115.135
[2026-08-18 18:53:58] [HEARTBEAT] SIM_AT:READY | SIM_CB:READY | REG:5 | SRV:2 RAT:LTE DENY:0 | CSQ:31 | RSRP:-73 RSRQ:-8 SNR:350 RSSI:-48 | TEMP:35 | DownTime:0s | SLOT:eSIM
[2026-08-18 18:54:28] [HEARTBEAT] SIM_AT:READY | SIM_CB:READY | REG:5 | SRV:2 RAT:LTE DENY:0 | CSQ:31 | RSRP:-73 RSRQ:-8 SNR:350 RSSI:-48 | TEMP:35 | DownTime:0s | SLOT:eSIM
[2026-08-18 18:54:58] [HEARTBEAT] SIM_AT:READY | SIM_CB:READY | REG:5 | SRV:2 RAT:LTE DENY:0 | CSQ:31 | RSRP:-73 RSRQ:-8 SNR:350 RSSI:-48 | TEMP:36 | DownTime:0s | SLOT:eSIM
[2026-08-18 18:55:28] [HEARTBEAT] SIM_AT:READY | SIM_CB:READY | REG:5 | SRV:2 RAT:LTE DENY:0 | CSQ:31 | RSRP:-74 RSRQ:-7 SNR:350 RSSI:-48 | TEMP:36 | DownTime:0s | SLOT:eSIM
[2026-08-18 18:55:58] [HEARTBEAT] SIM_AT:READY | SIM_CB:READY | REG:5 | SRV:2 RAT:LTE DENY:0 | CSQ:31 | RSRP:-74 RSRQ:-7 SNR:350 RSSI:-48 | TEMP:36 | DownTime:0s | SLOT:eSIM
[2026-08-18 18:56:28] [HEARTBEAT] SIM_AT:READY | SIM_CB:READY | REG:5 | SRV:2 RAT:LTE DENY:0 | CSQ:31 | RSRP:-74 RSRQ:-7 SNR:350 RSSI:-48 | TEMP:36 | DownTime:0s | SLOT:eSIM
[2026-08-18 18:56:58] [HEARTBEAT] SIM_AT:READY | SIM_CB:READY | REG:5 | SRV:2 RAT:LTE DENY:0 | CSQ:31 | RSRP:-74 RSRQ:-7 SNR:350 RSSI:-48 | TEMP:36 | DownTime:0s | SLOT:eSIM
[2026-08-18 18:57:28] [HEARTBEAT] SIM_AT:READY | SIM_CB:READY | REG:5 | SRV:2 RAT:LTE DENY:0 | CSQ:31 | RSRP:-74 RSRQ:-7 SNR:350 RSSI:-48 | TEMP:36 | DownTime:0s | SLOT:eSIM
[2026-08-18 18:57:58] [HEARTBEAT] SIM_AT:READY | SIM_CB:READY | REG:5 | SRV:2 RAT:LTE DENY:0 | CSQ:31 | RSRP:-74 RSRQ:-7 SNR:350 RSSI:-48 | TEMP:36 | DownTime:0s | SLOT:eSIM
[2026-08-18 18:58:28] [HEARTBEAT] OPER:Telenor CXN 46001 | CID:0099d991 | IP:10.79.115.135
[2026-08-18 18:58:28] [HEARTBEAT] SIM_AT:READY | SIM_CB:READY | REG:5 | SRV:2 RAT:LTE DENY:0 | CSQ:31 | RSRP:-74 RSRQ:-7 SNR:350 RSSI:-48 | TEMP:36 | DownTime:0s | SLOT:eSIM
[2026-08-18 18:58:58] [HEARTBEAT] SIM_AT:READY | SIM_CB:READY | REG:5 | SRV:2 RAT:LTE DENY:0 | CSQ:31 | RSRP:-74 RSRQ:-7 SNR:350 RSSI:-48 | TEMP:37 | DownTime:0s | SLOT:eSIM
[2026-08-18 18:59:28] [HEARTBEAT] SIM_AT:READY | SIM_CB:READY | REG:5 | SRV:2 RAT:LTE DENY:0 | CSQ:31 | RSRP:-74 RSRQ:-7 SNR:350 RSSI:-48 | TEMP:36 | DownTime:0s | SLOT:eSIM
[2026-08-18 18:59:58] [HEARTBEAT] SIM_AT:READY | SIM_CB:READY | REG:5 | SRV:2 RAT:LTE DENY:0 | CSQ:31 | RSRP:-74 RSRQ:-7 SNR:350 RSSI:-48 | TEMP:35 | DownTime:0s | SLOT:eSIM
[2026-08-18 19:00:28] [HEARTBEAT] SIM_AT:READY | SIM_CB:READY | REG:5 | SRV:2 RAT:LTE DENY:0 | CSQ:31 | RSRP:-74 RSRQ:-7 SNR:350 RSSI:-48 | TEMP:35 | DownTime:0s | SLOT:eSIM
[2026-08-18 19:00:58] [HEARTBEAT] SIM_AT:READY | SIM_CB:READY | REG:5 | SRV:2 RAT:LTE DENY:0 | CSQ:31 | RSRP:-74 RSRQ:-7 SNR:350 RSSI:-48 | TEMP:35 | DownTime:0s | SLOT:eSIM
[2026-08-18 19:01:28] [HEARTBEAT] SIM_AT:READY | SIM_CB:READY | REG:5 | SRV:2 RAT:LTE DENY:0 | CSQ:31 | RSRP:-74 RSRQ:-7 SNR:350 RSSI:-48 | TEMP:36 | DownTime:0s | SLOT:eSIM
[2026-08-18 19:01:58] [HEARTBEAT] SIM_AT:READY | SIM_CB:READY | REG:5 | SRV:2 RAT:LTE DENY:0 | CSQ:31 | RSRP:-74 RSRQ:-7 SNR:350 RSSI:-48 | TEMP:36 | DownTime:0s | SLOT:eSIM
[2026-08-18 19:02:28] [HEARTBEAT] SIM_AT:READY | SIM_CB:READY | REG:5 | SRV:2 RAT:LTE DENY:0 | CSQ:31 | RSRP:-74 RSRQ:-7 SNR:350 RSSI:-48 | TEMP:36 | DownTime:0s | SLOT:eSIM
[2026-08-18 19:02:58] [HEARTBEAT] SIM_AT:READY | SIM_CB:READY | REG:5 | SRV:2 RAT:LTE DENY:0 | CSQ:31 | RSRP:-74 RSRQ:-7 SNR:350 RSSI:-48 | TEMP:36 | DownTime:0s | SLOT:eSIM
[2026-08-18 19:03:28] [HEARTBEAT] OPER:Telenor CXN 46001 | CID:0099d991 | IP:10.79.115.135
[2026-08-18 19:03:28] [HEARTBEAT] SIM_AT:READY | SIM_CB:READY | REG:5 | SRV:2 RAT:LTE DENY:0 | CSQ:31 | RSRP:-74 RSRQ:-7 SNR:350 RSSI:-48 | TEMP:37 | DownTime:0s | SLOT:eSIM
[2026-08-18 19:03:58] [HEARTBEAT] SIM_AT:READY | SIM_CB:READY | REG:5 | SRV:2 RAT:LTE DENY:0 | CSQ:31 | RSRP:-74 RSRQ:-7 SNR:350 RSSI:-48 | TEMP:36 | DownTime:0s | SLOT:eSIM
[2026-08-18 19:04:28] [HEARTBEAT] SIM_AT:READY | SIM_CB:READY | REG:5 | SRV:2 RAT:LTE DENY:0 | CSQ:31 | RSRP:-74 RSRQ:-7 SNR:350 RSSI:-48 | TEMP:36 | DownTime:0s | SLOT:eSIM
[2026-08-18 19:04:58] [HEARTBEAT] SIM_AT:READY | SIM_CB:READY | REG:5 | SRV:2 RAT:LTE DENY:0 | CSQ:31 | RSRP:-74 RSRQ:-7 SNR:350 RSSI:-48 | TEMP:36 | DownTime:0s | SLOT:eSIM
[2026-08-18 19:05:28] [HEARTBEAT] SIM_AT:READY | SIM_CB:READY | REG:5 | SRV:2 RAT:LTE DENY:0 | CSQ:31 | RSRP:-74 RSRQ:-7 SNR:350 RSSI:-48 | TEMP:36 | DownTime:0s | SLOT:eSIM
[2026-08-18 19:05:58] [HEARTBEAT] SIM_AT:READY | SIM_CB:READY | REG:5 | SRV:2 RAT:LTE DENY:0 | CSQ:31 | RSRP:-74 RSRQ:-7 SNR:350 RSSI:-48 | TEMP:36 | DownTime:0s | SLOT:eSIM
[2026-08-18 19:06:28] [HEARTBEAT] SIM_AT:READY | SIM_CB:READY | REG:5 | SRV:2 RAT:LTE DENY:0 | CSQ:31 | RSRP:-73 RSRQ:-9 SNR:350 RSSI:-48 | TEMP:36 | DownTime:0s | SLOT:eSIM
[2026-08-18 19:06:58] [HEARTBEAT] SIM_AT:READY | SIM_CB:READY | REG:5 | SRV:2 RAT:LTE DENY:0 | CSQ:31 | RSRP:-74 RSRQ:-8 SNR:350 RSSI:-48 | TEMP:36 | DownTime:0s | SLOT:eSIM
[2026-08-18 19:07:28] [HEARTBEAT] SIM_AT:READY | SIM_CB:READY | REG:5 | SRV:2 RAT:LTE DENY:0 | CSQ:31 | RSRP:-74 RSRQ:-8 SNR:350 RSSI:-48 | TEMP:36 | DownTime:0s | SLOT:eSIM
[2026-08-18 19:07:59] [HEARTBEAT] SIM_AT:READY | SIM_CB:READY | REG:5 | SRV:2 RAT:LTE DENY:0 | CSQ:31 | RSRP:-74 RSRQ:-8 SNR:350 RSSI:-48 | TEMP:36 | DownTime:0s | SLOT:eSIM
[2026-08-18 19:08:28] [HEARTBEAT] OPER:Telenor CXN 46001 | CID:0099d991 | IP:10.79.115.135
[2026-08-18 19:08:29] [HEARTBEAT] SIM_AT:READY | SIM_CB:READY | REG:5 | SRV:2 RAT:LTE DENY:0 | CSQ:31 | RSRP:-74 RSRQ:-8 SNR:350 RSSI:-48 | TEMP:36 | DownTime:0s | SLOT:eSIM
[2026-08-18 19:08:59] [HEARTBEAT] SIM_AT:READY | SIM_CB:READY | REG:5 | SRV:2 RAT:LTE DENY:0 | CSQ:31 | RSRP:-74 RSRQ:-8 SNR:350 RSSI:-48 | TEMP:36 | DownTime:0s | SLOT:eSIM
[2026-08-18 19:09:29] [HEARTBEAT] SIM_AT:READY | SIM_CB:READY | REG:5 | SRV:2 RAT:LTE DENY:0 | CSQ:31 | RSRP:-74 RSRQ:-8 SNR:350 RSSI:-48 | TEMP:36 | DownTime:0s | SLOT:eSIM
[2026-08-18 19:09:59] [HEARTBEAT] SIM_AT:READY | SIM_CB:READY | REG:5 | SRV:2 RAT:LTE DENY:0 | CSQ:31 | RSRP:-74 RSRQ:-8 SNR:350 RSSI:-48 | TEMP:36 | DownTime:0s | SLOT:eSIM
[2026-08-18 19:10:29] [HEARTBEAT] SIM_AT:READY | SIM_CB:READY | REG:5 | SRV:2 RAT:LTE DENY:0 | CSQ:31 | RSRP:-75 RSRQ:-8 SNR:350 RSSI:-48 | TEMP:36 | DownTime:0s | SLOT:eSIM
[2026-08-18 19:10:59] [HEARTBEAT] SIM_AT:READY | SIM_CB:READY | REG:5 | SRV:2 RAT:LTE DENY:0 | CSQ:31 | RSRP:-75 RSRQ:-8 SNR:350 RSSI:-48 | TEMP:36 | DownTime:0s | SLOT:eSIM
[2026-08-18 19:11:29] [HEARTBEAT] SIM_AT:READY | SIM_CB:READY | REG:5 | SRV:2 RAT:LTE DENY:0 | CSQ:31 | RSRP:-75 RSRQ:-8 SNR:350 RSSI:-48 | TEMP:36 | DownTime:0s | SLOT:eSIM
[2026-08-18 19:11:59] [HEARTBEAT] SIM_AT:READY | SIM_CB:READY | REG:5 | SRV:2 RAT:LTE DENY:0 | CSQ:31 | RSRP:-75 RSRQ:-8 SNR:350 RSSI:-48 | TEMP:36 | DownTime:0s | SLOT:eSIM
[2026-08-18 19:12:29] [HEARTBEAT] SIM_AT:READY | SIM_CB:READY | REG:5 | SRV:2 RAT:LTE DENY:0 | CSQ:31 | RSRP:-75 RSRQ:-8 SNR:350 RSSI:-48 | TEMP:35 | DownTime:0s | SLOT:eSIM
[2026-08-18 19:12:59] [HEARTBEAT] SIM_AT:READY | SIM_CB:READY | REG:5 | SRV:2 RAT:LTE DENY:0 | CSQ:31 | RSRP:-77 RSRQ:-8 SNR:350 RSSI:-48 | TEMP:36 | DownTime:0s | SLOT:eSIM
[2026-08-18 19:13:28] [HEARTBEAT] OPER:Telenor CXN 46001 | CID:0099d991 | IP:10.79.115.135
[2026-08-18 19:13:29] [HEARTBEAT] SIM_AT:READY | SIM_CB:READY | REG:5 | SRV:2 RAT:LTE DENY:0 | CSQ:31 | RSRP:-77 RSRQ:-8 SNR:350 RSSI:-48 | TEMP:35 | DownTime:0s | SLOT:eSIM
[2026-08-18 19:13:59] [HEARTBEAT] SIM_AT:READY | SIM_CB:READY | REG:5 | SRV:2 RAT:LTE DENY:0 | CSQ:31 | RSRP:-76 RSRQ:-8 SNR:350 RSSI:-48 | TEMP:37 | DownTime:0s | SLOT:eSIM
[2026-08-18 19:14:29] [HEARTBEAT] SIM_AT:READY | SIM_CB:READY | REG:5 | SRV:2 RAT:LTE DENY:0 | CSQ:31 | RSRP:-73 RSRQ:-8 SNR:350 RSSI:-48 | TEMP:36 | DownTime:0s | SLOT:eSIM
[2026-08-18 19:14:59] [HEARTBEAT] SIM_AT:READY | SIM_CB:READY | REG:5 | SRV:2 RAT:LTE DENY:0 | CSQ:31 | RSRP:-76 RSRQ:-8 SNR:350 RSSI:-48 | TEMP:36 | DownTime:0s | SLOT:eSIM
[2026-08-18 19:15:29] [HEARTBEAT] SIM_AT:READY | SIM_CB:READY | REG:5 | SRV:2 RAT:LTE DENY:0 | CSQ:31 | RSRP:-76 RSRQ:-8 SNR:350 RSSI:-48 | TEMP:36 | DownTime:0s | SLOT:eSIM
[2026-08-18 19:15:59] [HEARTBEAT] SIM_AT:READY | SIM_CB:READY | REG:5 | SRV:2 RAT:LTE DENY:0 | CSQ:31 | RSRP:-78 RSRQ:-8 SNR:330 RSSI:-51 | TEMP:36 | DownTime:0s | SLOT:eSIM
[2026-08-18 19:16:29] [HEARTBEAT] SIM_AT:READY | SIM_CB:READY | REG:5 | SRV:2 RAT:LTE DENY:0 | CSQ:31 | RSRP:-76 RSRQ:-8 SNR:340 RSSI:-49 | TEMP:36 | DownTime:0s | SLOT:eSIM
[2026-08-18 19:16:59] [HEARTBEAT] SIM_AT:READY | SIM_CB:READY | REG:5 | SRV:2 RAT:LTE DENY:0 | CSQ:31 | RSRP:-76 RSRQ:-9 SNR:340 RSSI:-48 | TEMP:36 | DownTime:0s | SLOT:eSIM
[2026-08-18 19:17:29] [HEARTBEAT] SIM_AT:READY | SIM_CB:READY | REG:5 | SRV:2 RAT:LTE DENY:0 | CSQ:31 | RSRP:-78 RSRQ:-8 SNR:330 RSSI:-50 | TEMP:36 | DownTime:0s | SLOT:eSIM
[2026-08-18 19:17:59] [HEARTBEAT] SIM_AT:READY | SIM_CB:READY | REG:5 | SRV:2 RAT:LTE DENY:0 | CSQ:28 | RSRP:-83 RSRQ:-8 SNR:310 RSSI:-56 | TEMP:36 | DownTime:0s | SLOT:eSIM
[2026-08-18 19:18:28] [HEARTBEAT] OPER:Telenor CXN 46001 | CID:0099d991 | IP:10.79.115.135
[2026-08-18 19:18:29] [HEARTBEAT] SIM_AT:READY | SIM_CB:READY | REG:5 | SRV:2 RAT:LTE DENY:0 | CSQ:30 | RSRP:-82 RSRQ:-8 SNR:350 RSSI:-53 | TEMP:36 | DownTime:0s | SLOT:eSIM
[2026-08-18 19:18:59] [HEARTBEAT] SIM_AT:READY | SIM_CB:READY | REG:5 | SRV:2 RAT:LTE DENY:0 | CSQ:30 | RSRP:-82 RSRQ:-8 SNR:350 RSSI:-52 | TEMP:36 | DownTime:0s | SLOT:eSIM
[2026-08-18 19:19:29] [HEARTBEAT] SIM_AT:READY | SIM_CB:READY | REG:5 | SRV:2 RAT:LTE DENY:0 | CSQ:29 | RSRP:-82 RSRQ:-8 SNR:340 RSSI:-55 | TEMP:36 | DownTime:0s | SLOT:eSIM
[2026-08-18 19:19:59] [HEARTBEAT] SIM_AT:READY | SIM_CB:READY | REG:5 | SRV:2 RAT:LTE DENY:0 | CSQ:30 | RSRP:-80 RSRQ:-8 SNR:350 RSSI:-52 | TEMP:36 | DownTime:0s | SLOT:eSIM
[2026-08-18 19:20:29] [HEARTBEAT] SIM_AT:READY | SIM_CB:READY | REG:5 | SRV:2 RAT:LTE DENY:0 | CSQ:30 | RSRP:-80 RSRQ:-8 SNR:350 RSSI:-53 | TEMP:36 | DownTime:0s | SLOT:eSIM
[2026-08-18 19:20:59] [HEARTBEAT] SIM_AT:READY | SIM_CB:READY | REG:5 | SRV:2 RAT:LTE DENY:0 | CSQ:28 | RSRP:-86 RSRQ:-8 SNR:290 RSSI:-56 | TEMP:36 | DownTime:0s | SLOT:eSIM
[2026-08-18 19:21:29] [HEARTBEAT] SIM_AT:READY | SIM_CB:READY | REG:5 | SRV:2 RAT:LTE DENY:0 | CSQ:30 | RSRP:-81 RSRQ:-8 SNR:330 RSSI:-52 | TEMP:36 | DownTime:0s | SLOT:eSIM
[2026-08-18 19:21:59] [HEARTBEAT] SIM_AT:READY | SIM_CB:READY | REG:5 | SRV:2 RAT:LTE DENY:0 | CSQ:30 | RSRP:-84 RSRQ:-8 SNR:310 RSSI:-53 | TEMP:36 | DownTime:0s | SLOT:eSIM
[2026-08-18 19:22:29] [HEARTBEAT] SIM_AT:READY | SIM_CB:READY | REG:5 | SRV:2 RAT:LTE DENY:0 | CSQ:29 | RSRP:-84 RSRQ:-8 SNR:290 RSSI:-54 | TEMP:36 | DownTime:0s | SLOT:eSIM
[2026-08-18 19:22:59] [HEARTBEAT] SIM_AT:READY | SIM_CB:READY | REG:5 | SRV:2 RAT:LTE DENY:0 | CSQ:28 | RSRP:-84 RSRQ:-8 SNR:270 RSSI:-57 | TEMP:35 | DownTime:0s | SLOT:eSIM
[2026-08-18 19:23:28] [HEARTBEAT] OPER:Telenor CXN 46001 | CID:0099d991 | IP:10.79.115.135
[2026-08-18 19:23:29] [HEARTBEAT] SIM_AT:READY | SIM_CB:READY | REG:5 | SRV:2 RAT:LTE DENY:0 | CSQ:29 | RSRP:-83 RSRQ:-8 SNR:300 RSSI:-54 | TEMP:36 | DownTime:0s | SLOT:eSIM
[2026-08-18 19:23:59] [HEARTBEAT] SIM_AT:READY | SIM_CB:READY | REG:5 | SRV:2 RAT:LTE DENY:0 | CSQ:29 | RSRP:-83 RSRQ:-8 SNR:300 RSSI:-54 | TEMP:36 | DownTime:0s | SLOT:eSIM
[2026-08-18 19:24:29] [HEARTBEAT] SIM_AT:READY | SIM_CB:READY | REG:5 | SRV:2 RAT:LTE DENY:0 | CSQ:30 | RSRP:-80 RSRQ:-8 SNR:350 RSSI:-53 | TEMP:36 | DownTime:0s | SLOT:eSIM
[2026-08-18 19:24:59] [HEARTBEAT] SIM_AT:READY | SIM_CB:READY | REG:5 | SRV:2 RAT:LTE DENY:0 | CSQ:30 | RSRP:-80 RSRQ:-8 SNR:350 RSSI:-53 | TEMP:35 | DownTime:0s | SLOT:eSIM
[2026-08-18 19:25:29] [HEARTBEAT] SIM_AT:READY | SIM_CB:READY | REG:5 | SRV:2 RAT:LTE DENY:0 | CSQ:30 | RSRP:-80 RSRQ:-8 SNR:350 RSSI:-53 | TEMP:36 | DownTime:0s | SLOT:eSIM
[2026-08-18 19:25:59] [HEARTBEAT] SIM_AT:READY | SIM_CB:READY | REG:5 | SRV:2 RAT:LTE DENY:0 | CSQ:30 | RSRP:-80 RSRQ:-8 SNR:340 RSSI:-53 | TEMP:36 | DownTime:0s | SLOT:eSIM
[2026-08-18 19:26:29] [HEARTBEAT] SIM_AT:READY | SIM_CB:READY | REG:5 | SRV:2 RAT:LTE DENY:0 | CSQ:29 | RSRP:-83 RSRQ:-8 SNR:300 RSSI:-54 | TEMP:36 | DownTime:0s | SLOT:eSIM
[2026-08-18 19:26:59] [HEARTBEAT] SIM_AT:READY | SIM_CB:READY | REG:5 | SRV:2 RAT:LTE DENY:0 | CSQ:31 | RSRP:-77 RSRQ:-8 SNR:350 RSSI:-50 | TEMP:36 | DownTime:0s | SLOT:eSIM
[2026-08-18 19:27:30] [HEARTBEAT] SIM_AT:READY | SIM_CB:READY | REG:5 | SRV:2 RAT:LTE DENY:0 | CSQ:31 | RSRP:-77 RSRQ:-8 SNR:350 RSSI:-50 | TEMP:36 | DownTime:0s | SLOT:eSIM
[2026-08-18 19:28:00] [HEARTBEAT] SIM_AT:READY | SIM_CB:READY | REG:5 | SRV:2 RAT:LTE DENY:0 | CSQ:31 | RSRP:-77 RSRQ:-8 SNR:350 RSSI:-50 | TEMP:36 | DownTime:0s | SLOT:eSIM
[2026-08-18 19:28:28] [HEARTBEAT] OPER:Telenor CXN 46001 | CID:0099d991 | IP:10.79.115.135
[2026-08-18 19:28:30] [HEARTBEAT] SIM_AT:READY | SIM_CB:READY | REG:5 | SRV:2 RAT:LTE DENY:0 | CSQ:31 | RSRP:-77 RSRQ:-8 SNR:350 RSSI:-50 | TEMP:37 | DownTime:0s | SLOT:eSIM
[2026-08-18 19:29:00] [HEARTBEAT] SIM_AT:READY | SIM_CB:READY | REG:5 | SRV:2 RAT:LTE DENY:0 | CSQ:31 | RSRP:-77 RSRQ:-8 SNR:350 RSSI:-50 | TEMP:36 | DownTime:0s | SLOT:eSIM
[2026-08-18 19:29:30] [HEARTBEAT] SIM_AT:READY | SIM_CB:READY | REG:5 | SRV:2 RAT:LTE DENY:0 | CSQ:31 | RSRP:-77 RSRQ:-8 SNR:350 RSSI:-50 | TEMP:36 | DownTime:0s | SLOT:eSIM
[2026-08-18 19:30:00] [HEARTBEAT] SIM_AT:READY | SIM_CB:READY | REG:5 | SRV:2 RAT:LTE DENY:0 | CSQ:31 | RSRP:-77 RSRQ:-8 SNR:350 RSSI:-50 | TEMP:36 | DownTime:0s | SLOT:eSIM
[2026-08-18 19:30:30] [HEARTBEAT] SIM_AT:READY | SIM_CB:READY | REG:5 | SRV:2 RAT:LTE DENY:0 | CSQ:31 | RSRP:-77 RSRQ:-8 SNR:350 RSSI:-50 | TEMP:36 | DownTime:0s | SLOT:eSIM
[2026-08-18 19:31:00] [HEARTBEAT] SIM_AT:READY | SIM_CB:READY | REG:5 | SRV:2 RAT:LTE DENY:0 | CSQ:31 | RSRP:-77 RSRQ:-8 SNR:350 RSSI:-50 | TEMP:36 | DownTime:0s | SLOT:eSIM
[2026-08-18 19:31:30] [HEARTBEAT] SIM_AT:READY | SIM_CB:READY | REG:5 | SRV:2 RAT:LTE DENY:0 | CSQ:31 | RSRP:-77 RSRQ:-8 SNR:350 RSSI:-50 | TEMP:36 | DownTime:0s | SLOT:eSIM
[2026-08-18 19:32:00] [HEARTBEAT] SIM_AT:READY | SIM_CB:READY | REG:5 | SRV:2 RAT:LTE DENY:0 | CSQ:31 | RSRP:-77 RSRQ:-8 SNR:350 RSSI:-50 | TEMP:36 | DownTime:0s | SLOT:eSIM
[2026-08-18 19:32:30] [HEARTBEAT] SIM_AT:READY | SIM_CB:READY | REG:5 | SRV:2 RAT:LTE DENY:0 | CSQ:31 | RSRP:-77 RSRQ:-8 SNR:350 RSSI:-50 | TEMP:36 | DownTime:0s | SLOT:eSIM
[2026-08-18 19:33:00] [HEARTBEAT] SIM_AT:READY | SIM_CB:READY | REG:5 | SRV:2 RAT:LTE DENY:0 | CSQ:31 | RSRP:-77 RSRQ:-8 SNR:350 RSSI:-50 | TEMP:36 | DownTime:0s | SLOT:eSIM
[2026-08-18 19:33:28] [HEARTBEAT] OPER:Telenor CXN 46001 | CID:0099d991 | IP:10.79.115.135
[2026-08-18 19:33:30] [HEARTBEAT] SIM_AT:READY | SIM_CB:READY | REG:5 | SRV:2 RAT:LTE DENY:0 | CSQ:31 | RSRP:-77 RSRQ:-8 SNR:350 RSSI:-50 | TEMP:36 | DownTime:0s | SLOT:eSIM
[2026-08-18 19:34:00] [HEARTBEAT] SIM_AT:READY | SIM_CB:READY | REG:5 | SRV:2 RAT:LTE DENY:0 | CSQ:31 | RSRP:-77 RSRQ:-8 SNR:350 RSSI:-50 | TEMP:36 | DownTime:0s | SLOT:eSIM
[2026-08-18 19:34:30] [HEARTBEAT] SIM_AT:READY | SIM_CB:READY | REG:5 | SRV:2 RAT:LTE DENY:0 | CSQ:31 | RSRP:-77 RSRQ:-8 SNR:350 RSSI:-50 | TEMP:36 | DownTime:0s | SLOT:eSIM
[2026-08-18 19:35:00] [HEARTBEAT] SIM_AT:READY | SIM_CB:READY | REG:5 | SRV:2 RAT:LTE DENY:0 | CSQ:31 | RSRP:-77 RSRQ:-8 SNR:350 RSSI:-50 | TEMP:36 | DownTime:0s | SLOT:eSIM
[2026-08-18 19:35:30] [HEARTBEAT] SIM_AT:READY | SIM_CB:READY | REG:5 | SRV:2 RAT:LTE DENY:0 | CSQ:31 | RSRP:-77 RSRQ:-8 SNR:350 RSSI:-50 | TEMP:36 | DownTime:0s | SLOT:eSIM
[2026-08-18 19:36:00] [HEARTBEAT] SIM_AT:READY | SIM_CB:READY | REG:5 | SRV:2 RAT:LTE DENY:0 | CSQ:30 | RSRP:-80 RSRQ:-8 SNR:350 RSSI:-53 | TEMP:36 | DownTime:0s | SLOT:eSIM
[2026-08-18 19:36:30] [HEARTBEAT] SIM_AT:READY | SIM_CB:READY | REG:5 | SRV:2 RAT:LTE DENY:0 | CSQ:30 | RSRP:-80 RSRQ:-7 SNR:350 RSSI:-53 | TEMP:36 | DownTime:0s | SLOT:eSIM
[2026-08-18 19:37:00] [HEARTBEAT] SIM_AT:READY | SIM_CB:READY | REG:5 | SRV:2 RAT:LTE DENY:0 | CSQ:31 | RSRP:-78 RSRQ:-7 SNR:350 RSSI:-50 | TEMP:36 | DownTime:0s | SLOT:eSIM
[2026-08-18 19:37:30] [HEARTBEAT] SIM_AT:READY | SIM_CB:READY | REG:5 | SRV:2 RAT:LTE DENY:0 | CSQ:31 | RSRP:-78 RSRQ:-7 SNR:350 RSSI:-50 | TEMP:36 | DownTime:0s | SLOT:eSIM
[2026-08-18 19:38:00] [HEARTBEAT] SIM_AT:READY | SIM_CB:READY | REG:5 | SRV:2 RAT:LTE DENY:0 | CSQ:31 | RSRP:-78 RSRQ:-7 SNR:350 RSSI:-50 | TEMP:36 | DownTime:0s | SLOT:eSIM
[2026-08-18 19:38:28] [HEARTBEAT] OPER:Telenor CXN 46001 | CID:0099d991 | IP:10.79.115.135
[2026-08-18 19:38:30] [HEARTBEAT] SIM_AT:READY | SIM_CB:READY | REG:5 | SRV:2 RAT:LTE DENY:0 | CSQ:30 | RSRP:-80 RSRQ:-7 SNR:350 RSSI:-53 | TEMP:36 | DownTime:0s | SLOT:eSIM
[2026-08-18 19:39:00] [HEARTBEAT] SIM_AT:READY | SIM_CB:READY | REG:5 | SRV:2 RAT:LTE DENY:0 | CSQ:31 | RSRP:-77 RSRQ:-7 SNR:350 RSSI:-51 | TEMP:36 | DownTime:0s | SLOT:eSIM
[2026-08-18 19:39:30] [HEARTBEAT] SIM_AT:READY | SIM_CB:READY | REG:5 | SRV:2 RAT:LTE DENY:0 | CSQ:31 | RSRP:-77 RSRQ:-7 SNR:350 RSSI:-51 | TEMP:35 | DownTime:0s | SLOT:eSIM
[2026-08-18 19:40:01] [HEARTBEAT] SIM_AT:READY | SIM_CB:READY | REG:5 | SRV:2 RAT:LTE DENY:0 | CSQ:31 | RSRP:-77 RSRQ:-7 SNR:350 RSSI:-51 | TEMP:36 | DownTime:0s | SLOT:eSIM
[2026-08-18 19:40:31] [HEARTBEAT] SIM_AT:READY | SIM_CB:READY | REG:5 | SRV:2 RAT:LTE DENY:0 | CSQ:31 | RSRP:-77 RSRQ:-7 SNR:350 RSSI:-51 | TEMP:36 | DownTime:0s | SLOT:eSIM
[2026-08-18 19:41:01] [HEARTBEAT] SIM_AT:READY | SIM_CB:READY | REG:5 | SRV:2 RAT:LTE DENY:0 | CSQ:31 | RSRP:-77 RSRQ:-7 SNR:350 RSSI:-51 | TEMP:36 | DownTime:0s | SLOT:eSIM
[2026-08-18 19:41:31] [HEARTBEAT] SIM_AT:READY | SIM_CB:READY | REG:5 | SRV:2 RAT:LTE DENY:0 | CSQ:31 | RSRP:-77 RSRQ:-7 SNR:350 RSSI:-51 | TEMP:36 | DownTime:0s | SLOT:eSIM
[2026-08-18 19:42:01] [HEARTBEAT] SIM_AT:READY | SIM_CB:READY | REG:5 | SRV:2 RAT:LTE DENY:0 | CSQ:31 | RSRP:-77 RSRQ:-7 SNR:350 RSSI:-51 | TEMP:35 | DownTime:0s | SLOT:eSIM
[2026-08-18 19:42:31] [HEARTBEAT] SIM_AT:READY | SIM_CB:READY | REG:5 | SRV:2 RAT:LTE DENY:0 | CSQ:31 | RSRP:-77 RSRQ:-7 SNR:350 RSSI:-51 | TEMP:35 | DownTime:0s | SLOT:eSIM
[2026-08-18 19:43:01] [HEARTBEAT] SIM_AT:READY | SIM_CB:READY | REG:5 | SRV:2 RAT:LTE DENY:0 | CSQ:31 | RSRP:-78 RSRQ:-10 SNR:350 RSSI:-48 | TEMP:36 | DownTime:0s | SLOT:eSIM
[2026-08-18 19:43:28] [HEARTBEAT] OPER:Telenor CXN 46001 | CID:0099d991 | IP:10.79.115.135
[2026-08-18 19:43:31] [HEARTBEAT] SIM_AT:READY | SIM_CB:READY | REG:5 | SRV:2 RAT:LTE DENY:0 | CSQ:31 | RSRP:-78 RSRQ:-10 SNR:350 RSSI:-48 | TEMP:36 | DownTime:0s | SLOT:eSIM
[2026-08-18 19:44:01] [HEARTBEAT] SIM_AT:READY | SIM_CB:READY | REG:5 | SRV:2 RAT:LTE DENY:0 | CSQ:31 | RSRP:-78 RSRQ:-10 SNR:350 RSSI:-48 | TEMP:36 | DownTime:0s | SLOT:eSIM
[2026-08-18 19:44:31] [HEARTBEAT] SIM_AT:READY | SIM_CB:READY | REG:5 | SRV:2 RAT:LTE DENY:0 | CSQ:31 | RSRP:-77 RSRQ:-7 SNR:350 RSSI:-51 | TEMP:36 | DownTime:0s | SLOT:eSIM
[2026-08-18 19:45:01] [HEARTBEAT] SIM_AT:READY | SIM_CB:READY | REG:5 | SRV:2 RAT:LTE DENY:0 | CSQ:31 | RSRP:-77 RSRQ:-7 SNR:350 RSSI:-51 | TEMP:36 | DownTime:0s | SLOT:eSIM
[2026-08-18 19:45:31] [HEARTBEAT] SIM_AT:READY | SIM_CB:READY | REG:5 | SRV:2 RAT:LTE DENY:0 | CSQ:31 | RSRP:-77 RSRQ:-7 SNR:350 RSSI:-51 | TEMP:36 | DownTime:0s | SLOT:eSIM
[2026-08-18 19:46:01] [HEARTBEAT] SIM_AT:READY | SIM_CB:READY | REG:5 | SRV:2 RAT:LTE DENY:0 | CSQ:31 | RSRP:-77 RSRQ:-7 SNR:350 RSSI:-51 | TEMP:35 | DownTime:0s | SLOT:eSIM
[2026-08-18 19:46:31] [HEARTBEAT] SIM_AT:READY | SIM_CB:READY | REG:5 | SRV:2 RAT:LTE DENY:0 | CSQ:31 | RSRP:-77 RSRQ:-7 SNR:350 RSSI:-51 | TEMP:35 | DownTime:0s | SLOT:eSIM
[2026-08-18 19:47:01] [HEARTBEAT] SIM_AT:READY | SIM_CB:READY | REG:5 | SRV:2 RAT:LTE DENY:0 | CSQ:31 | RSRP:-77 RSRQ:-7 SNR:350 RSSI:-51 | TEMP:36 | DownTime:0s | SLOT:eSIM
[2026-08-18 19:47:31] [HEARTBEAT] SIM_AT:READY | SIM_CB:READY | REG:5 | SRV:2 RAT:LTE DENY:0 | CSQ:31 | RSRP:-77 RSRQ:-7 SNR:350 RSSI:-51 | TEMP:36 | DownTime:0s | SLOT:eSIM
[2026-08-18 19:48:01] [HEARTBEAT] SIM_AT:READY | SIM_CB:READY | REG:5 | SRV:2 RAT:LTE DENY:0 | CSQ:31 | RSRP:-77 RSRQ:-7 SNR:350 RSSI:-51 | TEMP:36 | DownTime:0s | SLOT:eSIM
[2026-08-18 19:48:28] [HEARTBEAT] OPER:Telenor CXN 46001 | CID:0099d991 | IP:10.79.115.135
[2026-08-18 19:48:31] [HEARTBEAT] SIM_AT:READY | SIM_CB:READY | REG:5 | SRV:2 RAT:LTE DENY:0 | CSQ:31 | RSRP:-77 RSRQ:-7 SNR:350 RSSI:-51 | TEMP:35 | DownTime:0s | SLOT:eSIM
[2026-08-18 19:49:01] [HEARTBEAT] SIM_AT:READY | SIM_CB:READY | REG:5 | SRV:2 RAT:LTE DENY:0 | CSQ:31 | RSRP:-77 RSRQ:-7 SNR:350 RSSI:-51 | TEMP:35 | DownTime:0s | SLOT:eSIM
[2026-08-18 19:49:31] [HEARTBEAT] SIM_AT:READY | SIM_CB:READY | REG:5 | SRV:2 RAT:LTE DENY:0 | CSQ:31 | RSRP:-77 RSRQ:-7 SNR:350 RSSI:-51 | TEMP:35 | DownTime:0s | SLOT:eSIM
[2026-08-18 19:50:01] [HEARTBEAT] SIM_AT:READY | SIM_CB:READY | REG:5 | SRV:2 RAT:LTE DENY:0 | CSQ:31 | RSRP:-77 RSRQ:-7 SNR:350 RSSI:-51 | TEMP:36 | DownTime:0s | SLOT:eSIM
[2026-08-18 19:50:31] [HEARTBEAT] SIM_AT:READY | SIM_CB:READY | REG:5 | SRV:2 RAT:LTE DENY:0 | CSQ:31 | RSRP:-76 RSRQ:-7 SNR:350 RSSI:-48 | TEMP:35 | DownTime:0s | SLOT:eSIM
[2026-08-18 19:51:01] [HEARTBEAT] SIM_AT:READY | SIM_CB:READY | REG:5 | SRV:2 RAT:LTE DENY:0 | CSQ:31 | RSRP:-76 RSRQ:-7 SNR:350 RSSI:-48 | TEMP:35 | DownTime:0s | SLOT:eSIM
[2026-08-18 19:51:31] [HEARTBEAT] SIM_AT:READY | SIM_CB:READY | REG:5 | SRV:2 RAT:LTE DENY:0 | CSQ:31 | RSRP:-76 RSRQ:-7 SNR:350 RSSI:-48 | TEMP:35 | DownTime:0s | SLOT:eSIM
[2026-08-18 19:52:01] [HEARTBEAT] SIM_AT:READY | SIM_CB:READY | REG:5 | SRV:2 RAT:LTE DENY:0 | CSQ:31 | RSRP:-76 RSRQ:-7 SNR:350 RSSI:-48 | TEMP:35 | DownTime:0s | SLOT:eSIM
[2026-08-18 19:52:31] [HEARTBEAT] SIM_AT:READY | SIM_CB:READY | REG:5 | SRV:2 RAT:LTE DENY:0 | CSQ:31 | RSRP:-76 RSRQ:-7 SNR:350 RSSI:-48 | TEMP:36 | DownTime:0s | SLOT:eSIM
[2026-08-18 19:53:01] [HEARTBEAT] SIM_AT:READY | SIM_CB:READY | REG:5 | SRV:2 RAT:LTE DENY:0 | CSQ:31 | RSRP:-76 RSRQ:-7 SNR:350 RSSI:-48 | TEMP:35 | DownTime:0s | SLOT:eSIM
[2026-08-18 19:53:28] [HEARTBEAT] OPER:Telenor CXN 46001 | CID:0099d991 | IP:10.79.115.135
[2026-08-18 19:53:31] [HEARTBEAT] SIM_AT:READY | SIM_CB:READY | REG:5 | SRV:2 RAT:LTE DENY:0 | CSQ:31 | RSRP:-76 RSRQ:-7 SNR:350 RSSI:-48 | TEMP:35 | DownTime:0s | SLOT:eSIM
[2026-08-18 19:54:01] [HEARTBEAT] SIM_AT:READY | SIM_CB:READY | REG:5 | SRV:2 RAT:LTE DENY:0 | CSQ:31 | RSRP:-76 RSRQ:-7 SNR:350 RSSI:-48 | TEMP:35 | DownTime:0s | SLOT:eSIM
[2026-08-18 19:54:31] [HEARTBEAT] SIM_AT:READY | SIM_CB:READY | REG:5 | SRV:2 RAT:LTE DENY:0 | CSQ:31 | RSRP:-76 RSRQ:-7 SNR:350 RSSI:-48 | TEMP:35 | DownTime:0s | SLOT:eSIM
[2026-08-18 19:55:01] [HEARTBEAT] SIM_AT:READY | SIM_CB:READY | REG:5 | SRV:2 RAT:LTE DENY:0 | CSQ:31 | RSRP:-76 RSRQ:-7 SNR:350 RSSI:-48 | TEMP:36 | DownTime:0s | SLOT:eSIM
[2026-08-18 19:55:31] [HEARTBEAT] SIM_AT:READY | SIM_CB:READY | REG:5 | SRV:2 RAT:LTE DENY:0 | CSQ:31 | RSRP:-78 RSRQ:-7 SNR:350 RSSI:-51 | TEMP:36 | DownTime:0s | SLOT:eSIM
[2026-08-18 19:56:01] [HEARTBEAT] SIM_AT:READY | SIM_CB:READY | REG:5 | SRV:2 RAT:LTE DENY:0 | CSQ:31 | RSRP:-78 RSRQ:-7 SNR:350 RSSI:-51 | TEMP:35 | DownTime:0s | SLOT:eSIM
[2026-08-18 19:56:31] [HEARTBEAT] SIM_AT:READY | SIM_CB:READY | REG:5 | SRV:2 RAT:LTE DENY:0 | CSQ:31 | RSRP:-78 RSRQ:-7 SNR:350 RSSI:-51 | TEMP:36 | DownTime:0s | SLOT:eSIM
[2026-08-18 19:57:01] [HEARTBEAT] SIM_AT:READY | SIM_CB:READY | REG:5 | SRV:2 RAT:LTE DENY:0 | CSQ:31 | RSRP:-78 RSRQ:-7 SNR:350 RSSI:-51 | TEMP:35 | DownTime:0s | SLOT:eSIM
[2026-08-18 19:57:31] [HEARTBEAT] SIM_AT:READY | SIM_CB:READY | REG:5 | SRV:2 RAT:LTE DENY:0 | CSQ:31 | RSRP:-75 RSRQ:-7 SNR:350 RSSI:-49 | TEMP:36 | DownTime:0s | SLOT:eSIM
[2026-08-18 19:58:01] [HEARTBEAT] SIM_AT:READY | SIM_CB:READY | REG:5 | SRV:2 RAT:LTE DENY:0 | CSQ:31 | RSRP:-76 RSRQ:-7 SNR:350 RSSI:-48 | TEMP:36 | DownTime:0s | SLOT:eSIM
[2026-08-18 19:58:28] [HEARTBEAT] OPER:Telenor CXN 46001 | CID:0099d991 | IP:10.79.115.135
[2026-08-18 19:58:31] [HEARTBEAT] SIM_AT:READY | SIM_CB:READY | REG:5 | SRV:2 RAT:LTE DENY:0 | CSQ:31 | RSRP:-76 RSRQ:-7 SNR:350 RSSI:-48 | TEMP:35 | DownTime:0s | SLOT:eSIM
[2026-08-18 19:59:01] [HEARTBEAT] SIM_AT:READY | SIM_CB:READY | REG:5 | SRV:2 RAT:LTE DENY:0 | CSQ:31 | RSRP:-77 RSRQ:-7 SNR:350 RSSI:-51 | TEMP:35 | DownTime:0s | SLOT:eSIM
[2026-08-18 19:59:31] [HEARTBEAT] SIM_AT:READY | SIM_CB:READY | REG:5 | SRV:2 RAT:LTE DENY:0 | CSQ:31 | RSRP:-77 RSRQ:-7 SNR:350 RSSI:-51 | TEMP:35 | DownTime:0s | SLOT:eSIM
[2026-08-18 20:00:01] [HEARTBEAT] SIM_AT:READY | SIM_CB:READY | REG:5 | SRV:2 RAT:LTE DENY:0 | CSQ:31 | RSRP:-77 RSRQ:-7 SNR:350 RSSI:-51 | TEMP:35 | DownTime:0s | SLOT:eSIM
[2026-08-18 20:00:32] [HEARTBEAT] SIM_AT:READY | SIM_CB:READY | REG:5 | SRV:2 RAT:LTE DENY:0 | CSQ:31 | RSRP:-75 RSRQ:-8 SNR:350 RSSI:-48 | TEMP:36 | DownTime:0s | SLOT:eSIM
[2026-08-18 20:01:02] [HEARTBEAT] SIM_AT:READY | SIM_CB:READY | REG:5 | SRV:2 RAT:LTE DENY:0 | CSQ:31 | RSRP:-75 RSRQ:-8 SNR:350 RSSI:-48 | TEMP:35 | DownTime:0s | SLOT:eSIM
[2026-08-18 20:01:32] [HEARTBEAT] SIM_AT:READY | SIM_CB:READY | REG:5 | SRV:2 RAT:LTE DENY:0 | CSQ:31 | RSRP:-75 RSRQ:-8 SNR:350 RSSI:-48 | TEMP:35 | DownTime:0s | SLOT:eSIM
[2026-08-18 20:02:02] [HEARTBEAT] SIM_AT:READY | SIM_CB:READY | REG:5 | SRV:2 RAT:LTE DENY:0 | CSQ:31 | RSRP:-77 RSRQ:-7 SNR:350 RSSI:-51 | TEMP:36 | DownTime:0s | SLOT:eSIM
