[2026-07-17 16:09:27] [INIT] Fast Retry Limit Reached. Entering persistent loop mode.
[2026-07-17 16:09:27] [INIT] Starting dial initialization...
[2026-07-17 16:09:27] [INIT] Waiting for ql_data_call_init...
[2026-07-17 16:09:27] [INIT] data_call_init OK.
[2026-07-17 16:09:27] [SIM] sim_init OK
[2026-07-17 16:09:27] [INIT] ICCID: (empty)
[2026-07-17 16:09:27] [INIT] SIM init state: UNKNOWN
[2026-07-17 16:09:27] [INIT] IMEI:  865965086914080
[2026-07-17 16:09:27] [INIT] FW:    (unknown)
[2026-07-17 16:09:27] [INIT] SUB:   (unknown)
[2026-07-17 16:09:27] [INIT] AP_FW: (unknown)
[2026-07-17 16:09:27] [INIT] CP_FW: (unknown)
[2026-07-17 16:09:27] [INIT] IMSI:  460089087110299
[2026-07-17 16:09:27] [APN] load from apn.json (path=/usr/dial/apn.json, count=0)
[2026-07-17 16:09:27] [INIT] APN set success
[2026-07-17 16:09:27] [INIT] set_reconnect_mode(NORMAL): OK
[2026-07-17 16:09:27] [INIT] ql_data_call_config: OK
[2026-07-17 16:09:27] [INIT] Starting Data Call...
[2026-07-17 16:09:27] [HEARTBEAT] SIM_AT:READY | SIM_CB:UNKNOWN | REG:1 | CSQ:22 | TEMP:-1 | DownTime:0s
[2026-07-17 16:09:27] [EVENT] Network Recovered in SDK phase (L0). Down: 1s.
[2026-07-17 16:09:27] [INIT] Dial success. Retry count cleared.
[2026-07-17 16:09:27] [EVENT] Network Connected. Notification sent.
[2026-07-17 16:09:27] [HEARTBEAT] IP:10.1.2.3
[2026-07-17 16:09:27] [ERROR] SIM Card disconnected during runtime, CPIN=UNKNOWN.
[2026-07-17 16:09:27] [DIAG-SIM] TIMEOUT | +CEREG: 0,1
[2026-07-17 16:09:27] [DIAG-DMESG] (none)
[2026-07-17 16:09:27] [EVENT] Network Recovered in SDK phase (L0). Down: 2s.
[2026-07-17 16:09:27] [EVENT] Network Connected. Notification sent.
[2026-07-17 16:09:27] [HEARTBEAT] IP:10.1.2.3
[2026-07-17 16:09:27] [ERROR] SIM Card disconnected during runtime, CPIN=UNKNOWN.
[2026-07-17 16:09:27] [DIAG-SIM] TIMEOUT | +CEREG: 0,1
[2026-07-17 16:09:27] [DIAG-DMESG] (none)
[2026-07-17 16:09:27] [EVENT] Network Recovered in SDK phase (L0). Down: 2s.
[2026-07-17 16:09:27] [EVENT] Network Connected. Notification sent.
[2026-07-17 16:09:27] [HEARTBEAT] IP:10.1.2.3
[2026-07-17 16:09:27] [ERROR] SIM Card disconnected during runtime, CPIN=UNKNOWN.
[2026-07-17 16:09:27] [DIAG-SIM] TIMEOUT | +CEREG: 0,1
[2026-07-17 16:09:27] [DIAG-DMESG] (none)
[2026-07-17 16:09:27] [EVENT] Network Recovered in SDK phase (L0). Down: 2s.
[2026-07-17 16:09:27] [EVENT] Network Connected. Notification sent.
[2026-07-17 16:09:27] [HEARTBEAT] IP:10.1.2.3
[2026-07-17 16:09:27] [ERROR] SIM Card disconnected during runtime, CPIN=UNKNOWN.
[2026-07-17 16:09:27] [DIAG-SIM] TIMEOUT | +CEREG: 0,1
[2026-07-17 16:09:27] [DIAG-DMESG] (none)
[2026-07-17 16:09:27] [EVENT] Network Recovered in SDK phase (L0). Down: 2s.
[2026-07-17 16:09:27] [EVENT] Network Connected. Notification sent.
[2026-07-17 16:09:27] [HEARTBEAT] IP:10.1.2.3
[2026-07-17 16:09:27] [ERROR] SIM Card disconnected during runtime, CPIN=UNKNOWN.
[2026-07-17 16:09:27] [DIAG-SIM] TIMEOUT | +CEREG: 0,1
[2026-07-17 16:09:27] [DIAG-DMESG] (none)
[2026-07-17 16:09:27] [EVENT] Network Recovered in SDK phase (L0). Down: 1s.
[2026-07-17 16:09:27] [EVENT] Network Connected. Notification sent.
[2026-07-17 16:09:27] [HEARTBEAT] IP:10.1.2.3
[2026-07-17 16:09:27] [ERROR] SIM Card disconnected during runtime, CPIN=UNKNOWN.
[2026-07-17 16:09:27] [DIAG-SIM] TIMEOUT | +CEREG: 0,1
[2026-07-17 16:09:27] [DIAG-DMESG] (none)
[2026-07-17 16:09:27] [EVENT] Network Recovered in SDK phase (L0). Down: 2s.
[2026-07-17 16:09:27] [EVENT] Network Connected. Notification sent.
[2026-07-17 16:09:27] [HEARTBEAT] IP:10.1.2.3
[2026-07-17 16:09:27] [HEARTBEAT] SIM_AT:READY | SIM_CB:UNKNOWN | REG:1 | CSQ:22 | TEMP:-1 | DownTime:0s
[2026-07-17 16:09:27] [ERROR] SIM Card disconnected during runtime, CPIN=UNKNOWN.
[2026-07-17 16:09:27] [DIAG-SIM] TIMEOUT | +CEREG: 0,1
[2026-07-17 16:09:27] [DIAG-DMESG] (none)
[2026-07-17 16:09:27] [EVENT] Network Recovered in SDK phase (L0). Down: 4s.
[2026-07-17 16:09:27] [EVENT] Network Connected. Notification sent.
[2026-07-17 16:09:27] [HEARTBEAT] IP:10.1.2.3
[2026-07-17 16:09:27] [ERROR] SIM Card disconnected during runtime, CPIN=UNKNOWN.
[2026-07-17 16:09:27] [DIAG-SIM] TIMEOUT | +CEREG: 0,1
[2026-07-17 16:09:27] [DIAG-DMESG] (none)
[2026-07-17 16:09:27] [EVENT] Network Recovered in SDK phase (L0). Down: 3s.
[2026-07-17 16:09:27] [EVENT] Network Connected. Notification sent.
[2026-07-17 16:09:27] [HEARTBEAT] IP:10.1.2.3
[2026-07-17 16:09:27] [ERROR] SIM Card disconnected during runtime, CPIN=UNKNOWN.
[2026-07-17 16:09:27] [DIAG-SIM] TIMEOUT | +CEREG: 0,1
[2026-07-17 16:09:27] [DIAG-DMESG] (none)
[2026-07-17 16:09:27] [EVENT] Network Recovered in SDK phase (L0). Down: 2s.
[2026-07-17 16:09:27] [EVENT] Network Connected. Notification sent.
[2026-07-17 16:09:27] [HEARTBEAT] IP:10.1.2.3
[2026-07-17 16:09:27] [ERROR] SIM Card disconnected during runtime, CPIN=UNKNOWN.
[2026-07-17 16:09:27] [DIAG-SIM] TIMEOUT | +CEREG: 0,1
[2026-07-17 16:09:27] [DIAG-DMESG] (none)
[2026-07-17 16:09:27] [EVENT] Network Recovered in SDK phase (L0). Down: 2s.
[2026-07-17 16:09:27] [EVENT] Network Connected. Notification sent.
[2026-07-17 16:10:27] [HEARTBEAT] IP:10.1.2.3
[2026-07-17 16:10:27] [ERROR] SIM Card disconnected during runtime, CPIN=UNKNOWN.
[2026-07-17 16:10:27] [DIAG-SIM] TIMEOUT | +CEREG: 0,1
[2026-07-17 16:10:27] [DIAG-DMESG] (none)
[2026-07-17 16:10:27] [EVENT] Network Recovered in SDK phase (L0). Down: 2s.
[2026-07-17 16:10:27] [EVENT] Network Connected. Notification sent.
[2026-07-17 16:10:27] [HEARTBEAT] IP:10.1.2.3
[2026-07-17 16:10:27] [ERROR] SIM Card disconnected during runtime, CPIN=UNKNOWN.
[2026-07-17 16:10:27] [DIAG-SIM] TIMEOUT | +CEREG: 0,1
[2026-07-17 16:10:27] [DIAG-DMESG] (none)
[2026-07-17 16:10:27] [EVENT] Network Recovered in SDK phase (L0). Down: 2s.
[2026-07-17 16:10:27] [EVENT] Network Connected. Notification sent.
[2026-07-17 16:10:27] [HEARTBEAT] IP:10.1.2.3
[2026-07-17 16:10:27] [ERROR] SIM Card disconnected during runtime, CPIN=UNKNOWN.
[2026-07-17 16:10:27] [DIAG-SIM] TIMEOUT | +CEREG: 0,1
[2026-07-17 16:10:27] [DIAG-DMESG] (none)
[2026-07-17 16:10:27] [HEARTBEAT] SIM_AT:READY | SIM_CB:UNKNOWN | REG:1 | CSQ:22 | TEMP:-1 | DownTime:1s
[2026-07-17 16:10:27] [EVENT] Network Recovered in SDK phase (L0). Down: 2s.
[2026-07-17 16:10:27] [EVENT] Network Connected. Notification sent.
[2026-07-17 16:10:27] [HEARTBEAT] IP:10.1.2.3
[2026-07-17 16:10:27] [ERROR] SIM Card disconnected during runtime, CPIN=UNKNOWN.
[2026-07-17 16:10:27] [DIAG-SIM] TIMEOUT | +CEREG: 0,1
[2026-07-17 16:10:27] [DIAG-DMESG] (none)
[2026-07-17 16:10:27] [EVENT] Network Recovered in SDK phase (L0). Down: 2s.
[2026-07-17 16:10:27] [EVENT] Network Connected. Notification sent.
[2026-07-17 16:10:27] [HEARTBEAT] IP:10.1.2.3
[2026-07-17 16:10:27] [ERROR] SIM Card disconnected during runtime, CPIN=UNKNOWN.
[2026-07-17 16:10:27] [DIAG-SIM] TIMEOUT | +CEREG: 0,1
[2026-07-17 16:10:27] [DIAG-DMESG] (none)
[2026-07-17 16:10:27] [EVENT] Network Recovered in SDK phase (L0). Down: 2s.
[2026-07-17 16:10:27] [EVENT] Network Connected. Notification sent.
[2026-07-17 16:10:27] [HEARTBEAT] IP:10.1.2.3
[2026-07-17 16:10:27] [ERROR] SIM Card disconnected during runtime, CPIN=UNKNOWN.
[2026-07-17 16:10:27] [DIAG-SIM] TIMEOUT | +CEREG: 0,1
[2026-07-17 16:10:27] [DIAG-DMESG] (none)
[2026-07-17 16:10:27] [EVENT] Network Recovered in SDK phase (L0). Down: 1s.
[2026-07-17 16:10:27] [EVENT] Network Connected. Notification sent.
[2026-07-17 16:10:27] [HEARTBEAT] IP:10.1.2.3
[2026-07-17 16:10:27] [ERROR] SIM Card disconnected during runtime, CPIN=UNKNOWN.
[2026-07-17 16:10:27] [DIAG-SIM] TIMEOUT | +CEREG: 0,1
[2026-07-17 16:10:27] [DIAG-DMESG] (none)
[2026-07-17 16:10:27] [EVENT] Network Recovered in SDK phase (L0). Down: 2s.
[2026-07-17 16:10:27] [EVENT] Network Connected. Notification sent.
[2026-07-17 16:10:27] [HEARTBEAT] IP:10.1.2.3
[2026-07-17 16:10:27] [ERROR] SIM Card disconnected during runtime, CPIN=UNKNOWN.
[2026-07-17 16:10:27] [DIAG-SIM] TIMEOUT | +CEREG: 0,1
[2026-07-17 16:10:27] [DIAG-DMESG] (none)
[2026-07-17 16:10:27] [EVENT] Network Recovered in SDK phase (L0). Down: 2s.
[2026-07-17 16:10:27] [EVENT] Network Connected. Notification sent.
[2026-07-17 16:10:27] [HEARTBEAT] IP:10.1.2.3
[2026-07-17 16:10:27] [ERROR] SIM Card disconnected during runtime, CPIN=UNKNOWN.
[2026-07-17 16:10:27] [DIAG-SIM] TIMEOUT | +CEREG: 0,1
[2026-07-17 16:10:27] [DIAG-DMESG] (none)
[2026-07-17 16:10:27] [EVENT] Network Recovered in SDK phase (L0). Down: 2s.
[2026-07-17 16:10:27] [EVENT] Network Connected. Notification sent.
[2026-07-17 16:10:27] [HEARTBEAT] IP:10.1.2.3
[2026-07-17 16:10:27] [ERROR] SIM Card disconnected during runtime, CPIN=UNKNOWN.
[2026-07-17 16:10:27] [DIAG-SIM] TIMEOUT | +CEREG: 0,1
[2026-07-17 16:10:27] [DIAG-DMESG] (none)
[2026-07-17 16:10:27] [EVENT] Network Recovered in SDK phase (L0). Down: 2s.
[2026-07-17 16:10:27] [EVENT] Network Connected. Notification sent.
[2026-07-17 16:10:27] [HEARTBEAT] IP:10.1.2.3
[2026-07-17 16:10:27] [HEARTBEAT] SIM_AT:READY | SIM_CB:UNKNOWN | REG:1 | CSQ:22 | TEMP:-1 | DownTime:0s
[2026-07-17 16:10:27] [ERROR] SIM Card disconnected during runtime, CPIN=UNKNOWN.
[2026-07-17 16:10:27] [DIAG-SIM] TIMEOUT | +CEREG: 0,1
[2026-07-17 16:10:27] [DIAG-DMESG] (none)
[2026-07-17 16:10:27] [EVENT] Network Recovered in SDK phase (L0). Down: 3s.
[2026-07-17 16:10:27] [EVENT] Network Connected. Notification sent.
[2026-07-17 16:10:27] [HEARTBEAT] IP:10.1.2.3
[2026-07-17 16:10:27] [ERROR] SIM Card disconnected during runtime, CPIN=UNKNOWN.
[2026-07-17 16:10:27] [DIAG-SIM] TIMEOUT | +CEREG: 0,1
[2026-07-17 16:10:27] [DIAG-DMESG] (none)
[2026-07-17 16:10:27] [EVENT] Network Recovered in SDK phase (L0). Down: 1s.
[2026-07-17 16:10:27] [EVENT] Network Connected. Notification sent.
[2026-07-17 16:10:27] [HEARTBEAT] IP:10.1.2.3
[2026-07-17 16:10:27] [ERROR] SIM Card disconnected during runtime, CPIN=UNKNOWN.
[2026-07-17 16:10:27] [DIAG-SIM] TIMEOUT | +CEREG: 0,1
[2026-07-17 16:10:27] [DIAG-DMESG] (none)
[2026-07-17 16:10:27] [EVENT] Network Recovered in SDK phase (L0). Down: 3s.
[2026-07-17 16:10:27] [EVENT] Network Connected. Notification sent.
[2026-07-17 16:10:27] [HEARTBEAT] IP:10.1.2.3
[2026-07-17 16:10:27] [ERROR] SIM Card disconnected during runtime, CPIN=UNKNOWN.
[2026-07-17 16:10:27] [DIAG-SIM] TIMEOUT | +CEREG: 0,1
[2026-07-17 16:10:27] [DIAG-DMESG] (none)
[2026-07-17 16:11:27] [EVENT] Network Recovered in SDK phase (L0). Down: 2s.
[2026-07-17 16:11:27] [EVENT] Network Connected. Notification sent.
[2026-07-17 16:11:27] [HEARTBEAT] IP:10.1.2.3
[2026-07-17 16:11:27] [ERROR] SIM Card disconnected during runtime, CPIN=UNKNOWN.
[2026-07-17 16:11:27] [DIAG-SIM] TIMEOUT | +CEREG: 0,1
[2026-07-17 16:11:27] [DIAG-DMESG] (none)
[2026-07-17 16:11:27] [EVENT] Network Recovered in SDK phase (L0). Down: 2s.
[2026-07-17 16:11:27] [EVENT] Network Connected. Notification sent.
[2026-07-17 16:11:27] [HEARTBEAT] IP:10.1.2.3
[2026-07-17 16:11:27] [ERROR] SIM Card disconnected during runtime, CPIN=UNKNOWN.
[2026-07-17 16:11:27] [DIAG-SIM] TIMEOUT | +CEREG: 0,1
[2026-07-17 16:11:27] [DIAG-DMESG] (none)
[2026-07-17 16:11:27] [EVENT] Network Recovered in SDK phase (L0). Down: 2s.
[2026-07-17 16:11:27] [EVENT] Network Connected. Notification sent.
[2026-07-17 16:11:27] [HEARTBEAT] IP:10.1.2.3
[2026-07-17 16:11:27] [ERROR] SIM Card disconnected during runtime, CPIN=UNKNOWN.
[2026-07-17 16:11:27] [DIAG-SIM] TIMEOUT | +CEREG: 0,1
[2026-07-17 16:11:27] [DIAG-DMESG] (none)
[2026-07-17 16:11:27] [EVENT] Network Recovered in SDK phase (L0). Down: 2s.
[2026-07-17 16:11:27] [EVENT] Network Connected. Notification sent.
[2026-07-17 16:11:27] [HEARTBEAT] IP:10.1.2.3
[2026-07-17 16:11:27] [HEARTBEAT] SIM_AT:READY | SIM_CB:UNKNOWN | REG:1 | CSQ:22 | TEMP:-1 | DownTime:0s
[2026-07-17 16:11:27] [ERROR] SIM Card disconnected during runtime, CPIN=UNKNOWN.
[2026-07-17 16:11:27] [DIAG-SIM] TIMEOUT | +CEREG: 0,1
[2026-07-17 16:11:27] [DIAG-DMESG] (none)
[2026-07-17 16:11:27] [EVENT] Network Recovered in SDK phase (L0). Down: 4s.
[2026-07-17 16:11:27] [EVENT] Network Connected. Notification sent.
[2026-07-17 16:11:27] [HEARTBEAT] IP:10.1.2.3
[2026-07-17 16:11:27] [ERROR] SIM Card disconnected during runtime, CPIN=UNKNOWN.
[2026-07-17 16:11:27] [DIAG-SIM] TIMEOUT | +CEREG: 0,1
[2026-07-17 16:11:27] [DIAG-DMESG] (none)
[2026-07-17 16:11:27] [EVENT] Network Recovered in SDK phase (L0). Down: 2s.
[2026-07-17 16:11:27] [EVENT] Network Connected. Notification sent.
[2026-07-17 16:11:27] [HEARTBEAT] IP:10.1.2.3
[2026-07-17 16:11:27] [ERROR] SIM Card disconnected during runtime, CPIN=UNKNOWN.
[2026-07-17 16:11:27] [DIAG-SIM] TIMEOUT | +CEREG: 0,1
[2026-07-17 16:11:27] [DIAG-DMESG] (none)
[2026-07-17 16:11:27] [EVENT] Network Recovered in SDK phase (L0). Down: 2s.
[2026-07-17 16:11:27] [EVENT] Network Connected. Notification sent.
[2026-07-17 16:11:27] [HEARTBEAT] IP:10.1.2.3
[2026-07-17 16:11:27] [ERROR] SIM Card disconnected during runtime, CPIN=UNKNOWN.
[2026-07-17 16:11:27] [DIAG-SIM] TIMEOUT | +CEREG: 0,1
[2026-07-17 16:11:27] [DIAG-DMESG] (none)
[2026-07-17 16:11:27] [EVENT] Network Recovered in SDK phase (L0). Down: 2s.
[2026-07-17 16:11:27] [EVENT] Network Connected. Notification sent.
[2026-07-17 16:11:27] [HEARTBEAT] IP:10.1.2.3
[2026-07-17 16:11:27] [ERROR] SIM Card disconnected during runtime, CPIN=UNKNOWN.
[2026-07-17 16:11:27] [DIAG-SIM] TIMEOUT | +CEREG: 0,1
[2026-07-17 16:11:27] [DIAG-DMESG] (none)
[2026-07-17 16:11:27] [EVENT] Network Recovered in SDK phase (L0). Down: 2s.
[2026-07-17 16:11:27] [EVENT] Network Connected. Notification sent.
[2026-07-17 16:11:27] [HEARTBEAT] IP:10.1.2.3
[2026-07-17 16:11:27] [ERROR] SIM Card disconnected during runtime, CPIN=UNKNOWN.
[2026-07-17 16:11:27] [DIAG-SIM] TIMEOUT | +CEREG: 0,1
[2026-07-17 16:11:27] [DIAG-DMESG] (none)
[2026-07-17 16:11:27] [EVENT] Network Recovered in SDK phase (L0). Down: 2s.
[2026-07-17 16:11:27] [EVENT] Network Connected. Notification sent.
[2026-07-17 16:11:27] [HEARTBEAT] IP:10.1.2.3
[2026-07-17 16:11:27] [ERROR] SIM Card disconnected during runtime, CPIN=UNKNOWN.
[2026-07-17 16:11:27] [DIAG-SIM] TIMEOUT | +CEREG: 0,1
[2026-07-17 16:11:27] [DIAG-DMESG] (none)
[2026-07-17 16:11:27] [HEARTBEAT] SIM_AT:READY | SIM_CB:UNKNOWN | REG:1 | CSQ:22 | TEMP:-1 | DownTime:1s
[2026-07-17 16:11:27] [EVENT] Network Recovered in SDK phase (L0). Down: 3s.
[2026-07-17 16:11:27] [EVENT] Network Connected. Notification sent.
[2026-07-17 16:11:27] [HEARTBEAT] IP:10.1.2.3
[2026-07-17 16:11:27] [ERROR] SIM Card disconnected during runtime, CPIN=UNKNOWN.
[2026-07-17 16:11:27] [DIAG-SIM] TIMEOUT | +CEREG: 0,1
[2026-07-17 16:11:27] [DIAG-DMESG] (none)
[2026-07-17 16:11:27] [EVENT] Network Recovered in SDK phase (L0). Down: 2s.
[2026-07-17 16:11:27] [EVENT] Network Connected. Notification sent.
[2026-07-17 16:11:27] [HEARTBEAT] IP:10.1.2.3
[2026-07-17 16:11:27] [ERROR] SIM Card disconnected during runtime, CPIN=UNKNOWN.
[2026-07-17 16:11:27] [DIAG-SIM] TIMEOUT | +CEREG: 0,1
[2026-07-17 16:11:27] [DIAG-DMESG] (none)
[2026-07-17 16:11:27] [EVENT] Network Recovered in SDK phase (L0). Down: 2s.
[2026-07-17 16:11:27] [EVENT] Network Connected. Notification sent.
[2026-07-17 16:11:27] [HEARTBEAT] IP:10.1.2.3
[2026-07-17 16:11:27] [ERROR] SIM Card disconnected during runtime, CPIN=UNKNOWN.
[2026-07-17 16:11:27] [DIAG-SIM] TIMEOUT | +CEREG: 0,1
[2026-07-17 16:11:27] [DIAG-DMESG] (none)
[2026-07-17 16:12:27] [EVENT] Network Recovered in SDK phase (L0). Down: 2s.
[2026-07-17 16:12:27] [EVENT] Network Connected. Notification sent.
[2026-07-17 16:12:27] [HEARTBEAT] IP:10.1.2.3
[2026-07-17 16:12:27] [ERROR] SIM Card disconnected during runtime, CPIN=UNKNOWN.
[2026-07-17 16:12:27] [DIAG-SIM] TIMEOUT | +CEREG: 0,1
[2026-07-17 16:12:27] [DIAG-DMESG] (none)
[2026-07-17 16:12:27] [EVENT] Network Recovered in SDK phase (L0). Down: 2s.
[2026-07-17 16:12:27] [EVENT] Network Connected. Notification sent.
[2026-07-17 16:12:27] [HEARTBEAT] IP:10.1.2.3
[2026-07-17 16:12:27] [ERROR] SIM Card disconnected during runtime, CPIN=UNKNOWN.
[2026-07-17 16:12:27] [DIAG-SIM] TIMEOUT | +CEREG: 0,1
[2026-07-17 16:12:27] [DIAG-DMESG] (none)
[2026-07-17 16:12:27] [EVENT] Network Recovered in SDK phase (L0). Down: 2s.
[2026-07-17 16:12:27] [EVENT] Network Connected. Notification sent.
[2026-07-17 16:12:27] [HEARTBEAT] IP:10.1.2.3
[2026-07-17 16:12:27] [ERROR] SIM Card disconnected during runtime, CPIN=UNKNOWN.
[2026-07-17 16:12:27] [DIAG-SIM] TIMEOUT | +CEREG: 0,1
[2026-07-17 16:12:27] [DIAG-DMESG] (none)
[2026-07-17 16:12:27] [EVENT] Network Recovered in SDK phase (L0). Down: 3s.
[2026-07-17 16:12:27] [EVENT] Network Connected. Notification sent.
[2026-07-17 16:12:27] [HEARTBEAT] SIM_AT:READY | SIM_CB:UNKNOWN | REG:1 | CSQ:22 | TEMP:-1 | DownTime:0s
[2026-07-17 16:12:27] [HEARTBEAT] IP:10.1.2.3
[2026-07-17 16:12:27] [ERROR] SIM Card disconnected during runtime, CPIN=UNKNOWN.
[2026-07-17 16:12:27] [DIAG-SIM] TIMEOUT | +CEREG: 0,1
[2026-07-17 16:12:27] [DIAG-DMESG] (none)
[2026-07-17 16:12:27] [EVENT] Network Recovered in SDK phase (L0). Down: 2s.
[2026-07-17 16:12:27] [EVENT] Network Connected. Notification sent.
[2026-07-17 16:12:27] [HEARTBEAT] IP:10.1.2.3
[2026-07-17 16:12:27] [ERROR] SIM Card disconnected during runtime, CPIN=UNKNOWN.
[2026-07-17 16:12:27] [DIAG-SIM] TIMEOUT | +CEREG: 0,1
[2026-07-17 16:12:27] [DIAG-DMESG] (none)
[2026-07-17 16:12:27] [EVENT] Network Recovered in SDK phase (L0). Down: 2s.
[2026-07-17 16:12:27] [EVENT] Network Connected. Notification sent.
[2026-07-17 16:12:27] [HEARTBEAT] IP:10.1.2.3
[2026-07-17 16:12:27] [ERROR] SIM Card disconnected during runtime, CPIN=UNKNOWN.
[2026-07-17 16:12:27] [DIAG-SIM] TIMEOUT | +CEREG: 0,1
[2026-07-17 16:12:27] [DIAG-DMESG] (none)
[2026-07-17 16:12:27] [EVENT] Network Recovered in SDK phase (L0). Down: 2s.
[2026-07-17 16:12:27] [EVENT] Network Connected. Notification sent.
[2026-07-17 16:12:27] [HEARTBEAT] IP:10.1.2.3
[2026-07-17 16:12:27] [ERROR] SIM Card disconnected during runtime, CPIN=UNKNOWN.
[2026-07-17 16:12:27] [DIAG-SIM] TIMEOUT | +CEREG: 0,1
[2026-07-17 16:12:27] [DIAG-DMESG] (none)
[2026-07-17 16:12:27] [EVENT] Network Recovered in SDK phase (L0). Down: 2s.
[2026-07-17 16:12:27] [EVENT] Network Connected. Notification sent.
[2026-07-17 16:12:27] [HEARTBEAT] IP:10.1.2.3
[2026-07-17 16:12:27] [ERROR] SIM Card disconnected during runtime, CPIN=UNKNOWN.
[2026-07-17 16:12:27] [DIAG-SIM] TIMEOUT | +CEREG: 0,1
[2026-07-17 16:12:27] [DIAG-DMESG] (none)
[2026-07-17 16:12:27] [EVENT] Network Recovered in SDK phase (L0). Down: 2s.
[2026-07-17 16:12:27] [EVENT] Network Connected. Notification sent.
[2026-07-17 16:12:27] [HEARTBEAT] IP:10.1.2.3
[2026-07-17 16:12:27] [ERROR] SIM Card disconnected during runtime, CPIN=UNKNOWN.
[2026-07-17 16:12:27] [DIAG-SIM] TIMEOUT | +CEREG: 0,1
[2026-07-17 16:12:27] [DIAG-DMESG] (none)
[2026-07-17 16:12:27] [EVENT] Network Recovered in SDK phase (L0). Down: 2s.
[2026-07-17 16:12:27] [EVENT] Network Connected. Notification sent.
[2026-07-17 16:12:27] [HEARTBEAT] IP:10.1.2.3
[2026-07-17 16:12:27] [ERROR] SIM Card disconnected during runtime, CPIN=UNKNOWN.
[2026-07-17 16:12:27] [DIAG-SIM] TIMEOUT | +CEREG: 0,1
[2026-07-17 16:12:27] [DIAG-DMESG] (none)
[2026-07-17 16:12:27] [HEARTBEAT] SIM_AT:READY | SIM_CB:UNKNOWN | REG:1 | CSQ:22 | TEMP:-1 | DownTime:1s
[2026-07-17 16:12:27] [EVENT] Network Recovered in SDK phase (L0). Down: 1s.
[2026-07-17 16:12:27] [EVENT] Network Connected. Notification sent.
[2026-07-17 16:12:27] [HEARTBEAT] IP:10.1.2.3
[2026-07-17 16:12:27] [ERROR] SIM Card disconnected during runtime, CPIN=UNKNOWN.
[2026-07-17 16:12:27] [DIAG-SIM] TIMEOUT | +CEREG: 0,1
[2026-07-17 16:12:27] [DIAG-DMESG] (none)
[2026-07-17 16:12:27] [EVENT] Network Recovered in SDK phase (L0). Down: 2s.
[2026-07-17 16:12:27] [EVENT] Network Connected. Notification sent.
[2026-07-17 16:12:27] [HEARTBEAT] IP:10.1.2.3
[2026-07-17 16:12:27] [ERROR] SIM Card disconnected during runtime, CPIN=UNKNOWN.
[2026-07-17 16:12:27] [DIAG-SIM] TIMEOUT | +CEREG: 0,1
[2026-07-17 16:12:27] [DIAG-DMESG] (none)
[2026-07-17 16:12:27] [EVENT] Network Recovered in SDK phase (L0). Down: 2s.
[2026-07-17 16:12:27] [EVENT] Network Connected. Notification sent.
[2026-07-17 16:12:27] [HEARTBEAT] IP:10.1.2.3
[2026-07-17 16:12:27] [ERROR] SIM Card disconnected during runtime, CPIN=UNKNOWN.
[2026-07-17 16:12:27] [DIAG-SIM] TIMEOUT | +CEREG: 0,1
[2026-07-17 16:12:27] [DIAG-DMESG] (none)
[2026-07-17 16:12:27] [EVENT] Network Recovered in SDK phase (L0). Down: 2s.
[2026-07-17 16:12:27] [EVENT] Network Connected. Notification sent.
[2026-07-17 16:13:27] [HEARTBEAT] IP:10.1.2.3
[2026-07-17 16:13:27] [ERROR] SIM Card disconnected during runtime, CPIN=UNKNOWN.
[2026-07-17 16:13:27] [DIAG-SIM] TIMEOUT | +CEREG: 0,1
[2026-07-17 16:13:27] [DIAG-DMESG] (none)
[2026-07-17 16:13:27] [EVENT] Network Recovered in SDK phase (L0). Down: 2s.
[2026-07-17 16:13:27] [EVENT] Network Connected. Notification sent.
[2026-07-17 16:13:27] [HEARTBEAT] IP:10.1.2.3
[2026-07-17 16:13:27] [ERROR] SIM Card disconnected during runtime, CPIN=UNKNOWN.
[2026-07-17 16:13:27] [DIAG-SIM] TIMEOUT | +CEREG: 0,1
[2026-07-17 16:13:27] [DIAG-DMESG] (none)
[2026-07-17 16:13:27] [EVENT] Network Recovered in SDK phase (L0). Down: 2s.
[2026-07-17 16:13:27] [EVENT] Network Connected. Notification sent.
[2026-07-17 16:13:27] [HEARTBEAT] IP:10.1.2.3
[2026-07-17 16:13:27] [ERROR] SIM Card disconnected during runtime, CPIN=UNKNOWN.
[2026-07-17 16:13:27] [DIAG-SIM] TIMEOUT | +CEREG: 0,1
[2026-07-17 16:13:27] [DIAG-DMESG] (none)
[2026-07-17 16:13:27] [EVENT] Network Recovered in SDK phase (L0). Down: 2s.
[2026-07-17 16:13:27] [EVENT] Network Connected. Notification sent.
[2026-07-17 16:13:27] [HEARTBEAT] IP:10.1.2.3
[2026-07-17 16:13:27] [ERROR] SIM Card disconnected during runtime, CPIN=UNKNOWN.
[2026-07-17 16:13:27] [DIAG-SIM] TIMEOUT | +CEREG: 0,1
[2026-07-17 16:13:27] [DIAG-DMESG] (none)
[2026-07-17 16:13:27] [HEARTBEAT] SIM_AT:READY | SIM_CB:UNKNOWN | REG:1 | CSQ:22 | TEMP:-1 | DownTime:2s
[2026-07-17 16:13:27] [EVENT] Network Recovered in SDK phase (L0). Down: 4s.
[2026-07-17 16:13:27] [EVENT] Network Connected. Notification sent.
[2026-07-17 16:13:27] [HEARTBEAT] IP:10.1.2.3
[2026-07-17 16:13:27] [ERROR] SIM Card disconnected during runtime, CPIN=UNKNOWN.
[2026-07-17 16:13:27] [DIAG-SIM] TIMEOUT | +CEREG: 0,1
[2026-07-17 16:13:27] [DIAG-DMESG] (none)
[2026-07-17 16:13:27] [EVENT] Network Recovered in SDK phase (L0). Down: 2s.
[2026-07-17 16:13:27] [EVENT] Network Connected. Notification sent.
[2026-07-17 16:13:27] [HEARTBEAT] IP:10.1.2.3
[2026-07-17 16:13:27] [ERROR] SIM Card disconnected during runtime, CPIN=UNKNOWN.
[2026-07-17 16:13:27] [DIAG-SIM] TIMEOUT | +CEREG: 0,1
[2026-07-17 16:13:27] [DIAG-DMESG] (none)
[2026-07-17 16:13:27] [EVENT] Network Recovered in SDK phase (L0). Down: 2s.
[2026-07-17 16:13:27] [EVENT] Network Connected. Notification sent.
[2026-07-17 16:13:27] [HEARTBEAT] IP:10.1.2.3
[2026-07-17 16:13:27] [ERROR] SIM Card disconnected during runtime, CPIN=UNKNOWN.
[2026-07-17 16:13:27] [DIAG-SIM] TIMEOUT | +CEREG: 0,1
[2026-07-17 16:13:27] [DIAG-DMESG] (none)
[2026-07-17 16:13:27] [EVENT] Network Recovered in SDK phase (L0). Down: 2s.
[2026-07-17 16:13:27] [EVENT] Network Connected. Notification sent.
[2026-07-17 16:13:27] [HEARTBEAT] IP:10.1.2.3
[2026-07-17 16:13:27] [ERROR] SIM Card disconnected during runtime, CPIN=UNKNOWN.
[2026-07-17 16:13:27] [DIAG-SIM] TIMEOUT | +CEREG: 0,1
[2026-07-17 16:13:27] [DIAG-DMESG] (none)
[2026-07-17 16:13:27] [EVENT] Network Recovered in SDK phase (L0). Down: 2s.
[2026-07-17 16:13:27] [EVENT] Network Connected. Notification sent.
[2026-07-17 16:13:27] [HEARTBEAT] IP:10.1.2.3
[2026-07-17 16:13:27] [ERROR] SIM Card disconnected during runtime, CPIN=UNKNOWN.
[2026-07-17 16:13:27] [DIAG-SIM] TIMEOUT | +CEREG: 0,1
[2026-07-17 16:13:27] [DIAG-DMESG] (none)
[2026-07-17 16:13:27] [EVENT] Network Recovered in SDK phase (L0). Down: 2s.
[2026-07-17 16:13:27] [EVENT] Network Connected. Notification sent.
[2026-07-17 16:13:27] [HEARTBEAT] IP:10.1.2.3
[2026-07-17 16:13:27] [ERROR] SIM Card disconnected during runtime, CPIN=UNKNOWN.
[2026-07-17 16:13:27] [DIAG-SIM] TIMEOUT | +CEREG: 0,1
[2026-07-17 16:13:27] [DIAG-DMESG] (none)
[2026-07-17 16:13:27] [EVENT] Network Recovered in SDK phase (L0). Down: 2s.
[2026-07-17 16:13:27] [EVENT] Network Connected. Notification sent.
[2026-07-17 16:13:27] [HEARTBEAT] IP:10.1.2.3
[2026-07-17 16:13:27] [ERROR] SIM Card disconnected during runtime, CPIN=UNKNOWN.
[2026-07-17 16:13:27] [DIAG-SIM] TIMEOUT | +CEREG: 0,1
[2026-07-17 16:13:27] [DIAG-DMESG] (none)
[2026-07-17 16:13:27] [EVENT] Network Recovered in SDK phase (L0). Down: 2s.
[2026-07-17 16:13:27] [EVENT] Network Connected. Notification sent.
[2026-07-17 16:13:27] [HEARTBEAT] SIM_AT:READY | SIM_CB:UNKNOWN | REG:1 | CSQ:22 | TEMP:-1 | DownTime:0s
[2026-07-17 16:13:27] [HEARTBEAT] IP:10.1.2.3
[2026-07-17 16:13:27] [ERROR] SIM Card disconnected during runtime, CPIN=UNKNOWN.
[2026-07-17 16:13:27] [DIAG-SIM] TIMEOUT | +CEREG: 0,1
[2026-07-17 16:13:27] [DIAG-DMESG] (none)
[2026-07-17 16:13:27] [EVENT] Network Recovered in SDK phase (L0). Down: 2s.
[2026-07-17 16:13:27] [EVENT] Network Connected. Notification sent.
[2026-07-17 16:13:27] [HEARTBEAT] IP:10.1.2.3
[2026-07-17 16:13:27] [ERROR] SIM Card disconnected during runtime, CPIN=UNKNOWN.
[2026-07-17 16:13:27] [DIAG-SIM] TIMEOUT | +CEREG: 0,1
[2026-07-17 16:13:27] [DIAG-DMESG] (none)
[2026-07-17 16:13:27] [EVENT] Network Recovered in SDK phase (L0). Down: 2s.
[2026-07-17 16:13:27] [EVENT] Network Connected. Notification sent.
[2026-07-17 16:13:27] [HEARTBEAT] IP:10.1.2.3
[2026-07-17 16:13:27] [ERROR] SIM Card disconnected during runtime, CPIN=UNKNOWN.
[2026-07-17 16:13:27] [DIAG-SIM] TIMEOUT | +CEREG: 0,1
[2026-07-17 16:13:27] [DIAG-DMESG] (none)
[2026-07-17 16:14:27] [EVENT] Network Recovered in SDK phase (L0). Down: 2s.
[2026-07-17 16:14:27] [EVENT] Network Connected. Notification sent.
[2026-07-17 16:14:27] [HEARTBEAT] IP:10.1.2.3
[2026-07-17 16:14:27] [ERROR] SIM Card disconnected during runtime, CPIN=UNKNOWN.
[2026-07-17 16:14:27] [DIAG-SIM] TIMEOUT | +CEREG: 0,1
[2026-07-17 16:14:27] [DIAG-DMESG] (none)
[2026-07-17 16:14:27] [EVENT] Network Recovered in SDK phase (L0). Down: 2s.
[2026-07-17 16:14:27] [EVENT] Network Connected. Notification sent.
