[2026-08-04 23:27:05] [INIT] Fast Retry Limit Reached. Entering persistent loop mode.
[2026-08-04 23:27:05] [INIT] Starting dial initialization...
[2026-08-04 23:27:05] [INIT] Waiting for ql_data_call_init...
[2026-08-04 23:27:05] [INIT] data_call_init OK.
[2026-08-04 23:27:05] [INIT] ql_nw_init OK.
[2026-08-04 23:27:05] [SIM] sim_init OK
[2026-08-04 23:27:05] [INIT] ICCID: (empty)
[2026-08-04 23:27:05] [INIT] SIM init state: UNKNOWN
[2026-08-04 23:27:05] [INIT] IMEI:  865965086914080
[2026-08-04 23:27:05] [INIT] FW:    (unknown)
[2026-08-04 23:27:05] [INIT] SUB:   (unknown)
[2026-08-04 23:27:05] [INIT] AP_FW: (unknown)
[2026-08-04 23:27:05] [INIT] CP_FW: (unknown)
[2026-08-04 23:27:05] [INIT] IMSI:  460089087110299
[2026-08-04 23:27:05] [APN] load from apn.json (path=/usr/dial/apn.json, count=0)
[2026-08-04 23:27:05] [INIT] APN set success
[2026-08-04 23:27:05] [INIT] set_reconnect_mode(NORMAL): OK
[2026-08-04 23:27:05] [INIT] ql_data_call_config: OK
[2026-08-04 23:27:05] [INIT] Starting Data Call...
[2026-08-04 23:27:05] [HEARTBEAT] SIM_AT:READY | SIM_CB:UNKNOWN | REG:1 | SRV:2 RAT:LTE DENY:0 | CSQ:18 | RSRP:-88 RSRQ:-10 SNR:180 RSSI:-65 | TEMP:-1 | DownTime:0s
[2026-08-04 23:27:05] [EVENT] Network Recovered in SDK phase (L0). Down: 1s.
[2026-08-04 23:27:05] [INIT] Dial success. Retry count cleared.
[2026-08-04 23:27:05] [EVENT] Network Connected. Notification sent.
[2026-08-04 23:27:05] [HEARTBEAT] OPER:SIMNET 46000 | IP:10.1.2.3
[2026-08-04 23:27:05] [ERROR] SIM Card disconnected during runtime, CPIN=UNKNOWN.
[2026-08-04 23:27:05] [DIAG-SIM] TIMEOUT | +CEREG: 0,1
[2026-08-04 23:27:05] [DIAG-DMESG] (none)
[2026-08-04 23:27:05] [EVENT] Network Recovered in SDK phase (L0). Down: 3s.
[2026-08-04 23:27:05] [EVENT] Network Connected. Notification sent.
[2026-08-04 23:27:05] [HEARTBEAT] OPER:SIMNET 46000 | IP:10.1.2.3
[2026-08-04 23:27:05] [ERROR] SIM Card disconnected during runtime, CPIN=UNKNOWN.
[2026-08-04 23:27:05] [DIAG-SIM] TIMEOUT | +CEREG: 0,1
[2026-08-04 23:27:05] [DIAG-DMESG] (none)
[2026-08-04 23:27:05] [DIAG] IP:10.1.2.3 | CEER:0,-1 | PDP:+CGACT: 1,1
[2026-08-04 23:27:05] [HEARTBEAT] SIM_AT:READY | SIM_CB:UNKNOWN | REG:1 | SRV:2 RAT:LTE DENY:0 | CSQ:18 | RSRP:-88 RSRQ:-10 SNR:180 RSSI:-65 | TEMP:-1 | DownTime:17s
[2026-08-04 23:27:05] [ALARM] Net Fail Duration: 31 sec. Trigger Level 1 recovery.
[2026-08-04 23:27:05] [RECOVERY] LastErr: +CEER: 0,-1
[2026-08-04 23:27:05] [RECOVERY] PDP state: +CGACT: 1,1
[2026-08-04 23:27:05] [RECOVERY L1] Stopping Data Call & Cleaning PDP... REG=1
[2026-08-04 23:27:05] [RECOVERY L1] Restarting Data Call...
[2026-08-04 23:27:05] [RECOVERY L1] Start OK. Waiting for reconnect.
[2026-08-04 23:27:05] [HEARTBEAT] SIM_AT:READY | SIM_CB:UNKNOWN | REG:1 | SRV:2 RAT:LTE DENY:0 | CSQ:18 | RSRP:-88 RSRQ:-10 SNR:180 RSSI:-65 | TEMP:-1 | DownTime:50s
[2026-08-04 23:29:35] [HEARTBEAT] SIM_AT:READY | SIM_CB:UNKNOWN | REG:1 | SRV:2 RAT:LTE DENY:0 | CSQ:18 | RSRP:-88 RSRQ:-10 SNR:180 RSSI:-65 | TEMP:-1 | DownTime:80s
[2026-08-04 23:29:35] [ALARM] Net Fail Duration: 93 sec. Trigger Level 1 recovery.
[2026-08-04 23:29:35] [RECOVERY] LastErr: +CEER: 0,-1
[2026-08-04 23:29:35] [RECOVERY] PDP state: +CGACT: 1,1
[2026-08-04 23:29:35] [RECOVERY L1] Stopping Data Call & Cleaning PDP... REG=1
[2026-08-04 23:29:35] [RECOVERY L1] Restarting Data Call...
[2026-08-04 23:29:35] [RECOVERY L1] Start OK. Waiting for reconnect.
[2026-08-04 23:29:35] [HEARTBEAT] SIM_AT:READY | SIM_CB:UNKNOWN | REG:1 | SRV:2 RAT:LTE DENY:0 | CSQ:18 | RSRP:-88 RSRQ:-10 SNR:180 RSSI:-65 | TEMP:-1 | DownTime:111s
[2026-08-04 23:29:35] [HEARTBEAT] SIM_AT:READY | SIM_CB:UNKNOWN | REG:1 | SRV:2 RAT:LTE DENY:0 | CSQ:18 | RSRP:-88 RSRQ:-10 SNR:180 RSSI:-65 | TEMP:-1 | DownTime:141s
[2026-08-04 23:29:35] [ALARM] Net Fail Duration: 155 sec. Trigger Level 1 recovery.
[2026-08-04 23:29:35] [RECOVERY] LastErr: +CEER: 0,-1
[2026-08-04 23:29:35] [RECOVERY] PDP state: +CGACT: 1,1
[2026-08-04 23:29:35] [RECOVERY L1] Stopping Data Call & Cleaning PDP... REG=1
[2026-08-04 23:29:35] [RECOVERY L1] Restarting Data Call...
[2026-08-04 23:29:35] [RECOVERY 
OK

OK
L1] Start OK. Waiting for reconnect.
[2026-08-04 23:29:35] [HEARTBEAT] SIM_AT:READY | SIM_CB:UNKNOWN | REG:1 | SRV:2 RAT:LTE DENY:0 | CSQ:18 | RSRP:-88 RSRQ:-10 SNR:180 RSSI:-65 | TEMP:-1 | DownTime:171s
[2026-08-04 23:29:35] [HEARTBEAT] SIM_AT:READY | SIM_CB:UNKNOWN | REG:1 | SRV:2 RAT:LTE DENY:0 | CSQ:18 | RSRP:-88 RSRQ:-10 SNR:180 RSSI:-65 | TEMP:-1 | DownTime:201s
[2026-08-04 23:32:05] [ALARM] Net Fail Duration: 218 sec. Trigger Level 1 recovery.
[2026-08-04 23:32:05] [RECOVERY] LastErr: +CEER: 0,-1
[2026-08-04 23:32:05] [RECOVERY] PDP state: +CGACT: 1,1
[2026-08-04 23:32:05] [RECOVERY L1] Stopping Data Call & Cleaning PDP... REG=1
[2026-08-04 23:32:05] [RECOVERY L1] Restarting Data Call...
[2026-08-04 23:32:05] [RECOVERY L1] Start OK. Waiting for reconnect.
[2026-08-04 23:32:05] [HEARTBEAT] SIM_AT:READY | SIM_CB:UNKNOWN | REG:1 | SRV:2 RAT:LTE DENY:0 | CSQ:18 | RSRP:-88 RSRQ:-10 SNR:180 RSSI:-65 | TEMP:-1 | DownTime:231s
[2026-08-04 23:32:05] [HEARTBEAT] SIM_AT:READY | SIM_CB:UNKNOWN | REG:1 | SRV:2 RAT:LTE DENY:0 | CSQ:18 | RSRP:-88 RSRQ:-10 SNR:180 RSSI:-65 | TEMP:-1 | DownTime:262s
[2026-08-04 23:32:05] [ALARM] Net Fail Duration: 280 sec. Trigger Level 1 recovery.
[2026-08-04 23:32:05] [RECOVERY] LastErr: +CEER: 0,-1
[2026-08-04 23:32:05] [RECOVERY] PDP state: +CGACT: 1,1
[2026-08-04 23:32:05] [RECOVERY L1] Stopping Data Call & Cleaning PDP... REG=1
[2026-08-04 23:32:05] [RECOVERY L1] Restarting Data Call...
[2026-08-04 23:32:05] [RECOVERY L1] Start OK. Waiting for reconnect.
[2026-08-04 23:32:05] [HEARTBEAT] SIM_AT:READY | SIM_CB:UNKNOWN | REG:1 | SRV:2 RAT:LTE DENY:0 | CSQ:18 | RSRP:-88 RSRQ:-10 SNR:180 RSSI:-65 | TEMP:-1 | DownTime:292s
[2026-08-04 23:32:05] [HEARTBEAT] SIM_AT:READY | SIM_CB:UNKNOWN | REG:1 | SRV:2 RAT:LTE DENY:0 | CSQ:18 | RSRP:-88 RSRQ:-10 SNR:180 RSSI:-65 | TEMP:-1 | DownTime:323s
[2026-08-04 23:32:05] [ALARM] Net Fail Duration: 331 sec. Trigger Level 2 recovery.
[2026-08-04 23:32:05] [RECOVERY] LastErr: +CEER: 0,-1
[2026-08-04 23:32:05] [RECOVERY] PDP state: +CGACT: 1,1
[2026-08-04 23:32:05] [RECOVERY L2] Toggling RF (Airplane Mode)... REG=1
[2026-08-04 23:32:05] [RECOVERY L2] RF ON. Waiting 10s for registration...
[2026-08-04 23:32:05] [RECOVERY L2] Restarting Data Call...
[2026-08-04 23:32:05] [RECOVERY L2] Start OK. Waiting for reconnect.
[2026-08-04 23:32:05] [HEARTBEAT] SIM_AT:READY | SIM_CB:UNKNOWN | REG:1 | SRV:2 RAT:LTE DENY:0 | CSQ:18 | RSRP:-88 RSRQ:-10 SNR:180 RSSI:-65 | TEMP:-1 | DownTime:353s
[2026-08-04 23:34:35] [HEARTBEAT] SIM_AT:READY | SIM_CB:UNKNOWN | REG:1 | SRV:2 RAT:LTE DENY:0 | CSQ:18 | RSRP:-88 RSRQ:-10 SNR:180 RSSI:-65 | TEMP:-1 | DownTime:383s
[2026-08-04 23:34:35] [HEARTBEAT] SIM_AT:READY | SIM_CB:UNKNOWN | REG:1 | SRV:2 RAT:LTE DENY:0 | CSQ:18 | RSRP:-88 RSRQ:-10 SNR:180 RSSI:-65 | TEMP:-1 | DownTime:413s
[2026-08-04 23:34:35] [HEARTBEAT] SIM_AT:READY | SIM_CB:UNKNOWN | REG:1 | SRV:2 RAT:LTE DENY:0 | CSQ:18 | RSRP:-88 RSRQ:-10 SNR:180 RSSI:-65 | TEMP:-1 | DownTime:443s
[2026-08-04 23:34:35] [HEARTBEAT] SIM_AT:READY | SIM_CB:UNKNOWN | REG:1 | SRV:2 RAT:LTE DENY:0 | CSQ:18 | RSRP:-88 RSRQ:-10 SNR:180 RSSI:-65 | TEMP:-1 | DownTime:473s
[2026-08-04 23:34:35] [HEARTBEAT] SIM_AT:READY | SIM_CB:UNKNOWN | REG:1 | SRV:2 RAT:LTE DENY:0 | CSQ:18 | RSRP:-88 RSRQ:-10 SNR:180 RSSI:-65 | TEMP:-1 | DownTime:504s
[2026-08-04 23:37:05] [HEARTBEAT] SIM_AT:READY | SIM_CB:UNKNOWN | REG:1 | SRV:2 RAT:LTE DENY:0 | CSQ:18 | RSRP:-88 RSRQ:-10 SNR:180 RSSI:-65 | TEMP:-1 | DownTime:534s
[2026-08-04 23:37:05] [HEARTBEAT] SIM_AT:READY | SIM_CB:UNKNOWN | REG:1 | SRV:2 RAT:LTE DENY:0 | CSQ:18 | RSRP:-88 RSRQ:-10 SNR:180 RSSI:-65 | TEMP:-1 | DownTime:564s
[2026-08-04 23:37:05] [HEARTBEAT] SIM_AT:READY | SIM_CB:UNKNOWN | REG:1 | SRV:2 RAT:LTE DENY:0 | CSQ:18 | RSRP:-88 RSRQ:-10 SNR:180 RSSI:-65 | TEMP:-1 | DownTime:594s
[2026-08-04 23:37:05] [HEARTBEAT] SIM_AT:READY | SIM_CB:UNKNOWN | REG:1 | SRV:2 RAT:LTE DENY:0 | CSQ:18 | RSRP:-88 RSRQ:-10 SNR:180 RSSI:-65 | TEMP:-1 | DownTime:624s
[2026-08-04 23:37:05] [ALARM] Net Fail Duration: 634 sec. Trigger Level 2 recovery.
[2026-08-04 23:37:05] [RECOV
OK

OK

OK

OK
ERY] LastErr: +CEER: 0,-1
[2026-08-04 23:37:05] [RECOVERY] PDP state: +CGACT: 1,1
[2026-08-04 23:37:05] [RECOVERY L2] Toggling RF (Airplane Mode)... REG=1
[2026-08-04 23:37:05] [RECOVERY L2] RF ON. Waiting 10s for registration...
[2026-08-04 23:37:05] [RECOVERY L2] Restarting Data Call...
[2026-08-04 23:37:05] [RECOVERY L2] Start OK. Waiting for reconnect.
[2026-08-04 23:37:05] [HEARTBEAT] SIM_AT:READY | SIM_CB:UNKNOWN | REG:1 | SRV:2 RAT:LTE DENY:0 | CSQ:18 | RSRP:-88 RSRQ:-10 SNR:180 RSSI:-65 | TEMP:-1 | DownTime:655s
[2026-08-04 23:39:35] [HEARTBEAT] SIM_AT:READY | SIM_CB:UNKNOWN | REG:1 | SRV:2 RAT:LTE DENY:0 | CSQ:18 | RSRP:-88 RSRQ:-10 SNR:180 RSSI:-65 | TEMP:-1 | DownTime:685s
[2026-08-04 23:39:35] [HEARTBEAT] SIM_AT:READY | SIM_CB:UNKNOWN | REG:1 | SRV:2 RAT:LTE DENY:0 | CSQ:18 | RSRP:-88 RSRQ:-10 SNR:180 RSSI:-65 | TEMP:-1 | DownTime:715s
[2026-08-04 23:39:35] [HEARTBEAT] SIM_AT:READY | SIM_CB:UNKNOWN | REG:1 | SRV:2 RAT:LTE DENY:0 | CSQ:18 | RSRP:-88 RSRQ:-10 SNR:180 RSSI:-65 | TEMP:-1 | DownTime:745s
[2026-08-04 23:39:35] [HEARTBEAT] SIM_AT:READY | SIM_CB:UNKNOWN | REG:1 | SRV:2 RAT:LTE DENY:0 | CSQ:18 | RSRP:-88 RSRQ:-10 SNR:180 RSSI:-65 | TEMP:-1 | DownTime:775s
[2026-08-04 23:39:35] [HEARTBEAT] SIM_AT:READY | SIM_CB:UNKNOWN | REG:1 | SRV:2 RAT:LTE DENY:0 | CSQ:18 | RSRP:-88 RSRQ:-10 SNR:180 RSSI:-65 | TEMP:-1 | DownTime:805s
[2026-08-04 23:42:05] [HEARTBEAT] SIM_AT:READY | SIM_CB:UNKNOWN | REG:1 | SRV:2 RAT:LTE DENY:0 | CSQ:18 | RSRP:-88 RSRQ:-10 SNR:180 RSSI:-65 | TEMP:-1 | DownTime:835s
[2026-08-04 23:42:05] [HEARTBEAT] SIM_AT:READY | SIM_CB:UNKNOWN | REG:1 | SRV:2 RAT:LTE DENY:0 | CSQ:18 | RSRP:-88 RSRQ:-10 SNR:180 RSSI:-65 | TEMP:-1 | DownTime:865s
[2026-08-04 23:42:05] [HEARTBEAT] SIM_AT:READY | SIM_CB:UNKNOWN | REG:1 | SRV:2 RAT:LTE DENY:0 | CSQ:18 | RSRP:-88 RSRQ:-10 SNR:180 RSSI:-65 | TEMP:-1 | DownTime:895s
[2026-08-04 23:42:05] [HEARTBEAT] SIM_AT:READY | SIM_CB:UNKNOWN | REG:1 | SRV:2 RAT:LTE DENY:0 | CSQ:18 | RSRP:-88 RSRQ:-10 SNR:180 RSSI:-65 | TEMP:-1 | DownTime:925s
[2026-08-04 23:42:05] [ALARM] Net Fail Duration: 935 sec. Trigger Level 2 recovery.
[2026-08-04 23:42:05] [RECOVERY] LastErr: +CEER: 0,-1
[2026-08-04 23:42:05] [RECOVERY] PDP state: +CGACT: 1,1
[2026-08-04 23:42:05] [RECOVERY L2] Toggling RF (Airplane Mode)... REG=1
[2026-08-04 23:42:05] [RECOVERY L2] RF ON. Waiting 10s for registration...
[2026-08-04 23:42:05] [RECOVERY L2] Restarting Data Call...
[2026-08-04 23:42:05] [RECOVERY L2] Start OK. Waiting for reconnect.
[2026-08-04 23:42:05] [HEARTBEAT] SIM_AT:READY | SIM_CB:UNKNOWN | REG:1 | SRV:2 RAT:LTE DENY:0 | CSQ:18 | RSRP:-88 RSRQ:-10 SNR:180 RSSI:-65 | TEMP:-1 | DownTime:955s
[2026-08-04 23:44:35] [HEARTBEAT] SIM_AT:READY | SIM_CB:UNKNOWN | REG:1 | SRV:2 RAT:LTE DENY:0 | CSQ:18 | RSRP:-88 RSRQ:-10 SNR:180 RSSI:-65 | TEMP:-1 | DownTime:986s
[2026-08-04 23:44:35] [HEARTBEAT] SIM_AT:READY | SIM_CB:UNKNOWN | REG:1 | SRV:2 RAT:LTE DENY:0 | CSQ:18 | RSRP:-88 RSRQ:-10 SNR:180 RSSI:-65 | TEMP:-1 | DownTime:1016s
[2026-08-04 23:44:35] [HEARTBEAT] SIM_AT:READY | SIM_CB:UNKNOWN | REG:1 | SRV:2 RAT:LTE DENY:0 | CSQ:18 | RSRP:-88 RSRQ:-10 SNR:180 RSSI:-65 | TEMP:-1 | DownTime:1046s
[2026-08-04 23:44:35] [HEARTBEAT] SIM_AT:READY | SIM_CB:UNKNOWN | REG:1 | SRV:2 RAT:LTE DENY:0 | CSQ:18 | RSRP:-88 RSRQ:-10 SNR:180 RSSI:-65 | TEMP:-1 | DownTime:1076s
[2026-08-04 23:44:35] [HEARTBEAT] SIM_AT:READY | SIM_CB:UNKNOWN | REG:1 | SRV:2 RAT:LTE DENY:0 | CSQ:18 | RSRP:-88 RSRQ:-10 SNR:180 RSSI:-65 | TEMP:-1 | DownTime:1106s
[2026-08-04 23:47:05] [HEARTBEAT] SIM_AT:READY | SIM_CB:UNKNOWN | REG:1 | SRV:2 RAT:LTE DENY:0 | CSQ:18 | RSRP:-88 RSRQ:-10 SNR:180 RSSI:-65 | TEMP:-1 | DownTime:1136s
[2026-08-04 23:47:05] [HEARTBEAT] SIM_AT:READY | SIM_CB:UNKNOWN | REG:1 | SRV:2 RAT:LTE DENY:0 | CSQ:18 | RSRP:-88 RSRQ:-10 SNR:180 RSSI:-65 | TEMP:-1 | DownTime:1166s
[2026-08-04 23:47:05] [HEARTBEAT] SIM_AT:READY | SIM_CB:UNKNOWN | REG:1 | SRV:2 RAT:LTE DENY:0 | CSQ:18 | RSRP:-88 RSRQ:-10 SNR:180 RSSI:-65 | TEMP:-1 | DownTime:1196s
[2026-08-04 23:47:05] [HEARTBEAT] SIM_AT:READY | SIM_CB:UNKNOWN | REG:1 | SRV:2 RAT:LT
OK

OK

OK

OK
E DENY:0 | CSQ:18 | RSRP:-88 RSRQ:-10 SNR:180 RSSI:-65 | TEMP:-1 | DownTime:1226s
[2026-08-04 23:47:05] [ALARM] Net Fail Duration: 1237 sec. Trigger Level 2 recovery.
[2026-08-04 23:47:05] [RECOVERY] LastErr: +CEER: 0,-1
[2026-08-04 23:47:05] [RECOVERY] PDP state: +CGACT: 1,1
[2026-08-04 23:47:05] [RECOVERY L2] Toggling RF (Airplane Mode)... REG=1
[2026-08-04 23:47:05] [RECOVERY L2] RF ON. Waiting 10s for registration...
[2026-08-04 23:47:05] [RECOVERY L2] Restarting Data Call...
[2026-08-04 23:47:05] [RECOVERY L2] Start OK. Waiting for reconnect.
[2026-08-04 23:47:05] [HEARTBEAT] SIM_AT:READY | SIM_CB:UNKNOWN | REG:1 | SRV:2 RAT:LTE DENY:0 | CSQ:18 | RSRP:-88 RSRQ:-10 SNR:180 RSSI:-65 | TEMP:-1 | DownTime:1256s
[2026-08-04 23:49:35] [HEARTBEAT] SIM_AT:READY | SIM_CB:UNKNOWN | REG:1 | SRV:2 RAT:LTE DENY:0 | CSQ:18 | RSRP:-88 RSRQ:-10 SNR:180 RSSI:-65 | TEMP:-1 | DownTime:1287s
[2026-08-04 23:49:35] [HEARTBEAT] SIM_AT:READY | SIM_CB:UNKNOWN | REG:1 | SRV:2 RAT:LTE DENY:0 | CSQ:18 | RSRP:-88 RSRQ:-10 SNR:180 RSSI:-65 | TEMP:-1 | DownTime:1317s
[2026-08-04 23:49:35] [HEARTBEAT] SIM_AT:READY | SIM_CB:UNKNOWN | REG:1 | SRV:2 RAT:LTE DENY:0 | CSQ:18 | RSRP:-88 RSRQ:-10 SNR:180 RSSI:-65 | TEMP:-1 | DownTime:1347s
[2026-08-04 23:49:35] [HEARTBEAT] SIM_AT:READY | SIM_CB:UNKNOWN | REG:1 | SRV:2 RAT:LTE DENY:0 | CSQ:18 | RSRP:-88 RSRQ:-10 SNR:180 RSSI:-65 | TEMP:-1 | DownTime:1377s
[2026-08-04 23:49:35] [HEARTBEAT] SIM_AT:READY | SIM_CB:UNKNOWN | REG:1 | SRV:2 RAT:LTE DENY:0 | CSQ:18 | RSRP:-88 RSRQ:-10 SNR:180 RSSI:-65 | TEMP:-1 | DownTime:1407s
[2026-08-04 23:52:05] [HEARTBEAT] SIM_AT:READY | SIM_CB:UNKNOWN | REG:1 | SRV:2 RAT:LTE DENY:0 | CSQ:18 | RSRP:-88 RSRQ:-10 SNR:180 RSSI:-65 | TEMP:-1 | DownTime:1437s
[2026-08-04 23:52:05] [HEARTBEAT] SIM_AT:READY | SIM_CB:UNKNOWN | REG:1 | SRV:2 RAT:LTE DENY:0 | CSQ:18 | RSRP:-88 RSRQ:-10 SNR:180 RSSI:-65 | TEMP:-1 | DownTime:1468s
[2026-08-04 23:52:05] [HEARTBEAT] SIM_AT:READY | SIM_CB:UNKNOWN | REG:1 | SRV:2 RAT:LTE DENY:0 | CSQ:18 | RSRP:-88 RSRQ:-10 SNR:180 RSSI:-65 | TEMP:-1 | DownTime:1498s
[2026-08-04 23:52:05] [HEARTBEAT] SIM_AT:READY | SIM_CB:UNKNOWN | REG:1 | SRV:2 RAT:LTE DENY:0 | CSQ:18 | RSRP:-88 RSRQ:-10 SNR:180 RSSI:-65 | TEMP:-1 | DownTime:1528s
[2026-08-04 23:52:05] [ALARM] Net Fail Duration: 1539 sec. Trigger Level 2 recovery.
[2026-08-04 23:52:05] [RECOVERY] LastErr: +CEER: 0,-1
[2026-08-04 23:52:05] [RECOVERY] PDP state: +CGACT: 1,1
[2026-08-04 23:52:05] [RECOVERY L2] Toggling RF (Airplane Mode)... REG=1
[2026-08-04 23:52:05] [RECOVERY L2] RF ON. Waiting 10s for registration...
[2026-08-04 23:52:05] [RECOVERY L2] Restarting Data Call...
[2026-08-04 23:52:05] [RECOVERY L2] Start OK. Waiting for reconnect.
[2026-08-04 23:52:05] [HEARTBEAT] SIM_AT:READY | SIM_CB:UNKNOWN | REG:1 | SRV:2 RAT:LTE DENY:0 | CSQ:18 | RSRP:-88 RSRQ:-10 SNR:180 RSSI:-65 | TEMP:-1 | DownTime:1558s
[2026-08-04 23:54:35] [HEARTBEAT] SIM_AT:READY | SIM_CB:UNKNOWN | REG:1 | SRV:2 RAT:LTE DENY:0 | CSQ:18 | RSRP:-88 RSRQ:-10 SNR:180 RSSI:-65 | TEMP:-1 | DownTime:1588s
[2026-08-04 23:54:35] [HEARTBEAT] SIM_AT:READY | SIM_CB:UNKNOWN | REG:1 | SRV:2 RAT:LTE DENY:0 | CSQ:18 | RSRP:-88 RSRQ:-10 SNR:180 RSSI:-65 | TEMP:-1 | DownTime:1620s
[2026-08-04 23:54:35] [HEARTBEAT] SIM_AT:READY | SIM_CB:UNKNOWN | REG:1 | SRV:2 RAT:LTE DENY:0 | CSQ:18 | RSRP:-88 RSRQ:-10 SNR:180 RSSI:-65 | TEMP:-1 | DownTime:1650s
[2026-08-04 23:54:35] [HEARTBEAT] SIM_AT:READY | SIM_CB:UNKNOWN | REG:1 | SRV:2 RAT:LTE DENY:0 | CSQ:18 | RSRP:-88 RSRQ:-10 SNR:180 RSSI:-65 | TEMP:-1 | DownTime:1680s
[2026-08-04 23:54:35] [HEARTBEAT] SIM_AT:READY | SIM_CB:UNKNOWN | REG:1 | SRV:2 RAT:LTE DENY:0 | CSQ:18 | RSRP:-88 RSRQ:-10 SNR:180 RSSI:-65 | TEMP:-1 | DownTime:1710s
[2026-08-04 23:57:05] [HEARTBEAT] SIM_AT:READY | SIM_CB:UNKNOWN | REG:1 | SRV:2 RAT:LTE DENY:0 | CSQ:18 | RSRP:-88 RSRQ:-10 SNR:180 RSSI:-65 | TEMP:-1 | DownTime:1741s
[2026-08-04 23:57:05] [HEARTBEAT] SIM_AT:READY | SIM_CB:UNKNOWN | REG:1 | SRV:2 RAT:LTE DENY:0 | CSQ:18 | RSRP:-88 RSRQ:-10 SNR:180 RSSI:-65 | TEMP:-1 | DownTime:1772s
[2026-08-04 23:57:05] [HEARTBEAT] SIM_AT:READY | SIM_CB:UNKNOWN | REG:1 | SRV:2 RAT:LTE DENY:0 | CSQ:18 | RSRP:-88 RSRQ:-10 SNR:180 RSSI:-65 | TEMP:-1 | DownTime:1802s
[2026-08-04 23:57:05] [ALARM] Net Fail Duration: 1830 sec. Trigger Level 3 recovery.
[2026-08-04 23:57:05] [RECOVERY] LastErr: +CEER: 0,-1
[2026-08-04 23:57:05] [RECOVERY] PDP state: +CGACT: 1,1
[2026-08-04 23:57:05] [RECOVERY L3] FATAL: Network down 1831 secs (threshold 1830s). Exiting for start_prog to reinitialize.
