/media/sdcard not exists 
/media/sdcard not exists 
/media/sdcard not exists 
/media/sdcard not exists 
/media/sdcard not exists 
/media/sdcard not exists 
/media/sdcard not exists 
/media/sdcard not exists 
/media/sdcard not exists 
/media/sdcard not exists 
 /media/sdcard does not exist or free space < 1GB
2026-08-18 22:30:21.443 [INFO] [0martery_product_main (main.c:189) - DIAL Version: 1.29.16

>> Read response urc, len = 6, content : 
OK

>> Read response urc, len = 6, content : 
OK

>> Read response urc, len = 45, content : 
EG25GGBR07A08M2G_OCPU_30.200.30.200

OK

2026-08-18 22:30:21.449 [INFO] [0mroamlink_read_policy (roamlink.c:312) - roamlink: /usrdata/network.ini not found, use default policy 4
2026-08-18 22:30:21.466 [INFO] [0mroamlink_is_master_running (roamlink.c:391) - roamlink: RBMaster process not found in /proc
2026-08-18 22:30:21.466 [ERROR] [0mroamlink_probe (roamlink.c:68) - roamlink: RBMaster not found at /usrdata/roamlink/RBMaster -> NO_PACKAGE
2026-08-18 22:30:21.470 [INFO] [0mprint_init_info (main.c:142) - [INIT] policy=4
>> Read response urc, len = 25, content : 
867929069681908

OK

2026-08-18 22:30:21.471 [INFO] [0mprint_init_info (main.c:149) - [INIT] IMEI: 867929069681908
>> Read response urc, len = 45, content : 
EG25GGBR07A08M2G_OCPU_30.200.30.200

OK

2026-08-18 22:30:21.475 [INFO] [0mprint_init_info (main.c:153) - [INIT] FW: EG25GGBR07A08M2G_OCPU_30.200.30.200
>> Read response urc, len = 30, content : 
+COPS: 0,2,"46000",7

OK

>> Read response urc, len = 21, content : 
+CEREG: 0,1

OK

2026-08-18 22:30:21.481 [INFO] [0mprint_init_info (main.c:171) - [INIT] COPS: +COPS: 0,2,"46000",7 (mode=0 auto) | CEREG: +CEREG: 0,1
>> Read response urc, len = 20, content : 
+CSQ: 3,99

OK

2026-08-18 22:30:21.530 [INFO] [0mdial_task (dial.c:918) - state: (start) -> none
2026-08-18 22:30:21.530 [INFO] [0mdial_task (dial.c:981) - dial: policy=4, initial channel: physical SIM
2026-08-18 22:30:21.541 [INFO] [0mdial_task (dial.c:918) - state: none -> init
2026-08-18 22:30:21.551 [INFO] [0mdial_task (dial.c:918) - state: init -> sim_init
2026-08-18 22:30:21.566 [INFO] [0mdial_task (dial.c:918) - state: sim_init -> sim_check
2026-08-18 22:30:21.578 [INFO] [0mdial_task (dial.c:918) - state: sim_check -> sim_op
2026-08-18 22:30:21.578 [INFO] [0msim_op_handler (sim.c:210) - ICCID: 
2026-08-18 22:30:21.578 [INFO] [0msim_op_handler (sim.c:221) - IMSI: 
>> Read response urc, len = 20, content : 
+CSQ: 3,99

OK

2026-08-18 22:30:21.594 [INFO] [0mdial_task (dial.c:918) - state: sim_op -> reg_check
2026-08-18 22:30:21.605 [INFO] [0mdial_task (dial.c:918) - state: reg_check -> cereg_check
>> Read response urc, len = 21, content : 
+CEREG: 0,1

OK

2026-08-18 22:30:21.618 [INFO] [0mdial_task (dial.c:918) - state: cereg_check -> precondition_check
2026-08-18 22:30:21.628 [INFO] [0mdial_task (dial.c:918) - state: precondition_check -> pre_start_call
2026-08-18 22:30:21.628 [ERROR] [0mapn_scan_from_json (apn.c:117) - fp is NULL
2026-08-18 22:30:21.628 [INFO] [0mapn_set (apn.c:246) - apn set with profile_idx: 1, apn_name: , username: , password: 
2026-08-18 22:30:21.628 [INFO] [0mdial_task (dial.c:1126) - [APN] selected: apn="(empty=网络默认)" profile=1 is_oper_select=0 (iccid-match="(none/default)")
>> Read response urc, len = 20, content : 
+CSQ: 3,99

OK

2026-08-18 22:30:21.649 [INFO] [0mdial_task (dial.c:918) - state: pre_start_call -> start_call
2026-08-18 22:30:21.660 [INFO] [0mdial_task (dial.c:918) - state: start_call -> wait_for_connect
>> Read response urc, len = 20, content : 
+CSQ: 3,99

OK

>> Read response urc, len = 20, content : 
+CSQ: 3,99

OK

>> Read response urc, len = 20, content : 
+CSQ: 3,99

OK

>> Read response urc, len = 20, content : 
+CSQ: 3,99

OK

>> Read response urc, len = 21, content : 
+CEREG: 0,1

OK

>> Read response urc, len = 22, content : 
+CPIN: READY

OK

>> Read response urc, len = 20, content : 
+CSQ: 3,99

OK

>> Read response urc, len = 20, content : 
+CSQ: 3,99

OK

>> Read response urc, len = 20, content : 
+CSQ: 3,99

OK

>> Read response urc, len = 20, content : 
+CSQ: 3,99

OK

>> Read response urc, len = 20, content : 
+CSQ: 3,99

OK

2026-08-18 22:32:01.101 [INFO] [0martery_product_main (main.c:371) - [HEARTBEAT] state=wait_for_connect csq=3 SRV:2 RAT:LTE DENY:0 RSRP:-115 RSRQ:-19 SNR:-20 RSSI:-100 tcp_fail=0 rl_fail=0
>> Read response urc, len = 20, content : 
+CSQ: 3,99

OK

>> Read response urc, len = 20, content : 
+CSQ: 3,99

OK

>> Read response urc, len = 20, content : 
+CSQ: 3,99

OK

2026-08-18 22:32:01.268 [INFO] [0mdail_stop_data_call (dial.c:364) - the profile index 1 stop data call success
>> Read response urc, len = 30, content : 
+COPS: 0,2,"46000",7

OK

2026-08-18 22:32:01.272 [INFO] [0mdial_task (dial.c:1290) - [OPER] !is_oper_select dial timeout: AT+COPS=0 (back to auto), Ret:
+COPS: 0,2,"46000",7

OK

2026-08-18 22:32:01.272 [ERROR] [0mdial_task (dial.c:1295) - dial time out, redial from :reg check
2026-08-18 22:32:01.282 [INFO] [0mdial_task (dial.c:918) - state: wait_for_connect -> reg_check
2026-08-18 22:32:01.300 [INFO] [0mdial_task (dial.c:918) - state: reg_check -> cereg_check
>> Read response urc, len = 21, content : 
+CEREG: 0,1

OK

>> Read response urc, len = 20, content : 
+CSQ: 3,99

OK

2026-08-18 22:32:01.311 [INFO] [0mdial_task (dial.c:918) - state: cereg_check -> precondition_check
2026-08-18 22:32:01.322 [INFO] [0mdial_task (dial.c:918) - state: precondition_check -> pre_start_call
2026-08-18 22:32:01.323 [INFO] [0mapn_set (apn.c:246) - apn set with profile_idx: 1, apn_name: , username: , password: 
2026-08-18 22:32:01.323 [INFO] [0mdial_task (dial.c:1126) - [APN] selected: apn="(empty=网络默认)" profile=1 is_oper_select=0 (iccid-match="(none/default)")
2026-08-18 22:32:01.344 [INFO] [0mdial_task (dial.c:918) - state: pre_start_call -> start_call
2026-08-18 22:32:01.354 [INFO] [0mdial_task (dial.c:918) - state: start_call -> wait_for_connect
>> Read response urc, len = 20, content : 
+CSQ: 3,99

OK

>> Read response urc, len = 20, content : 
+CSQ: 3,99

OK

>> Read response urc, len = 20, content : 
+CSQ: 3,99

OK

>> Read response urc, len = 20, content : 
+CSQ: 3,99

OK

>> Read response urc, len = 20, content : 
+CSQ: 3,99

OK

>> Read response urc, len = 20, content : 
+CSQ: 3,99

OK

>> Read response urc, len = 20, content : 
+CSQ: 3,99

OK

>> Read response urc, len = 20, content : 
+CSQ: 3,99

OK

2026-08-18 22:32:01.738 [INFO] [0martery_product_main (main.c:371) - [HEARTBEAT] state=wait_for_connect csq=3 SRV:2 RAT:LTE DENY:0 RSRP:-115 RSRQ:-19 SNR:-20 RSSI:-100 tcp_fail=0 rl_fail=0
>> Read response urc, len = 20, content : 
+CSQ: 3,99

OK

>> Read response urc, len = 20, content : 
+CSQ: 3,99

OK

>> Read response urc, len = 20, content : 
+CSQ: 3,99

OK

>> Read response urc, len = 20, content : 
+CSQ: 3,99

OK

2026-08-18 22:32:01.968 [INFO] [0mdail_stop_data_call (dial.c:364) - the profile index 1 stop data call success
>> Read response urc, len = 30, content : 
+COPS: 0,2,"46000",7

OK

2026-08-18 22:32:01.969 [INFO] [0mdial_task (dial.c:1290) - [OPER] !is_oper_select dial timeout: AT+COPS=0 (back to auto), Ret:
+COPS: 0,2,"46000",7

OK

2026-08-18 22:32:01.969 [ERROR] [0mdial_task (dial.c:1295) - dial time out, redial from :reg check
2026-08-18 22:32:01.980 [INFO] [0mdial_task (dial.c:918) - state: wait_for_connect -> reg_check
2026-08-18 22:32:01.990 [INFO] [0mdial_task (dial.c:918) - state: reg_check -> cereg_check
>> Read response urc, len = 21, content : 
+CEREG: 0,1

OK

>> Read response urc, len = 20, content : 
+CSQ: 3,99

OK

2026-08-18 22:33:41.002 [INFO] [0mdial_task (dial.c:918) - state: cereg_check -> precondition_check
2026-08-18 22:33:41.014 [INFO] [0mdial_task (dial.c:918) - state: precondition_check -> pre_start_call
2026-08-18 22:33:41.014 [INFO] [0mapn_set (apn.c:246) - apn set with profile_idx: 1, apn_name: , username: , password: 
2026-08-18 22:33:41.014 [INFO] [0mdial_task (dial.c:1126) - [APN] selected: apn="(empty=网络默认)" profile=1 is_oper_select=0 (iccid-match="(none/default)")
>> Read response urc, len = 20, content : 
+CSQ: 3,99

OK

2026-08-18 22:33:41.058 [INFO] [0mdial_task (dial.c:918) - state: pre_start_call -> start_call
2026-08-18 22:33:41.069 [INFO] [0mdial_task (dial.c:918) - state: start_call -> wait_for_connect
>> Read response urc, len = 20, content : 
+CSQ: 3,99

OK

>> Read response urc, len = 20, content : 
+CSQ: 3,99

OK

>> Read response urc, len = 20, content : 
+CSQ: 3,99

OK

>> Read response urc, len = 20, content : 
+CSQ: 3,99

OK

>> Read response urc, len = 20, content : 
+CSQ: 3,99

OK

>> Read response urc, len = 20, content : 
+CSQ: 3,99

OK

2026-08-18 22:33:41.369 [INFO] [0martery_product_main (main.c:371) - [HEARTBEAT] state=wait_for_connect csq=3 SRV:2 RAT:LTE DENY:0 RSRP:-115 RSRQ:-19 SNR:-20 RSSI:-100 tcp_fail=0 rl_fail=0
>> Read response urc, len = 20, content : 
+CSQ: 3,99

OK

>> Read response urc, len = 20, content : 
+CSQ: 3,99

OK

>> Read response urc, len = 20, content : 
+CSQ: 3,99

OK

>> Read response urc, len = 20, content : 
+CSQ: 3,99

OK

>> Read response urc, len = 20, content : 
+CSQ: 3,99

OK

2026-08-18 22:33:41.660 [INFO] [0mdail_stop_data_call (dial.c:364) - the profile index 1 stop data call success
>> Read response urc, len = 30, content : 
+COPS: 0,2,"46000",7

OK

2026-08-18 22:33:41.663 [INFO] [0mdial_task (dial.c:1290) - [OPER] !is_oper_select dial timeout: AT+COPS=0 (back to auto), Ret:
+COPS: 0,2,"46000",7

OK

2026-08-18 22:33:41.663 [ERROR] [0mdial_task (dial.c:1295) - dial time out, redial from :reg check
2026-08-18 22:33:41.674 [INFO] [0mdial_task (dial.c:918) - state: wait_for_connect -> reg_check
>> Read response urc, len = 20, content : 
+CSQ: 3,99

OK

2026-08-18 22:33:41.684 [INFO] [0mdial_task (dial.c:918) - state: reg_check -> cereg_check
>> Read response urc, len = 21, content : 
+CEREG: 0,1

OK

2026-08-18 22:33:41.699 [INFO] [0mdial_task (dial.c:918) - state: cereg_check -> precondition_check
2026-08-18 22:33:41.710 [INFO] [0mdial_task (dial.c:918) - state: precondition_check -> pre_start_call
2026-08-18 22:33:41.710 [INFO] [0mapn_set (apn.c:246) - apn set with profile_idx: 1, apn_name: , username: , password: 
2026-08-18 22:33:41.710 [INFO] [0mdial_task (dial.c:1126) - [APN] selected: apn="(empty=网络默认)" profile=1 is_oper_select=0 (iccid-match="(none/default)")
>> Read response urc, len = 20, content : 
+CSQ: 3,99

OK

2026-08-18 22:33:41.734 [INFO] [0mdial_task (dial.c:918) - state: pre_start_call -> start_call
2026-08-18 22:33:41.745 [INFO] [0mdial_task (dial.c:918) - state: start_call -> wait_for_connect
>> Read response urc, len = 20, content : 
+CSQ: 3,99

OK

>> Read response urc, len = 20, content : 
+CSQ: 3,99

OK

>> Read response urc, len = 20, content : 
+CSQ: 3,99

OK

>> Read response urc, len = 20, content : 
+CSQ: 3,99

OK

>> Read response urc, len = 20, content : 
+CSQ: 3,99

OK

2026-08-18 22:33:41.998 [INFO] [0martery_product_main (main.c:371) - [HEARTBEAT] state=wait_for_connect csq=3 SRV:2 RAT:LTE DENY:0 RSRP:-115 RSRQ:-19 SNR:-20 RSSI:-100 tcp_fail=0 rl_fail=0
>> Read response urc, len = 20, content : 
+CSQ: 3,99

OK

>> Read response urc, len = 20, content : 
+CSQ: 3,99

OK

>> Read response urc, len = 20, content : 
+CSQ: 3,99

OK

>> Read response urc, len = 20, content : 
+CSQ: 3,99

OK

>> Read response urc, len = 20, content : 
+CSQ: 3,99

OK

>> Read response urc, len = 20, content : 
+CSQ: 3,99

OK

2026-08-18 22:35:21.352 [INFO] [0mdail_stop_data_call (dial.c:364) - the profile index 1 stop data call success
>> Read response urc, len = 30, content : 
+COPS: 0,2,"46000",7

OK

2026-08-18 22:35:21.352 [INFO] [0mdial_task (dial.c:1290) - [OPER] !is_oper_select dial timeout: AT+COPS=0 (back to auto), Ret:
+COPS: 0,2,"46000",7

OK

2026-08-18 22:35:21.352 [ERROR] [0mdial_task (dial.c:1295) - dial time out, redial from :reg check
>> Read response urc, len = 20, content : 
+CSQ: 3,99

OK

2026-08-18 22:35:21.365 [INFO] [0mdial_task (dial.c:918) - state: wait_for_connect -> reg_check
2026-08-18 22:35:21.376 [INFO] [0mdial_task (dial.c:918) - state: reg_check -> cereg_check
>> Read response urc, len = 21, content : 
+CEREG: 0,1

OK

2026-08-18 22:35:21.387 [INFO] [0mdial_task (dial.c:918) - state: cereg_check -> precondition_check
2026-08-18 22:35:21.398 [INFO] [0mdial_task (dial.c:918) - state: precondition_check -> pre_start_call
2026-08-18 22:35:21.399 [INFO] [0mapn_set (apn.c:246) - apn set with profile_idx: 1, apn_name: , username: , password: 
2026-08-18 22:35:21.399 [INFO] [0mdial_task (dial.c:1126) - [APN] selected: apn="(empty=网络默认)" profile=1 is_oper_select=0 (iccid-match="(none/default)")
>> Read response urc, len = 20, content : 
+CSQ: 3,99

OK

2026-08-18 22:35:21.429 [INFO] [0mdial_task (dial.c:918) - state: pre_start_call -> start_call
2026-08-18 22:35:21.439 [INFO] [0mdial_task (dial.c:918) - state: start_call -> wait_for_connect
>> Read response urc, len = 20, content : 
+CSQ: 3,99

OK

>> Read response urc, len = 20, content : 
+CSQ: 3,99

OK

>> Read response urc, len = 21, content : 
+CEREG: 0,1

OK

>> Read response urc, len = 104, content : 
+QENG: "servingcell","NOCONN","LTE","FDD",460,00,D17C148,496,1850,3,5,5,272D,-101,-6,-75,23,18

OK

2026-08-18 22:35:21.536 [INFO] [0martery_product_main (main.c:398) - [HEARTBEAT] OPER:SIMNET 46000 cereg=1 cellid=D17C148 pci=496 tac=272D rsrp=-101dBm rsrq=-6dB ifname=(none) ip=0.0.0.0 rx_packets=0
>> Read response urc, len = 20, content : 
+CSQ: 3,99

OK

>> Read response urc, len = 20, content : 
+CSQ: 3,99

OK

2026-08-18 22:35:21.640 [INFO] [0martery_product_main (main.c:371) - [HEARTBEAT] state=wait_for_connect csq=3 SRV:2 RAT:LTE DENY:0 RSRP:-115 RSRQ:-19 SNR:-20 RSSI:-100 tcp_fail=0 rl_fail=0
>> Read response urc, len = 20, content : 
+CSQ: 3,99

OK

>> Read response urc, len = 20, content : 
+CSQ: 3,99

OK

>> Read response urc, len = 20, content : 
+CSQ: 3,99

OK

>> Read response urc, len = 20, content : 
+CSQ: 3,99

OK

>> Read response urc, len = 20, content : 
+CSQ: 3,99

OK

>> Read response urc, len = 20, content : 
+CSQ: 3,99

OK

>> Read response urc, len = 20, content : 
+CSQ: 3,99

OK

2026-08-18 22:37:01.048 [INFO] [0mdail_stop_data_call (dial.c:364) - the profile index 1 stop data call success
>> Read response urc, len = 30, content : 
+COPS: 0,2,"46000",7

OK

2026-08-18 22:37:01.050 [INFO] [0mdial_task (dial.c:1290) - [OPER] !is_oper_select dial timeout: AT+COPS=0 (back to auto), Ret:
+COPS: 0,2,"46000",7

OK

2026-08-18 22:37:01.050 [ERROR] [0mdial_task (dial.c:1295) - dial time out, redial from :reg check
>> Read response urc, len = 20, content : 
+CSQ: 3,99

OK

2026-08-18 22:37:01.061 [INFO] [0mdial_task (dial.c:918) - state: wait_for_connect -> reg_check
2026-08-18 22:37:01.071 [INFO] [0mdial_task (dial.c:918) - state: reg_check -> cereg_check
>> Read response urc, len = 21, content : 
+CEREG: 0,1

OK

2026-08-18 22:37:01.084 [INFO] [0mdial_task (dial.c:918) - state: cereg_check -> precondition_check
2026-08-18 22:37:01.097 [INFO] [0mdial_task (dial.c:918) - state: precondition_check -> pre_start_call
2026-08-18 22:37:01.097 [INFO] [0mapn_set (apn.c:246) - apn set with profile_idx: 1, apn_name: , username: , password: 
2026-08-18 22:37:01.097 [INFO] [0mdial_task (dial.c:1126) - [APN] selected: apn="(empty=网络默认)" profile=1 is_oper_select=0 (iccid-match="(none/default)")
>> Read response urc, len = 20, content : 
+CSQ: 3,99

OK

2026-08-18 22:37:01.118 [INFO] [0mdial_task (dial.c:918) - state: pre_start_call -> start_call
2026-08-18 22:37:01.128 [INFO] [0mdial_task (dial.c:918) - state: start_call -> wait_for_connect
>> Read response urc, len = 20, content : 
+CSQ: 3,99

OK

>> Read response urc, len = 20, content : 
+CSQ: 3,99

OK

>> Read response urc, len = 20, content : 
+CSQ: 3,99

OK

2026-08-18 22:37:01.267 [INFO] [0martery_product_main (main.c:371) - [HEARTBEAT] state=wait_for_connect csq=3 SRV:2 RAT:LTE DENY:0 RSRP:-115 RSRQ:-19 SNR:-20 RSSI:-100 tcp_fail=0 rl_fail=0
>> Read response urc, len = 20, content : 
+CSQ: 3,99

OK

>> Read response urc, len = 20, content : 
+CSQ: 3,99

OK

>> Read response urc, len = 20, content : 
+CSQ: 3,99

OK

>> Read response urc, len = 20, content : 
+CSQ: 3,99

OK

>> Read response urc, len = 20, content : 
+CSQ: 3,99

OK

>> Read response urc, len = 20, content : 
+CSQ: 3,99

OK

>> Read response urc, len = 20, content : 
+CSQ: 3,99

OK

>> Read response urc, len = 20, content : 
+CSQ: 3,99

OK

>> Read response urc, len = 20, content : 
+CSQ: 3,99

OK

2026-08-18 22:37:01.737 [INFO] [0mdail_stop_data_call (dial.c:364) - the profile index 1 stop data call success
>> Read response urc, len = 30, content : 
+COPS: 0,2,"46000",7

OK

2026-08-18 22:37:01.738 [INFO] [0mdial_task (dial.c:1290) - [OPER] !is_oper_select dial timeout: AT+COPS=0 (back to auto), Ret:
+COPS: 0,2,"46000",7

OK

2026-08-18 22:37:01.738 [ERROR] [0mdial_task (dial.c:1295) - dial time out, redial from :reg check
2026-08-18 22:37:01.748 [INFO] [0mdial_task (dial.c:918) - state: wait_for_connect -> reg_check
2026-08-18 22:37:01.759 [INFO] [0mdial_task (dial.c:918) - state: reg_check -> cereg_check
>> Read response urc, len = 21, content : 
+CEREG: 0,1

OK

2026-08-18 22:37:01.773 [INFO] [0mdial_task (dial.c:918) - state: cereg_check -> precondition_check
>> Read response urc, len = 20, content : 
+CSQ: 3,99

OK

2026-08-18 22:37:01.783 [INFO] [0mdial_task (dial.c:918) - state: precondition_check -> pre_start_call
2026-08-18 22:37:01.783 [INFO] [0mapn_set (apn.c:246) - apn set with profile_idx: 1, apn_name: , username: , password: 
2026-08-18 22:37:01.783 [INFO] [0mdial_task (dial.c:1126) - [APN] selected: apn="(empty=网络默认)" profile=1 is_oper_select=0 (iccid-match="(none/default)")
2026-08-18 22:37:01.820 [INFO] [0mdial_task (dial.c:918) - state: pre_start_call -> start_call
>> Read response urc, len = 20, content : 
+CSQ: 3,99

OK

2026-08-18 22:37:01.831 [INFO] [0mdial_task (dial.c:918) - state: start_call -> wait_for_connect
>> Read response urc, len = 20, content : 
+CSQ: 3,99

OK

2026-08-18 22:37:01.883 [INFO] [0martery_product_main (main.c:371) - [HEARTBEAT] state=wait_for_connect csq=3 SRV:2 RAT:LTE DENY:0 RSRP:-115 RSRQ:-19 SNR:-20 RSSI:-100 tcp_fail=0 rl_fail=0
>> Read response urc, len = 20, content : 
+CSQ: 3,99

OK

>> Read response urc, len = 20, content : 
+CSQ: 3,99

OK

>> Read response urc, len = 20, content : 
+CSQ: 3,99

OK

>> Read response urc, len = 20, content : 
+CSQ: 3,99

OK

>> Read response urc, len = 20, content : 
+CSQ: 3,99

OK

>> Read response urc, len = 20, content : 
+CSQ: 3,99

OK

>> Read response urc, len = 20, content : 
+CSQ: 3,99

OK

>> Read response urc, len = 20, content : 
+CSQ: 3,99

OK

>> Read response urc, len = 20, content : 
+CSQ: 3,99

OK

>> Read response urc, len = 20, content : 
+CSQ: 3,99

OK

2026-08-18 22:38:41.436 [INFO] [0mdail_stop_data_call (dial.c:364) - the profile index 1 stop data call success
>> Read response urc, len = 30, content : 
+COPS: 0,2,"46000",7

OK

2026-08-18 22:38:41.440 [INFO] [0mdial_task (dial.c:1290) - [OPER] !is_oper_select dial timeout: AT+COPS=0 (back to auto), Ret:
+COPS: 0,2,"46000",7

OK

2026-08-18 22:38:41.440 [ERROR] [0mdial_task (dial.c:1295) - dial time out, redial from :reg check
2026-08-18 22:38:41.450 [INFO] [0mdial_task (dial.c:918) - state: wait_for_connect -> reg_check
>> Read response urc, len = 20, content : 
+CSQ: 3,99

OK

2026-08-18 22:38:41.461 [INFO] [0mdial_task (dial.c:918) - state: reg_check -> cereg_check
>> Read response urc, len = 21, content : 
+CEREG: 0,1

OK

2026-08-18 22:38:41.476 [INFO] [0mdial_task (dial.c:918) - state: cereg_check -> precondition_check
2026-08-18 22:38:41.486 [INFO] [0mdial_task (dial.c:918) - state: precondition_check -> pre_start_call
2026-08-18 22:38:41.487 [INFO] [0mapn_set (apn.c:246) - apn set with profile_idx: 1, apn_name: , username: , password: 
2026-08-18 22:38:41.487 [INFO] [0mdial_task (dial.c:1126) - [APN] selected: apn="(empty=网络默认)" profile=1 is_oper_select=0 (iccid-match="(none/default)")
2026-08-18 22:38:41.508 [INFO] [0mdial_task (dial.c:918) - state: pre_start_call -> start_call
>> Read response urc, len = 20, content : 
+CSQ: 3,99

OK

2026-08-18 22:38:41.513 [INFO] [0martery_product_main (main.c:371) - [HEARTBEAT] state=wait_for_connect csq=3 SRV:2 RAT:LTE DENY:0 RSRP:-115 RSRQ:-19 SNR:-20 RSSI:-100 tcp_fail=0 rl_fail=0
2026-08-18 22:38:41.518 [INFO] [0mdial_task (dial.c:918) - state: start_call -> wait_for_connect
>> Read response urc, len = 20, content : 
+CSQ: 3,99

OK

>> Read response urc, len = 20, content : 
+CSQ: 3,99

OK

>> Read response urc, len = 20, content : 
+CSQ: 3,99

OK

>> Read response urc, len = 20, content : 
+CSQ: 3,99

OK

>> Read response urc, len = 20, content : 
+CSQ: 3,99

OK

>> Read response urc, len = 20, content : 
+CSQ: 3,99

OK

>> Read response urc, len = 20, content : 
+CSQ: 3,99

OK

>> Read response urc, len = 20, content : 
+CSQ: 3,99

OK

>> Read response urc, len = 20, content : 
+CSQ: 3,99

OK

>> Read response urc, len = 20, content : 
+CSQ: 3,99

OK

>> Read response urc, len = 20, content : 
+CSQ: 3,99

OK

2026-08-18 22:40:21.129 [INFO] [0mdail_stop_data_call (dial.c:364) - the profile index 1 stop data call success
>> Read response urc, len = 30, content : 
+COPS: 0,2,"46000",7

OK

2026-08-18 22:40:21.137 [INFO] [0mdial_task (dial.c:1290) - [OPER] !is_oper_select dial timeout: AT+COPS=0 (back to auto), Ret:
+COPS: 0,2,"46000",7

OK

2026-08-18 22:40:21.137 [ERROR] [0mdial_task (dial.c:1295) - dial time out, redial from :reg check
>> Read response urc, len = 20, content : 
+CSQ: 3,99

OK

2026-08-18 22:40:21.147 [INFO] [0martery_product_main (main.c:371) - [HEARTBEAT] state=reg_check csq=3 SRV:2 RAT:LTE DENY:0 RSRP:-115 RSRQ:-19 SNR:-20 RSSI:-100 tcp_fail=0 rl_fail=0
2026-08-18 22:40:21.148 [INFO] [0mdial_task (dial.c:918) - state: wait_for_connect -> reg_check
2026-08-18 22:40:21.161 [INFO] [0mdial_task (dial.c:918) - state: reg_check -> cereg_check
>> Read response urc, len = 21, content : 
+CEREG: 0,1

OK

2026-08-18 22:40:21.174 [INFO] [0mdial_task (dial.c:918) - state: cereg_check -> precondition_check
2026-08-18 22:40:21.185 [INFO] [0mdial_task (dial.c:918) - state: precondition_check -> pre_start_call
2026-08-18 22:40:21.185 [INFO] [0mapn_set (apn.c:246) - apn set with profile_idx: 1, apn_name: , username: , password: 
2026-08-18 22:40:21.185 [INFO] [0mdial_task (dial.c:1126) - [APN] selected: apn="(empty=网络默认)" profile=1 is_oper_select=0 (iccid-match="(none/default)")
>> Read response urc, len = 20, content : 
+CSQ: 3,99

OK

2026-08-18 22:40:21.205 [INFO] [0mdial_task (dial.c:918) - state: pre_start_call -> start_call
2026-08-18 22:40:21.216 [INFO] [0mdial_task (dial.c:918) - state: start_call -> wait_for_connect
>> Read response urc, len = 20, content : 
+CSQ: 3,99

OK

>> Read response urc, len = 20, content : 
+CSQ: 3,99

OK

>> Read response urc, len = 20, content : 
+CSQ: 3,99

OK

>> Read response urc, len = 20, content : 
+CSQ: 3,99

OK

>> Read response urc, len = 20, content : 
+CSQ: 3,99

OK

>> Read response urc, len = 20, content : 
+CSQ: 3,99

OK

>> Read response urc, len = 20, content : 
+CSQ: 3,99

OK

>> Read response urc, len = 21, content : 
+CEREG: 0,1

OK

>> Read response urc, len = 104, content : 
+QENG: "servingcell","NOCONN","LTE","FDD",460,00,D17C148,496,1850,3,5,5,272D,-101,-6,-75,23,18

OK

2026-08-18 22:40:21.567 [INFO] [0martery_product_main (main.c:398) - [HEARTBEAT] OPER:SIMNET 46000 cereg=1 cellid=D17C148 pci=496 tac=272D rsrp=-101dBm rsrq=-6dB ifname=(none) ip=0.0.0.0 rx_packets=0
>> Read response urc, len = 20, content : 
+CSQ: 3,99

OK

>> Read response urc, len = 20, content : 
+CSQ: 3,99

OK

>> Read response urc, len = 20, content : 
+CSQ: 3,99

OK

>> Read response urc, len = 20, content : 
+CSQ: 3,99

OK

2026-08-18 22:40:21.778 [INFO] [0martery_product_main (main.c:371) - [HEARTBEAT] state=wait_for_connect csq=3 SRV:2 RAT:LTE DENY:0 RSRP:-115 RSRQ:-19 SNR:-20 RSSI:-100 tcp_fail=0 rl_fail=0
>> Read response urc, len = 20, content : 
+CSQ: 3,99

OK

2026-08-18 22:40:21.832 [INFO] [0mdail_stop_data_call (dial.c:364) - the profile index 1 stop data call success
>> Read response urc, len = 30, content : 
+COPS: 0,2,"46000",7

OK

2026-08-18 22:40:21.837 [INFO] [0mdial_task (dial.c:1290) - [OPER] !is_oper_select dial timeout: AT+COPS=0 (back to auto), Ret:
+COPS: 0,2,"46000",7

OK

2026-08-18 22:40:21.837 [ERROR] [0mdial_task (dial.c:1295) - dial time out, redial from :reg check
2026-08-18 22:40:21.847 [INFO] [0mdial_task (dial.c:918) - state: wait_for_connect -> reg_check
2026-08-18 22:40:21.860 [INFO] [0mdial_task (dial.c:918) - state: reg_check -> cereg_check
>> Read response urc, len = 21, content : 
+CEREG: 0,1

OK

2026-08-18 22:40:21.879 [INFO] [0mdial_task (dial.c:918) - state: cereg_check -> precondition_check
>> Read response urc, len = 20, content : 
+CSQ: 3,99

OK

2026-08-18 22:40:21.890 [INFO] [0mdial_task (dial.c:918) - state: precondition_check -> pre_start_call
2026-08-18 22:40:21.890 [INFO] [0mapn_set (apn.c:246) - apn set with profile_idx: 1, apn_name: , username: , password: 
2026-08-18 22:40:21.890 [INFO] [0mdial_task (dial.c:1126) - [APN] selected: apn="(empty=网络默认)" profile=1 is_oper_select=0 (iccid-match="(none/default)")
2026-08-18 22:40:21.912 [INFO] [0mdial_task (dial.c:918) - state: pre_start_call -> start_call
2026-08-18 22:40:21.923 [INFO] [0mdial_task (dial.c:918) - state: start_call -> wait_for_connect
>> Read response urc, len = 20, content : 
+CSQ: 3,99

OK

>> Read response urc, len = 20, content : 
+CSQ: 3,99

OK

>> Read response urc, len = 20, content : 
+CSQ: 3,99

OK

>> Read response urc, len = 20, content : 
+CSQ: 3,99

OK

>> Read response urc, len = 20, content : 
+CSQ: 3,99

OK

>> Read response urc, len = 20, content : 
+CSQ: 3,99

OK

>> Read response urc, len = 20, content : 
+CSQ: 3,99

OK

>> Read response urc, len = 20, content : 
+CSQ: 3,99

OK

>> Read response urc, len = 20, content : 
+CSQ: 3,99

OK

>> Read response urc, len = 20, content : 
+CSQ: 3,99

OK

2026-08-18 22:42:01.408 [INFO] [0martery_product_main (main.c:371) - [HEARTBEAT] state=wait_for_connect csq=3 SRV:2 RAT:LTE DENY:0 RSRP:-115 RSRQ:-19 SNR:-20 RSSI:-100 tcp_fail=0 rl_fail=0
>> Read response urc, len = 20, content : 
+CSQ: 3,99

OK

>> Read response urc, len = 20, content : 
+CSQ: 3,99

OK

2026-08-18 22:42:01.545 [INFO] [0mdail_stop_data_call (dial.c:364) - the profile index 1 stop data call success
>> Read response urc, len = 30, content : 
+COPS: 0,2,"46000",7

OK

2026-08-18 22:42:01.548 [INFO] [0mdial_task (dial.c:1290) - [OPER] !is_oper_select dial timeout: AT+COPS=0 (back to auto), Ret:
+COPS: 0,2,"46000",7

OK

2026-08-18 22:42:01.548 [ERROR] [0mdial_task (dial.c:1295) - dial time out, redial from :reg check
2026-08-18 22:42:01.566 [INFO] [0mdial_task (dial.c:918) - state: wait_for_connect -> reg_check
>> Read response urc, len = 20, content : 
+CSQ: 3,99

OK

2026-08-18 22:42:01.576 [INFO] [0mdial_task (dial.c:918) - state: reg_check -> cereg_check
>> Read response urc, len = 21, content : 
+CEREG: 0,1

OK

2026-08-18 22:42:01.614 [INFO] [0mdial_task (dial.c:918) - state: cereg_check -> precondition_check
>> Read response urc, len = 20, content : 
+CSQ: 3,99

OK

2026-08-18 22:42:01.630 [INFO] [0mdial_task (dial.c:918) - state: precondition_check -> pre_start_call
2026-08-18 22:42:01.630 [INFO] [0mapn_set (apn.c:246) - apn set with profile_idx: 1, apn_name: , username: , password: 
2026-08-18 22:42:01.630 [INFO] [0mdial_task (dial.c:1126) - [APN] selected: apn="(empty=网络默认)" profile=1 is_oper_select=0 (iccid-match="(none/default)")
2026-08-18 22:42:01.658 [INFO] [0mdial_task (dial.c:918) - state: pre_start_call -> start_call
2026-08-18 22:42:01.668 [INFO] [0mdial_task (dial.c:918) - state: start_call -> wait_for_connect
>> Read response urc, len = 20, content : 
+CSQ: 3,99

OK

>> Read response urc, len = 20, content : 
+CSQ: 3,99

OK

>> Read response urc, len = 20, content : 
+CSQ: 3,99

OK

>> Read response urc, len = 20, content : 
+CSQ: 3,99

OK

>> Read response urc, len = 20, content : 
+CSQ: 3,99

OK

>> Read response urc, len = 20, content : 
+CSQ: 3,99

OK

>> Read response urc, len = 20, content : 
+CSQ: 3,99

OK

>> Read response urc, len = 20, content : 
+CSQ: 3,99

OK

2026-08-18 22:43:41.048 [INFO] [0martery_product_main (main.c:371) - [HEARTBEAT] state=wait_for_connect csq=3 SRV:2 RAT:LTE DENY:0 RSRP:-115 RSRQ:-19 SNR:-20 RSSI:-100 tcp_fail=0 rl_fail=0
>> Read response urc, len = 20, content : 
+CSQ: 3,99

OK

>> Read response urc, len = 20, content : 
+CSQ: 3,99

OK

>> Read response urc, len = 20, content : 
+CSQ: 3,99

OK

>> Read response urc, len = 20, content : 
+CSQ: 3,99

OK

2026-08-18 22:43:41.272 [INFO] [0mdail_stop_data_call (dial.c:364) - the profile index 1 stop data call success
>> Read response urc, len = 30, content : 
+COPS: 0,2,"46000",7

OK

2026-08-18 22:43:41.274 [INFO] [0mdial_task (dial.c:1290) - [OPER] !is_oper_select dial timeout: AT+COPS=0 (back to auto), Ret:
+COPS: 0,2,"46000",7

OK

2026-08-18 22:43:41.274 [ERROR] [0mdial_task (dial.c:1295) - dial time out, redial from :reg check
2026-08-18 22:43:41.285 [INFO] [0mdial_task (dial.c:918) - state: wait_for_connect -> reg_check
2026-08-18 22:43:41.296 [INFO] [0mdial_task (dial.c:918) - state: reg_check -> cereg_check
>> Read response urc, len = 21, content : 
+CEREG: 0,1

OK

2026-08-18 22:43:41.308 [INFO] [0mdial_task (dial.c:918) - state: cereg_check -> precondition_check
>> Read response urc, len = 20, content : 
+CSQ: 3,99

OK

2026-08-18 22:43:41.320 [INFO] [0mdial_task (dial.c:918) - state: precondition_check -> pre_start_call
2026-08-18 22:43:41.320 [INFO] [0mapn_set (apn.c:246) - apn set with profile_idx: 1, apn_name: , username: , password: 
2026-08-18 22:43:41.320 [INFO] [0mdial_task (dial.c:1126) - [APN] selected: apn="(empty=网络默认)" profile=1 is_oper_select=0 (iccid-match="(none/default)")
2026-08-18 22:43:41.343 [INFO] [0mdial_task (dial.c:918) - state: pre_start_call -> start_call
2026-08-18 22:43:41.355 [INFO] [0mdial_task (dial.c:918) - state: start_call -> wait_for_connect
>> Read response urc, len = 20, content : 
+CSQ: 3,99

OK

>> Read response urc, len = 20, content : 
+CSQ: 3,99

OK

>> Read response urc, len = 20, content : 
+CSQ: 3,99

OK

>> Read response urc, len = 20, content : 
+CSQ: 3,99

OK

>> Read response urc, len = 20, content : 
+CSQ: 3,99

OK

>> Read response urc, len = 20, content : 
+CSQ: 3,99

OK

>> Read response urc, len = 20, content : 
+CSQ: 3,99

OK

2026-08-18 22:43:41.684 [INFO] [0martery_product_main (main.c:371) - [HEARTBEAT] state=wait_for_connect csq=3 SRV:2 RAT:LTE DENY:0 RSRP:-115 RSRQ:-19 SNR:-20 RSSI:-100 tcp_fail=0 rl_fail=0
>> Read response urc, len = 20, content : 
+CSQ: 3,99

OK

>> Read response urc, len = 20, content : 
+CSQ: 3,99

OK

>> Read response urc, len = 20, content : 
+CSQ: 3,99

OK

>> Read response urc, len = 20, content : 
+CSQ: 3,99

OK

>> Read response urc, len = 20, content : 
+CSQ: 3,99

OK

2026-08-18 22:43:41.962 [INFO] [0mdail_stop_data_call (dial.c:364) - the profile index 1 stop data call success
>> Read response urc, len = 30, content : 
+COPS: 0,2,"46000",7

OK

2026-08-18 22:43:41.963 [INFO] [0mdial_task (dial.c:1290) - [OPER] !is_oper_select dial timeout: AT+COPS=0 (back to auto), Ret:
+COPS: 0,2,"46000",7

OK

2026-08-18 22:43:41.966 [ERROR] [0mdial_task (dial.c:1295) - dial time out, redial from :reg check
2026-08-18 22:43:41.976 [INFO] [0mdial_task (dial.c:918) - state: wait_for_connect -> reg_check
2026-08-18 22:43:41.987 [INFO] [0mdial_task (dial.c:918) - state: reg_check -> cereg_check
>> Read response urc, len = 21, content : 
+CEREG: 0,1

OK

>> Read response urc, len = 20, content : 
+CSQ: 3,99

OK

2026-08-18 22:43:41.998 [INFO] [0mdial_task (dial.c:918) - state: cereg_check -> precondition_check
2026-08-18 22:45:21.008 [INFO] [0mdial_task (dial.c:918) - state: precondition_check -> pre_start_call
2026-08-18 22:45:21.008 [INFO] [0mapn_set (apn.c:246) - apn set with profile_idx: 1, apn_name: , username: , password: 
2026-08-18 22:45:21.008 [INFO] [0mdial_task (dial.c:1126) - [APN] selected: apn="(empty=网络默认)" profile=1 is_oper_select=0 (iccid-match="(none/default)")
2026-08-18 22:45:21.029 [INFO] [0mdial_task (dial.c:918) - state: pre_start_call -> start_call
>> Read response urc, len = 20, content : 
+CSQ: 3,99

OK

2026-08-18 22:45:21.049 [INFO] [0mdial_task (dial.c:918) - state: start_call -> wait_for_connect
>> Read response urc, len = 20, content : 
+CSQ: 3,99

OK

>> Read response urc, len = 20, content : 
+CSQ: 3,99

OK

>> Read response urc, len = 20, content : 
+CSQ: 3,99

OK

>> Read response urc, len = 20, content : 
+CSQ: 3,99

OK

>> Read response urc, len = 20, content : 
+CSQ: 3,99

OK

2026-08-18 22:45:21.321 [INFO] [0martery_product_main (main.c:371) - [HEARTBEAT] state=wait_for_connect csq=3 SRV:2 RAT:LTE DENY:0 RSRP:-115 RSRQ:-19 SNR:-20 RSSI:-100 tcp_fail=0 rl_fail=0
