>> Read response urc, len = 6, content : 
OK

>> Read response urc, len = 6, content : 
OK

>> Read response urc, len = 45, content : 
EG25GGBR07A08M2G_OCPU_30.200.30.200

OK

2026-07-17 17:26:49.734 [ERROR] [0mroamlink_probe (roamlink.c:68) - roamlink: RBMaster not found at /usrdata/roamlink/RBMaster -> NO_PACKAGE
2026-07-17 17:26:49.824 [ERROR] [0mdial_task (dial.c:1056) - Dial_st: dial_stat_reg_check failed
2026-07-17 17:26:49.874 [ERROR] [0mdial_task (dial.c:1056) - Dial_st: dial_stat_reg_check failed
2026-07-17 17:26:49.925 [ERROR] [0mdial_task (dial.c:1056) - Dial_st: dial_stat_reg_check failed
2026-07-17 17:26:49.976 [ERROR] [0mdial_task (dial.c:1056) - Dial_st: dial_stat_reg_check failed
2026-07-17 17:27:49.027 [ERROR] [0mdial_task (dial.c:1056) - Dial_st: dial_stat_reg_check failed
2026-07-17 17:27:49.078 [ERROR] [0mdial_task (dial.c:1056) - Dial_st: dial_stat_reg_check failed
2026-07-17 17:27:49.128 [ERROR] [0mdial_task (dial.c:1056) - Dial_st: dial_stat_reg_check failed
2026-07-17 17:27:49.179 [ERROR] [0mdial_task (dial.c:1056) - Dial_st: dial_stat_reg_check failed
2026-07-17 17:27:49.230 [ERROR] [0mdial_task (dial.c:1056) - Dial_st: dial_stat_reg_check failed
2026-07-17 17:27:49.285 [ERROR] [0mdial_task (dial.c:1056) - Dial_st: dial_stat_reg_check failed
2026-07-17 17:27:49.338 [ERROR] [0mdial_task (dial.c:1056) - Dial_st: dial_stat_reg_check failed
2026-07-17 17:27:49.389 [ERROR] [0mdial_task (dial.c:1056) - Dial_st: dial_stat_reg_check failed
2026-07-17 17:27:49.440 [ERROR] [0mdial_task (dial.c:1056) - Dial_st: dial_stat_reg_check failed
2026-07-17 17:27:49.490 [ERROR] [0mdial_task (dial.c:1056) - Dial_st: dial_stat_reg_check failed
2026-07-17 17:27:49.543 [ERROR] [0mdial_task (dial.c:1056) - Dial_st: dial_stat_reg_check failed
2026-07-17 17:27:49.594 [ERROR] [0mdial_task (dial.c:1056) - Dial_st: dial_stat_reg_check failed
2026-07-17 17:27:49.645 [ERROR] [0mdial_task (dial.c:1056) - Dial_st: dial_stat_reg_check failed
2026-07-17 17:27:49.696 [ERROR] [0mdial_task (dial.c:1056) - Dial_st: dial_stat_reg_check failed
2026-07-17 17:27:49.748 [ERROR] [0mdial_task (dial.c:1056) - Dial_st: dial_stat_reg_check failed
2026-07-17 17:27:49.803 [ERROR] [0mdial_task (dial.c:1056) - Dial_st: dial_stat_reg_check failed
2026-07-17 17:27:49.854 [ERROR] [0mdial_task (dial.c:1056) - Dial_st: dial_stat_reg_check failed
2026-07-17 17:27:49.905 [ERROR] [0mdial_task (dial.c:1056) - Dial_st: dial_stat_reg_check failed
2026-07-17 17:27:49.956 [ERROR] [0mdial_task (dial.c:1056) - Dial_st: dial_stat_reg_check failed
2026-07-17 17:28:49.007 [ERROR] [0mdial_task (dial.c:1056) - Dial_st: dial_stat_reg_check failed
2026-07-17 17:28:49.057 [ERROR] [0mdial_task (dial.c:1056) - Dial_st: dial_stat_reg_check failed
2026-07-17 17:28:49.108 [ERROR] [0mdial_task (dial.c:1056) - Dial_st: dial_stat_reg_check failed
2026-07-17 17:28:49.159 [ERROR] [0mdial_task (dial.c:1056) - Dial_st: dial_stat_reg_check failed
2026-07-17 17:28:49.211 [ERROR] [0mdial_task (dial.c:1056) - Dial_st: dial_stat_reg_check failed
2026-07-17 17:28:49.262 [ERROR] [0mdial_task (dial.c:1056) - Dial_st: dial_stat_reg_check failed
2026-07-17 17:28:49.317 [ERROR] [0mdial_task (dial.c:1056) - Dial_st: dial_stat_reg_check failed
2026-07-17 17:28:49.370 [ERROR] [0mdial_task (dial.c:1056) - Dial_st: dial_stat_reg_check failed
2026-07-17 17:28:49.420 [ERROR] [0mdial_task (dial.c:1056) - Dial_st: dial_stat_reg_check failed
2026-07-17 17:28:49.471 [ERROR] [0mdial_task (dial.c:1056) - Dial_st: dial_stat_reg_check failed
2026-07-17 17:28:49.523 [ERROR] [0mdial_task (dial.c:1056) - Dial_st: dial_stat_reg_check failed
2026-07-17 17:28:49.573 [ERROR] [0mdial_task (dial.c:1056) - Dial_st: dial_stat_reg_check failed
2026-07-17 17:28:49.623 [ERROR] [0mdial_task (dial.c:1056) - Dial_st: dial_stat_reg_check failed
2026-07-17 17:28:49.677 [ERROR] [0mdial_task (dial.c:1056) - Dial_st: dial_stat_reg_check failed
2026-07-17 17:28:49.730 [ERROR] [0mdial_task (dial.c:1056) - Dial_st: dial_stat_reg_check failed
2026-07-17 17:28:49.781 [ERROR] [0mdial_task (dial.c:1056) - Dial_st: dial_stat_reg_check failed
2026-07-17 17:28:49.838 [ERROR] [0mdial_task (dial.c:1056) - Dial_st: dial_stat_reg_check failed
2026-07-17 17:28:49.889 [ERROR] [0mdial_task (dial.c:1056) - Dial_st: dial_stat_reg_check failed
2026-07-17 17:28:49.940 [ERROR] [0mdial_task (dial.c:1056) - Dial_st: dial_stat_reg_check failed
2026-07-17 17:28:49.991 [ERROR] [0mdial_task (dial.c:1056) - Dial_st: dial_stat_reg_check failed
2026-07-17 17:29:49.041 [ERROR] [0mdial_task (dial.c:1056) - Dial_st: dial_stat_reg_check failed
2026-07-17 17:29:49.092 [ERROR] [0mdial_task (dial.c:1056) - Dial_st: dial_stat_reg_check failed
2026-07-17 17:29:49.143 [ERROR] [0mdial_task (dial.c:1056) - Dial_st: dial_stat_reg_check failed
2026-07-17 17:29:49.194 [ERROR] [0mdial_task (dial.c:1056) - Dial_st: dial_stat_reg_check failed
2026-07-17 17:29:49.244 [ERROR] [0mdial_task (dial.c:1056) - Dial_st: dial_stat_reg_check failed
2026-07-17 17:29:49.295 [ERROR] [0mdial_task (dial.c:1056) - Dial_st: dial_stat_reg_check failed
2026-07-17 17:29:49.349 [ERROR] [0mdial_task (dial.c:1056) - Dial_st: dial_stat_reg_check failed
2026-07-17 17:29:49.400 [ERROR] [0mdial_task (dial.c:1056) - Dial_st: dial_stat_reg_check failed
2026-07-17 17:29:49.467 [ERROR] [0mdial_task (dial.c:1056) - Dial_st: dial_stat_reg_check failed
2026-07-17 17:29:49.518 [ERROR] [0mdial_task (dial.c:1056) - Dial_st: dial_stat_reg_check failed
2026-07-17 17:29:49.581 [ERROR] [0mdial_task (dial.c:1056) - Dial_st: dial_stat_reg_check failed
2026-07-17 17:29:49.632 [ERROR] [0mdial_task (dial.c:1056) - Dial_st: dial_stat_reg_check failed
2026-07-17 17:29:49.690 [ERROR] [0mdial_task (dial.c:1056) - Dial_st: dial_stat_reg_check failed
2026-07-17 17:29:49.743 [ERROR] [0mdial_task (dial.c:1056) - Dial_st: dial_stat_reg_check failed
2026-07-17 17:29:49.796 [ERROR] [0mdial_task (dial.c:1056) - Dial_st: dial_stat_reg_check failed
2026-07-17 17:29:49.851 [ERROR] [0mdial_task (dial.c:1056) - Dial_st: dial_stat_reg_check failed
2026-07-17 17:29:49.902 [ERROR] [0mdial_task (dial.c:1056) - Dial_st: dial_stat_reg_check failed
2026-07-17 17:29:49.953 [ERROR] [0mdial_task (dial.c:1056) - Dial_st: dial_stat_reg_check failed
2026-07-17 17:30:49.004 [ERROR] [0mdial_task (dial.c:1056) - Dial_st: dial_stat_reg_check failed
2026-07-17 17:30:49.056 [ERROR] [0mdial_task (dial.c:1056) - Dial_st: dial_stat_reg_check failed
2026-07-17 17:30:49.106 [ERROR] [0mdial_task (dial.c:1056) - Dial_st: dial_stat_reg_check failed
2026-07-17 17:30:49.165 [ERROR] [0mdial_task (dial.c:1056) - Dial_st: dial_stat_reg_check failed
2026-07-17 17:30:49.216 [ERROR] [0mdial_task (dial.c:1056) - Dial_st: dial_stat_reg_check failed
2026-07-17 17:30:49.269 [ERROR] [0mdial_task (dial.c:1056) - Dial_st: dial_stat_reg_check failed
2026-07-17 17:30:49.327 [ERROR] [0mdial_task (dial.c:1056) - Dial_st: dial_stat_reg_check failed
2026-07-17 17:30:49.386 [ERROR] [0mdial_task (dial.c:1056) - Dial_st: dial_stat_reg_check failed
2026-07-17 17:30:49.448 [ERROR] [0mdial_task (dial.c:1056) - Dial_st: dial_stat_reg_check failed
2026-07-17 17:30:49.498 [ERROR] [0mdial_task (dial.c:1056) - Dial_st: dial_stat_reg_check failed
2026-07-17 17:30:49.558 [ERROR] [0mdial_task (dial.c:1056) - Dial_st: dial_stat_reg_check failed
2026-07-17 17:30:49.609 [ERROR] [0mdial_task (dial.c:1056) - Dial_st: dial_stat_reg_check failed
2026-07-17 17:30:49.662 [ERROR] [0mdial_task (dial.c:1056) - Dial_st: dial_stat_reg_check failed
2026-07-17 17:30:49.717 [ERROR] [0mdial_task (dial.c:1056) - Dial_st: dial_stat_reg_check failed
2026-07-17 17:30:49.767 [ERROR] [0mdial_task (dial.c:1056) - Dial_st: dial_stat_reg_check failed
2026-07-17 17:30:49.819 [ERROR] [0mdial_task (dial.c:1056) - Dial_st: dial_stat_reg_check failed
2026-07-17 17:30:49.870 [ERROR] [0mdial_task (dial.c:1056) - Dial_st: dial_stat_reg_check failed
2026-07-17 17:30:49.926 [ERROR] [0mdial_task (dial.c:1056) - Dial_st: dial_stat_reg_check failed
2026-07-17 17:30:49.977 [ERROR] [0mdial_task (dial.c:1056) - Dial_st: dial_stat_reg_check failed
2026-07-17 17:31:49.027 [ERROR] [0mdial_task (dial.c:1056) - Dial_st: dial_stat_reg_check failed
2026-07-17 17:31:49.078 [ERROR] [0mdial_task (dial.c:1056) - Dial_st: dial_stat_reg_check failed
2026-07-17 17:31:49.131 [ERROR] [0mdial_task (dial.c:1056) - Dial_st: dial_stat_reg_check failed
2026-07-17 17:31:49.181 [ERROR] [0mdial_task (dial.c:1056) - Dial_st: dial_stat_reg_check failed
2026-07-17 17:31:49.232 [ERROR] [0mdial_task (dial.c:1056) - Dial_st: dial_stat_reg_check failed
2026-07-17 17:31:49.283 [ERROR] [0mdial_task (dial.c:1056) - Dial_st: dial_stat_reg_check failed
2026-07-17 17:31:49.333 [ERROR] [0mdial_task (dial.c:1056) - Dial_st: dial_stat_reg_check failed
2026-07-17 17:31:49.384 [ERROR] [0mdial_task (dial.c:1056) - Dial_st: dial_stat_reg_check failed
2026-07-17 17:31:49.441 [ERROR] [0mdial_task (dial.c:1056) - Dial_st: dial_stat_reg_check failed
2026-07-17 17:31:49.493 [ERROR] [0mdial_task (dial.c:1056) - Dial_st: dial_stat_reg_check failed
2026-07-17 17:31:49.544 [ERROR] [0mdial_task (dial.c:1056) - Dial_st: dial_stat_reg_check failed
2026-07-17 17:31:49.601 [ERROR] [0mdial_task (dial.c:1056) - Dial_st: dial_stat_reg_check failed
2026-07-17 17:31:49.655 [ERROR] [0mdial_task (dial.c:1056) - Dial_st: dial_stat_reg_check failed
2026-07-17 17:31:49.706 [ERROR] [0mdial_task (dial.c:1056) - Dial_st: dial_stat_reg_check failed
2026-07-17 17:31:49.758 [ERROR] [0mdial_task (dial.c:1056) - Dial_st: dial_stat_reg_check failed
2026-07-17 17:31:49.809 [ERROR] [0mdial_task (dial.c:1056) - Dial_st: dial_stat_reg_check failed
2026-07-17 17:31:49.872 [ERROR] [0mdial_task (dial.c:1056) - Dial_st: dial_stat_reg_check failed
2026-07-17 17:31:49.872 [ERROR] [0mdial_task (dial.c:1062) - reg_check timeout (300s), policy=4
2026-07-17 17:31:49.872 [ERROR] [0mdial_task (dial.c:2070) - reg timeout: policy=4, cfun reset and retry
>> Read response urc, len = 30, content : 
+COPS: 0,2,"46000",7

OK

>> Read response urc, len = 6, content : 
OK

2026-07-17 17:32:49.020 [ERROR] [0mdial_task (dial.c:1646) - dial_stat_start_cfun
>> Read response urc, len = 6, content : 
OK

2026-07-17 17:32:49.173 [ERROR] [0mdial_task (dial.c:1056) - Dial_st: dial_stat_reg_check failed
2026-07-17 17:32:49.224 [ERROR] [0mdial_task (dial.c:1056) - Dial_st: dial_stat_reg_check failed
2026-07-17 17:32:49.274 [ERROR] [0mdial_task (dial.c:1056) - Dial_st: dial_stat_reg_check failed
2026-07-17 17:32:49.327 [ERROR] [0mdial_task (dial.c:1056) - Dial_st: dial_stat_reg_check failed
2026-07-17 17:32:49.378 [ERROR] [0mdial_task (dial.c:1056) - Dial_st: dial_stat_reg_check failed
2026-07-17 17:32:49.428 [ERROR] [0mdial_task (dial.c:1056) - Dial_st: dial_stat_reg_check failed
2026-07-17 17:32:49.480 [ERROR] [0mdial_task (dial.c:1056) - Dial_st: dial_stat_reg_check failed
2026-07-17 17:32:49.539 [ERROR] [0mdial_task (dial.c:1056) - Dial_st: dial_stat_reg_check failed
2026-07-17 17:32:49.595 [ERROR] [0mdial_task (dial.c:1056) - Dial_st: dial_stat_reg_check failed
2026-07-17 17:32:49.646 [ERROR] [0mdial_task (dial.c:1056) - Dial_st: dial_stat_reg_check failed
2026-07-17 17:32:49.697 [ERROR] [0mdial_task (dial.c:1056) - Dial_st: dial_stat_reg_check failed
2026-07-17 17:32:49.747 [ERROR] [0mdial_task (dial.c:1056) - Dial_st: dial_stat_reg_check failed
2026-07-17 17:32:49.798 [ERROR] [0mdial_task (dial.c:1056) - Dial_st: dial_stat_reg_check failed
2026-07-17 17:32:49.848 [ERROR] [0mdial_task (dial.c:1056) - Dial_st: dial_stat_reg_check failed
2026-07-17 17:32:49.900 [ERROR] [0mdial_task (dial.c:1056) - Dial_st: dial_stat_reg_check failed
2026-07-17 17:32:49.951 [ERROR] [0mdial_task (dial.c:1056) - Dial_st: dial_stat_reg_check failed
2026-07-17 17:33:49.001 [ERROR] [0mdial_task (dial.c:1056) - Dial_st: dial_stat_reg_check failed
2026-07-17 17:33:49.057 [ERROR] [0mdial_task (dial.c:1056) - Dial_st: dial_stat_reg_check failed
2026-07-17 17:33:49.108 [ERROR] [0mdial_task (dial.c:1056) - Dial_st: dial_stat_reg_check failed
2026-07-17 17:33:49.158 [ERROR] [0mdial_task (dial.c:1056) - Dial_st: dial_stat_reg_check failed
2026-07-17 17:33:49.209 [ERROR] [0mdial_task (dial.c:1056) - Dial_st: dial_stat_reg_check failed
2026-07-17 17:33:49.260 [ERROR] [0mdial_task (dial.c:1056) - Dial_st: dial_stat_reg_check failed
2026-07-17 17:33:49.311 [ERROR] [0mdial_task (dial.c:1056) - Dial_st: dial_stat_reg_check failed
2026-07-17 17:33:49.362 [ERROR] [0mdial_task (dial.c:1056) - Dial_st: dial_stat_reg_check failed
2026-07-17 17:33:49.412 [ERROR] [0mdial_task (dial.c:1056) - Dial_st: dial_stat_reg_check failed
2026-07-17 17:33:49.463 [ERROR] [0mdial_task (dial.c:1056) - Dial_st: dial_stat_reg_check failed
2026-07-17 17:33:49.514 [ERROR] [0mdial_task (dial.c:1056) - Dial_st: dial_stat_reg_check failed
2026-07-17 17:33:49.569 [ERROR] [0mdial_task (dial.c:1056) - Dial_st: dial_stat_reg_check failed
2026-07-17 17:33:49.620 [ERROR] [0mdial_task (dial.c:1056) - Dial_st: dial_stat_reg_check failed
2026-07-17 17:33:49.670 [ERROR] [0mdial_task (dial.c:1056) - Dial_st: dial_stat_reg_check failed
2026-07-17 17:33:49.721 [ERROR] [0mdial_task (dial.c:1056) - Dial_st: dial_stat_reg_check failed
2026-07-17 17:33:49.772 [ERROR] [0mdial_task (dial.c:1056) - Dial_st: dial_stat_reg_check failed
2026-07-17 17:33:49.823 [ERROR] [0mdial_task (dial.c:1056) - Dial_st: dial_stat_reg_check failed
2026-07-17 17:33:49.874 [ERROR] [0mdial_task (dial.c:1056) - Dial_st: dial_stat_reg_check failed
2026-07-17 17:33:49.925 [ERROR] [0mdial_task (dial.c:1056) - Dial_st: dial_stat_reg_check failed
2026-07-17 17:33:49.978 [ERROR] [0mdial_task (dial.c:1056) - Dial_st: dial_stat_reg_check failed
2026-07-17 17:34:49.029 [ERROR] [0mdial_task (dial.c:1056) - Dial_st: dial_stat_reg_check failed
2026-07-17 17:34:49.083 [ERROR] [0mdial_task (dial.c:1056) - Dial_st: dial_stat_reg_check failed
2026-07-17 17:34:49.134 [ERROR] [0mdial_task (dial.c:1056) - Dial_st: dial_stat_reg_check failed
2026-07-17 17:34:49.184 [ERROR] [0mdial_task (dial.c:1056) - Dial_st: dial_stat_reg_check failed
2026-07-17 17:34:49.235 [ERROR] [0mdial_task (dial.c:1056) - Dial_st: dial_stat_reg_check failed
2026-07-17 17:34:49.286 [ERROR] [0mdial_task (dial.c:1056) - Dial_st: dial_stat_reg_check failed
2026-07-17 17:34:49.338 [ERROR] [0mdial_task (dial.c:1056) - Dial_st: dial_stat_reg_check failed
2026-07-17 17:34:49.388 [ERROR] [0mdial_task (dial.c:1056) - Dial_st: dial_stat_reg_check failed
2026-07-17 17:34:49.439 [ERROR] [0mdial_task (dial.c:1056) - Dial_st: dial_stat_reg_check failed
2026-07-17 17:34:49.490 [ERROR] [0mdial_task (dial.c:1056) - Dial_st: dial_stat_reg_check failed
2026-07-17 17:34:49.541 [ERROR] [0mdial_task (dial.c:1056) - Dial_st: dial_stat_reg_check failed
2026-07-17 17:34:49.595 [ERROR] [0mdial_task (dial.c:1056) - Dial_st: dial_stat_reg_check failed
2026-07-17 17:34:49.646 [ERROR] [0mdial_task (dial.c:1056) - Dial_st: dial_stat_reg_check failed
2026-07-17 17:34:49.697 [ERROR] [0mdial_task (dial.c:1056) - Dial_st: dial_stat_reg_check failed
2026-07-17 17:34:49.747 [ERROR] [0mdial_task (dial.c:1056) - Dial_st: dial_stat_reg_check failed
2026-07-17 17:34:49.798 [ERROR] [0mdial_task (dial.c:1056) - Dial_st: dial_stat_reg_check failed
2026-07-17 17:34:49.849 [ERROR] [0mdial_task (dial.c:1056) - Dial_st: dial_stat_reg_check failed
2026-07-17 17:34:49.899 [ERROR] [0mdial_task (dial.c:1056) - Dial_st: dial_stat_reg_check failed
2026-07-17 17:34:49.950 [ERROR] [0mdial_task (dial.c:1056) - Dial_st: dial_stat_reg_check failed
2026-07-17 17:35:49.001 [ERROR] [0mdial_task (dial.c:1056) - Dial_st: dial_stat_reg_check failed
2026-07-17 17:35:49.052 [ERROR] [0mdial_task (dial.c:1056) - Dial_st: dial_stat_reg_check failed
2026-07-17 17:35:49.107 [ERROR] [0mdial_task (dial.c:1056) - Dial_st: dial_stat_reg_check failed
2026-07-17 17:35:49.158 [ERROR] [0mdial_task (dial.c:1056) - Dial_st: dial_stat_reg_check failed
2026-07-17 17:35:49.209 [ERROR] [0mdial_task (dial.c:1056) - Dial_st: dial_stat_reg_check failed
2026-07-17 17:35:49.259 [ERROR] [0mdial_task (dial.c:1056) - Dial_st: dial_stat_reg_check failed
2026-07-17 17:35:49.311 [ERROR] [0mdial_task (dial.c:1056) - Dial_st: dial_stat_reg_check failed
2026-07-17 17:35:49.362 [ERROR] [0mdial_task (dial.c:1056) - Dial_st: dial_stat_reg_check failed
2026-07-17 17:35:49.412 [ERROR] [0mdial_task (dial.c:1056) - Dial_st: dial_stat_reg_check failed
2026-07-17 17:35:49.465 [ERROR] [0mdial_task (dial.c:1056) - Dial_st: dial_stat_reg_check failed
2026-07-17 17:35:49.516 [ERROR] [0mdial_task (dial.c:1056) - Dial_st: dial_stat_reg_check failed
2026-07-17 17:35:49.567 [ERROR] [0mdial_task (dial.c:1056) - Dial_st: dial_stat_reg_check failed
2026-07-17 17:35:49.624 [ERROR] [0mdial_task (dial.c:1056) - Dial_st: dial_stat_reg_check failed
2026-07-17 17:35:49.675 [ERROR] [0mdial_task (dial.c:1056) - Dial_st: dial_stat_reg_check failed
2026-07-17 17:35:49.728 [ERROR] [0mdial_task (dial.c:1056) - Dial_st: dial_stat_reg_check failed
2026-07-17 17:35:49.779 [ERROR] [0mdial_task (dial.c:1056) - Dial_st: dial_stat_reg_check failed
2026-07-17 17:35:49.829 [ERROR] [0mdial_task (dial.c:1056) - Dial_st: dial_stat_reg_check failed
2026-07-17 17:35:49.880 [ERROR] [0mdial_task (dial.c:1056) - Dial_st: dial_stat_reg_check failed
2026-07-17 17:35:49.931 [ERROR] [0mdial_task (dial.c:1056) - Dial_st: dial_stat_reg_check failed
2026-07-17 17:35:49.981 [ERROR] [0mdial_task (dial.c:1056) - Dial_st: dial_stat_reg_check failed
2026-07-17 17:36:49.032 [ERROR] [0mdial_task (dial.c:1056) - Dial_st: dial_stat_reg_check failed
2026-07-17 17:36:49.084 [ERROR] [0mdial_task (dial.c:1056) - Dial_st: dial_stat_reg_check failed
2026-07-17 17:36:49.145 [ERROR] [0mdial_task (dial.c:1056) - Dial_st: dial_stat_reg_check failed
2026-07-17 17:36:49.196 [ERROR] [0mdial_task (dial.c:1056) - Dial_st: dial_stat_reg_check failed
2026-07-17 17:36:49.247 [ERROR] [0mdial_task (dial.c:1056) - Dial_st: dial_stat_reg_check failed
2026-07-17 17:36:49.298 [ERROR] [0mdial_task (dial.c:1056) - Dial_st: dial_stat_reg_check failed
2026-07-17 17:36:49.348 [ERROR] [0mdial_task (dial.c:1056) - Dial_st: dial_stat_reg_check failed
2026-07-17 17:36:49.399 [ERROR] [0mdial_task (dial.c:1056) - Dial_st: dial_stat_reg_check failed
2026-07-17 17:36:49.451 [ERROR] [0mdial_task (dial.c:1056) - Dial_st: dial_stat_reg_check failed
2026-07-17 17:36:49.502 [ERROR] [0mdial_task (dial.c:1056) - Dial_st: dial_stat_reg_check failed
2026-07-17 17:36:49.556 [ERROR] [0mdial_task (dial.c:1056) - Dial_st: dial_stat_reg_check failed
2026-07-17 17:36:49.606 [ERROR] [0mdial_task (dial.c:1056) - Dial_st: dial_stat_reg_check failed
2026-07-17 17:36:49.663 [ERROR] [0mdial_task (dial.c:1056) - Dial_st: dial_stat_reg_check failed
2026-07-17 17:36:49.713 [ERROR] [0mdial_task (dial.c:1056) - Dial_st: dial_stat_reg_check failed
